Archive member included to satisfy reference by file (symbol)

/opt/st/stm32cubeide_1.15.1/plugins/com.st.stm32cube.ide.mcu.externaltools.gnu-tools-for-stm32.12.3.rel1.linux64_1.0.100.202403111256/tools/bin/../lib/gcc/arm-none-eabi/12.3.1/../../../../arm-none-eabi/lib/thumb/v8-m.main+fp/hard/libc_nano.a(libc_a-exit.o)
                              /opt/st/stm32cubeide_1.15.1/plugins/com.st.stm32cube.ide.mcu.externaltools.gnu-tools-for-stm32.12.3.rel1.linux64_1.0.100.202403111256/tools/bin/../lib/gcc/arm-none-eabi/12.3.1/../../../../arm-none-eabi/lib/thumb/v8-m.main+fp/hard/crt0.o (exit)
/opt/st/stm32cubeide_1.15.1/plugins/com.st.stm32cube.ide.mcu.externaltools.gnu-tools-for-stm32.12.3.rel1.linux64_1.0.100.202403111256/tools/bin/../lib/gcc/arm-none-eabi/12.3.1/../../../../arm-none-eabi/lib/thumb/v8-m.main+fp/hard/libc_nano.a(libc_a-findfp.o)
                              /opt/st/stm32cubeide_1.15.1/plugins/com.st.stm32cube.ide.mcu.externaltools.gnu-tools-for-stm32.12.3.rel1.linux64_1.0.100.202403111256/tools/bin/../lib/gcc/arm-none-eabi/12.3.1/../../../../arm-none-eabi/lib/thumb/v8-m.main+fp/hard/libc_nano.a(libc_a-exit.o) (__stdio_exit_handler)
/opt/st/stm32cubeide_1.15.1/plugins/com.st.stm32cube.ide.mcu.externaltools.gnu-tools-for-stm32.12.3.rel1.linux64_1.0.100.202403111256/tools/bin/../lib/gcc/arm-none-eabi/12.3.1/../../../../arm-none-eabi/lib/thumb/v8-m.main+fp/hard/libc_nano.a(libc_a-fwalk.o)
                              /opt/st/stm32cubeide_1.15.1/plugins/com.st.stm32cube.ide.mcu.externaltools.gnu-tools-for-stm32.12.3.rel1.linux64_1.0.100.202403111256/tools/bin/../lib/gcc/arm-none-eabi/12.3.1/../../../../arm-none-eabi/lib/thumb/v8-m.main+fp/hard/libc_nano.a(libc_a-findfp.o) (_fwalk_sglue)
/opt/st/stm32cubeide_1.15.1/plugins/com.st.stm32cube.ide.mcu.externaltools.gnu-tools-for-stm32.12.3.rel1.linux64_1.0.100.202403111256/tools/bin/../lib/gcc/arm-none-eabi/12.3.1/../../../../arm-none-eabi/lib/thumb/v8-m.main+fp/hard/libc_nano.a(libc_a-stdio.o)
                              /opt/st/stm32cubeide_1.15.1/plugins/com.st.stm32cube.ide.mcu.externaltools.gnu-tools-for-stm32.12.3.rel1.linux64_1.0.100.202403111256/tools/bin/../lib/gcc/arm-none-eabi/12.3.1/../../../../arm-none-eabi/lib/thumb/v8-m.main+fp/hard/libc_nano.a(libc_a-findfp.o) (__sread)
/opt/st/stm32cubeide_1.15.1/plugins/com.st.stm32cube.ide.mcu.externaltools.gnu-tools-for-stm32.12.3.rel1.linux64_1.0.100.202403111256/tools/bin/../lib/gcc/arm-none-eabi/12.3.1/../../../../arm-none-eabi/lib/thumb/v8-m.main+fp/hard/libc_nano.a(libc_a-memset.o)
                              /opt/st/stm32cubeide_1.15.1/plugins/com.st.stm32cube.ide.mcu.externaltools.gnu-tools-for-stm32.12.3.rel1.linux64_1.0.100.202403111256/tools/bin/../lib/gcc/arm-none-eabi/12.3.1/../../../../arm-none-eabi/lib/thumb/v8-m.main+fp/hard/crt0.o (memset)
/opt/st/stm32cubeide_1.15.1/plugins/com.st.stm32cube.ide.mcu.externaltools.gnu-tools-for-stm32.12.3.rel1.linux64_1.0.100.202403111256/tools/bin/../lib/gcc/arm-none-eabi/12.3.1/../../../../arm-none-eabi/lib/thumb/v8-m.main+fp/hard/libc_nano.a(libc_a-closer.o)
                              /opt/st/stm32cubeide_1.15.1/plugins/com.st.stm32cube.ide.mcu.externaltools.gnu-tools-for-stm32.12.3.rel1.linux64_1.0.100.202403111256/tools/bin/../lib/gcc/arm-none-eabi/12.3.1/../../../../arm-none-eabi/lib/thumb/v8-m.main+fp/hard/libc_nano.a(libc_a-stdio.o) (_close_r)
/opt/st/stm32cubeide_1.15.1/plugins/com.st.stm32cube.ide.mcu.externaltools.gnu-tools-for-stm32.12.3.rel1.linux64_1.0.100.202403111256/tools/bin/../lib/gcc/arm-none-eabi/12.3.1/../../../../arm-none-eabi/lib/thumb/v8-m.main+fp/hard/libc_nano.a(libc_a-reent.o)
                              /opt/st/stm32cubeide_1.15.1/plugins/com.st.stm32cube.ide.mcu.externaltools.gnu-tools-for-stm32.12.3.rel1.linux64_1.0.100.202403111256/tools/bin/../lib/gcc/arm-none-eabi/12.3.1/../../../../arm-none-eabi/lib/thumb/v8-m.main+fp/hard/libc_nano.a(libc_a-closer.o) (errno)
/opt/st/stm32cubeide_1.15.1/plugins/com.st.stm32cube.ide.mcu.externaltools.gnu-tools-for-stm32.12.3.rel1.linux64_1.0.100.202403111256/tools/bin/../lib/gcc/arm-none-eabi/12.3.1/../../../../arm-none-eabi/lib/thumb/v8-m.main+fp/hard/libc_nano.a(libc_a-impure.o)
                              /opt/st/stm32cubeide_1.15.1/plugins/com.st.stm32cube.ide.mcu.externaltools.gnu-tools-for-stm32.12.3.rel1.linux64_1.0.100.202403111256/tools/bin/../lib/gcc/arm-none-eabi/12.3.1/../../../../arm-none-eabi/lib/thumb/v8-m.main+fp/hard/libc_nano.a(libc_a-reent.o) (_impure_ptr)
/opt/st/stm32cubeide_1.15.1/plugins/com.st.stm32cube.ide.mcu.externaltools.gnu-tools-for-stm32.12.3.rel1.linux64_1.0.100.202403111256/tools/bin/../lib/gcc/arm-none-eabi/12.3.1/../../../../arm-none-eabi/lib/thumb/v8-m.main+fp/hard/libc_nano.a(libc_a-lseekr.o)
[...]
Memory Configuration

Name             Origin             Length             Attributes
RAM              0x20000000         0x00030000         xrw
RAM2             0x20030000         0x00010000         xrw
FLASH            0x08000000         0x00080000         xr
*default*        0x00000000         0xffffffff

Linker script and memory map

LOAD /opt/st/stm32cubeide_1.15.1/plugins/com.st.stm32cube.ide.mcu.externaltools.gnu-tools-for-stm32.12.3.rel1.linux64_1.0.100.202403111256/tools/bin/../lib/gcc/arm-none-eabi/12.3.1/thumb/v8-m.main+fp/hard/crti.o
LOAD /opt/st/stm32cubeide_1.15.1/plugins/com.st.stm32cube.ide.mcu.externaltools.gnu-tools-for-stm32.12.3.rel1.linux64_1.0.100.202403111256/tools/bin/../lib/gcc/arm-none-eabi/12.3.1/thumb/v8-m.main+fp/hard/crtbegin.o
LOAD /opt/st/stm32cubeide_1.15.1/plugins/com.st.stm32cube.ide.mcu.externaltools.gnu-tools-for-stm32.12.3.rel1.linux64_1.0.100.202403111256/tools/bin/../lib/gcc/arm-none-eabi/12.3.1/../../../../arm-none-eabi/lib/thumb/v8-m.main+fp/hard/crt0.o
LOAD Core/Src/adc.o
LOAD Core/Src/arcade_controller.o
LOAD Core/Src/dma.o
LOAD Core/Src/gpio.o
LOAD Core/Src/icache.o
LOAD Core/Src/iwdg.o
LOAD Core/Src/main.o
LOAD Core/Src/motor_pwm_interface.o
LOAD Core/Src/rtc.o
LOAD Core/Src/stm32l5xx_hal_msp.o
LOAD Core/Src/stm32l5xx_it.o
LOAD Core/Src/syscalls.o
LOAD Core/Src/sysmem.o
LOAD Core/Src/system_stm32l5xx.o
LOAD Core/Src/tim.o
LOAD Core/Src/uart_joy_input.o
LOAD Core/Src/ucpd.o
LOAD Core/Src/usart.o
LOAD Core/Src/usb.o
LOAD Core/Startup/startup_stm32l552zetxq.o
LOAD Drivers/STM32L5xx_HAL_Driver/Src/stm32l5xx_hal.o
LOAD Drivers/STM32L5xx_HAL_Driver/Src/stm32l5xx_hal_adc.o
LOAD Drivers/STM32L5xx_HAL_Driver/Src/stm32l5xx_hal_adc_ex.o
LOAD Drivers/STM32L5xx_HAL_Driver/Src/stm32l5xx_hal_cortex.o
LOAD Drivers/STM32L5xx_HAL_Driver/Src/stm32l5xx_hal_dma.o
LOAD Drivers/STM32L5xx_HAL_Driver/Src/stm32l5xx_hal_dma_ex.o
LOAD Drivers/STM32L5xx_HAL_Driver/Src/stm32l5xx_hal_exti.o
LOAD Drivers/STM32L5xx_HAL_Driver/Src/stm32l5xx_hal_flash.o
LOAD Drivers/STM32L5xx_HAL_Driver/Src/stm32l5xx_hal_flash_ex.o
LOAD Drivers/STM32L5xx_HAL_Driver/Src/stm32l5xx_hal_flash_ramfunc.o
LOAD Drivers/STM32L5xx_HAL_Driver/Src/stm32l5xx_hal_gpio.o
LOAD Drivers/STM32L5xx_HAL_Driver/Src/stm32l5xx_hal_i2c.o
LOAD Drivers/STM32L5xx_HAL_Driver/Src/stm32l5xx_hal_i2c_ex.o
LOAD Drivers/STM32L5xx_HAL_Driver/Src/stm32l5xx_hal_icache.o
LOAD Drivers/STM32L5xx_HAL_Driver/Src/stm32l5xx_hal_iwdg.o
LOAD Drivers/STM32L5xx_HAL_Driver/Src/stm32l5xx_hal_pcd.o
LOAD Drivers/STM32L5xx_HAL_Driver/Src/stm32l5xx_hal_pcd_ex.o
LOAD Drivers/STM32L5xx_HAL_Driver/Src/stm32l5xx_hal_pwr.o
LOAD Drivers/STM32L5xx_HAL_Driver/Src/stm32l5xx_hal_pwr_ex.o
LOAD Drivers/STM32L5xx_HAL_Driver/Src/stm32l5xx_hal_rcc.o
LOAD Drivers/STM32L5xx_HAL_Driver/Src/stm32l5xx_hal_rcc_ex.o
LOAD Drivers/STM32L5xx_HAL_Driver/Src/stm32l5xx_hal_rtc.o
LOAD Drivers/STM32L5xx_HAL_Driver/Src/stm32l5xx_hal_rtc_ex.o
LOAD Drivers/STM32L5xx_HAL_Driver/Src/stm32l5xx_hal_tim.o
LOAD Drivers/STM32L5xx_HAL_Driver/Src/stm32l5xx_hal_tim_ex.o
LOAD Drivers/STM32L5xx_HAL_Driver/Src/stm32l5xx_hal_uart.o
LOAD Drivers/STM32L5xx_HAL_Driver/Src/stm32l5xx_hal_uart_ex.o
LOAD Drivers/STM32L5xx_HAL_Driver/Src/stm32l5xx_ll_dma.o
LOAD Drivers/STM32L5xx_HAL_Driver/Src/stm32l5xx_ll_exti.o
LOAD Drivers/STM32L5xx_HAL_Driver/Src/stm32l5xx_ll_gpio.o
LOAD Drivers/STM32L5xx_HAL_Driver/Src/stm32l5xx_ll_ucpd.o
LOAD Drivers/STM32L5xx_HAL_Driver/Src/stm32l5xx_ll_usb.o
LOAD Drivers/STM32L5xx_HAL_Driver/Src/stm32l5xx_ll_utils.o
START GROUP
LOAD /opt/st/stm32cubeide_1.15.1/plugins/com.st.stm32cube.ide.mcu.externaltools.gnu-tools-for-stm32.12.3.rel1.linux64_1.0.100.202403111256/tools/bin/../lib/gcc/arm-none-eabi/12.3.1/../../../../arm-none-eabi/lib/thumb/v8-m.main+fp/hard/libc_nano.a
LOAD /opt/st/stm32cubeide_1.15.1/plugins/com.st.stm32cube.ide.mcu.externaltools.gnu-tools-for-stm32.12.3.rel1.linux64_1.0.100.202403111256/tools/bin/../lib/gcc/arm-none-eabi/12.3.1/../../../../arm-none-eabi/lib/thumb/v8-m.main+fp/hard/libm.a
END GROUP
START GROUP
LOAD /opt/st/stm32cubeide_1.15.1/plugins/com.st.stm32cube.ide.mcu.externaltools.gnu-tools-for-stm32.12.3.rel1.linux64_1.0.100.202403111256/tools/bin/../lib/gcc/arm-none-eabi/12.3.1/thumb/v8-m.main+fp/hard/libgcc.a
LOAD /opt/st/stm32cubeide_1.15.1/plugins/com.st.stm32cube.ide.mcu.externaltools.gnu-tools-for-stm32.12.3.rel1.linux64_1.0.100.202403111256/tools/bin/../lib/gcc/arm-none-eabi/12.3.1/../../../../arm-none-eabi/lib/thumb/v8-m.main+fp/hard/libc_nano.a
END GROUP
START GROUP
LOAD /opt/st/stm32cubeide_1.15.1/plugins/com.st.stm32cube.ide.mcu.externaltools.gnu-tools-for-stm32.12.3.rel1.linux64_1.0.100.202403111256/tools/bin/../lib/gcc/arm-none-eabi/12.3.1/thumb/v8-m.main+fp/hard/libgcc.a
LOAD /opt/st/stm32cubeide_1.15.1/plugins/com.st.stm32cube.ide.mcu.externaltools.gnu-tools-for-stm32.12.3.rel1.linux64_1.0.100.202403111256/tools/bin/../lib/gcc/arm-none-eabi/12.3.1/../../../../arm-none-eabi/lib/thumb/v8-m.main+fp/hard/libc_nano.a
LOAD /opt/st/stm32cubeide_1.15.1/plugins/com.st.stm32cube.ide.mcu.externaltools.gnu-tools-for-stm32.12.3.rel1.linux64_1.0.100.202403111256/tools/bin/../lib/gcc/arm-none-eabi/12.3.1/../../../../arm-none-eabi/lib/thumb/v8-m.main+fp/hard/libnosys.a
END GROUP
START GROUP
LOAD /opt/st/stm32cubeide_1.15.1/plugins/com.st.stm32cube.ide.mcu.externaltools.gnu-tools-for-stm32.12.3.rel1.linux64_1.0.100.202403111256/tools/bin/../lib/gcc/arm-none-eabi/12.3.1/thumb/v8-m.main+fp/hard/libgcc.a
LOAD /opt/st/stm32cubeide_1.15.1/plugins/com.st.stm32cube.ide.mcu.externaltools.gnu-tools-for-stm32.12.3.rel1.linux64_1.0.100.202403111256/tools/bin/../lib/gcc/arm-none-eabi/12.3.1/../../../../arm-none-eabi/lib/thumb/v8-m.main+fp/hard/libc_nano.a
LOAD /opt/st/stm32cubeide_1.15.1/plugins/com.st.stm32cube.ide.mcu.externaltools.gnu-tools-for-stm32.12.3.rel1.linux64_1.0.100.202403111256/tools/bin/../lib/gcc/arm-none-eabi/12.3.1/../../../../arm-none-eabi/lib/thumb/v8-m.main+fp/hard/libnosys.a
END GROUP
LOAD /opt/st/stm32cubeide_1.15.1/plugins/com.st.stm32cube.ide.mcu.externaltools.gnu-tools-for-stm32.12.3.rel1.linux64_1.0.100.202403111256/tools/bin/../lib/gcc/arm-none-eabi/12.3.1/thumb/v8-m.main+fp/hard/crtend.o
LOAD /opt/st/stm32cubeide_1.15.1/plugins/com.st.stm32cube.ide.mcu.externaltools.gnu-tools-for-stm32.12.3.rel1.linux64_1.0.100.202403111256/tools/bin/../lib/gcc/arm-none-eabi/12.3.1/thumb/v8-m.main+fp/hard/crtn.o
                0x20030000                        _estack = (ORIGIN (RAM) + LENGTH (RAM))
                0x00000200                        _Min_Heap_Size = 0x200
                0x00000400                        _Min_Stack_Size = 0x400

.isr_vector     0x08000000      0x1f4
                0x08000000                        . = ALIGN (0x4)
 *(.isr_vector)
 .isr_vector    0x08000000      0x1f4 Core/Startup/startup_stm32l552zetxq.o
                0x08000000                g_pfnVectors
                0x080001f4                        . = ALIGN (0x4)

.text           0x080001f4     0x899c
                0x080001f4                        . = ALIGN (0x4)
 *(.text)
 .text          0x080001f4       0x40 /opt/st/stm32cubeide_1.15.1/plugins/com.st.stm32cube.ide.mcu.externaltools.gnu-tools-for-stm32.12.3.rel1.linux64_1.0.100.202403111256/tools/bin/../lib/gcc/arm-none-eabi/12.3.1/thumb/v8-m.main+fp/hard/crtbegin.o
 .text          0x08000234       0x30 /opt/st/stm32cubeide_1.15.1/plugins/com.st.stm32cube.ide.mcu.externaltools.gnu-tools-for-stm32.12.3.rel1.linux64_1.0.100.202403111256/tools/bin/../lib/gcc/arm-none-eabi/12.3.1/thumb/v8-m.main+fp/hard/libgcc.a(_aeabi_uldivmod.o)
                0x08000234                __aeabi_uldivmod
 .text          0x08000264      0x2e4 /opt/st/stm32cubeide_1.15.1/plugins/com.st.stm32cube.ide.mcu.externaltools.gnu-tools-for-stm32.12.3.rel1.linux64_1.0.100.202403111256/tools/bin/../lib/gcc/arm-none-eabi/12.3.1/thumb/v8-m.main+fp/hard/libgcc.a(_udivmoddi4.o)
                0x08000264                __udivmoddi4
 .text          0x08000548        0x4 /opt/st/stm32cubeide_1.15.1/plugins/com.st.stm32cube.ide.mcu.externaltools.gnu-tools-for-stm32.12.3.rel1.linux64_1.0.100.202403111256/tools/bin/../lib/gcc/arm-none-eabi/12.3.1/thumb/v8-m.main+fp/hard/libgcc.a(_dvmd_tls.o)
                0x08000548                __aeabi_ldiv0
                0x08000548                __aeabi_idiv0
 *(.text*)
 .text.MX_ADC1_Init
                0x0800054c       0xec Core/Src/adc.o
                0x0800054c                MX_ADC1_Init
 .text.HAL_ADC_MspInit
                0x08000638       0xb4 Core/Src/adc.o
                0x08000638                HAL_ADC_MspInit
 .text.arcade_drive
                0x080006ec       0xc4 Core/Src/arcade_controller.o
                0x080006ec                arcade_drive
 .text.MX_DMA_Init
                0x080007b0       0x54 Core/Src/dma.o
                0x080007b0                MX_DMA_Init
 .text.MX_GPIO_Init
                0x08000804      0x154 Core/Src/gpio.o
                0x08000804                MX_GPIO_Init
 .text.MX_ICACHE_Init
                0x08000958       0x26 Core/Src/icache.o
                0x08000958                MX_ICACHE_Init
 *fill*         0x0800097e        0x2 
 .text.MX_IWDG_Init
                0x08000980       0x38 Core/Src/iwdg.o
                0x08000980                MX_IWDG_Init
 .text.main     0x080009b8       0x58 Core/Src/main.o
                0x080009b8                main
 .text.SystemClock_Config
                0x08000a10       0xd8 Core/Src/main.o
                0x08000a10                SystemClock_Config
 .text.Error_Handler
                0x08000ae8       0x20 Core/Src/main.o
                0x08000ae8                Error_Handler
 .text.CalcPulse
                0x08000b08       0x3c Core/Src/motor_pwm_interface.o
 .text.HAL_TIM_PWM_PulseFinishedCallback
                0x08000b44       0xb4 Core/Src/motor_pwm_interface.o
                0x08000b44                HAL_TIM_PWM_PulseFinishedCallback
 .text.MotorPwmInterfaceInit
                0x08000bf8       0xa0 Core/Src/motor_pwm_interface.o
                0x08000bf8                MotorPwmInterfaceInit
 .text.GetLeftSideMotorPulse
                0x08000c98       0x18 Core/Src/motor_pwm_interface.o
                0x08000c98                GetLeftSideMotorPulse
 .text.GetRightSideMotorPulse
                0x08000cb0       0x18 Core/Src/motor_pwm_interface.o
                0x08000cb0                GetRightSideMotorPulse
 .text.SetLeftSideMotorSpeed
                0x08000cc8       0x28 Core/Src/motor_pwm_interface.o
                0x08000cc8                SetLeftSideMotorSpeed
 .text.SetRightSideMotorSpeed
                0x08000cf0       0x28 Core/Src/motor_pwm_interface.o
                0x08000cf0                SetRightSideMotorSpeed
 .text.MX_RTC_Init
                0x08000d18       0x94 Core/Src/rtc.o
                0x08000d18                MX_RTC_Init
 .text.HAL_RTC_MspInit
                0x08000dac       0x7c Core/Src/rtc.o
                0x08000dac                HAL_RTC_MspInit
 .text.HAL_MspInit
                0x08000e28       0x48 Core/Src/stm32l5xx_hal_msp.o
                0x08000e28                HAL_MspInit
 .text.NMI_Handler
                0x08000e70        0x8 Core/Src/stm32l5xx_it.o
                0x08000e70                NMI_Handler
 .text.HardFault_Handler
                0x08000e78        0x8 Core/Src/stm32l5xx_it.o
                0x08000e78                HardFault_Handler
 .text.MemManage_Handler
                0x08000e80        0x8 Core/Src/stm32l5xx_it.o
                0x08000e80                MemManage_Handler
 .text.BusFault_Handler
                0x08000e88        0x8 Core/Src/stm32l5xx_it.o
                0x08000e88                BusFault_Handler
 .text.UsageFault_Handler
                0x08000e90        0x8 Core/Src/stm32l5xx_it.o
                0x08000e90                UsageFault_Handler
 .text.SVC_Handler
                0x08000e98        0xe Core/Src/stm32l5xx_it.o
                0x08000e98                SVC_Handler
 .text.DebugMon_Handler
                0x08000ea6        0xe Core/Src/stm32l5xx_it.o
                0x08000ea6                DebugMon_Handler
 .text.PendSV_Handler
                0x08000eb4        0xe Core/Src/stm32l5xx_it.o
                0x08000eb4                PendSV_Handler
 .text.SysTick_Handler
                0x08000ec2        0xc Core/Src/stm32l5xx_it.o
                0x08000ec2                SysTick_Handler
 *fill*         0x08000ece        0x2 
 .text.DMA1_Channel1_IRQHandler
                0x08000ed0       0x14 Core/Src/stm32l5xx_it.o
                0x08000ed0                DMA1_Channel1_IRQHandler
 .text.TIM3_IRQHandler
                0x08000ee4       0x14 Core/Src/stm32l5xx_it.o
                0x08000ee4                TIM3_IRQHandler
 .text.TIM4_IRQHandler
                0x08000ef8       0x14 Core/Src/stm32l5xx_it.o
                0x08000ef8                TIM4_IRQHandler
 .text.UART4_IRQHandler
                0x08000f0c       0x14 Core/Src/stm32l5xx_it.o
                0x08000f0c                UART4_IRQHandler
 .text.SystemInit
                0x08000f20       0x24 Core/Src/system_stm32l5xx.o
                0x08000f20                SystemInit
 .text.SystemCoreClockUpdate
                0x08000f44      0x15c Core/Src/system_stm32l5xx.o
                0x08000f44                SystemCoreClockUpdate
 .text.MX_TIM3_Init
                0x080010a0      0x120 Core/Src/tim.o
                0x080010a0                MX_TIM3_Init
 .text.MX_TIM4_Init
                0x080011c0      0x11c Core/Src/tim.o
                0x080011c0                MX_TIM4_Init
 .text.HAL_TIM_Base_MspInit
                0x080012dc       0x84 Core/Src/tim.o
                0x080012dc                HAL_TIM_Base_MspInit
 .text.HAL_TIM_MspPostInit
                0x08001360       0xbc Core/Src/tim.o
                0x08001360                HAL_TIM_MspPostInit
 .text.UartHandshake
                0x0800141c       0x64 Core/Src/uart_joy_input.o
                0x0800141c                UartHandshake
 .text.HAL_UART_RxCpltCallback
                0x08001480       0x80 Core/Src/uart_joy_input.o
                0x08001480                HAL_UART_RxCpltCallback
 .text.LL_AHB2_GRP1_EnableClock
                0x08001500       0x30 Core/Src/ucpd.o
 .text.LL_APB1_GRP2_EnableClock
                0x08001530       0x30 Core/Src/ucpd.o
 .text.MX_UCPD1_Init
                0x08001560       0x6c Core/Src/ucpd.o
                0x08001560                MX_UCPD1_Init
 .text.MX_LPUART1_UART_Init
                0x080015cc       0x9c Core/Src/usart.o
                0x080015cc                MX_LPUART1_UART_Init
 .text.MX_UART4_Init
                0x08001668       0x98 Core/Src/usart.o
                0x08001668                MX_UART4_Init
 .text.HAL_UART_MspInit
                0x08001700      0x1cc Core/Src/usart.o
                0x08001700                HAL_UART_MspInit
 .text.MX_USB_PCD_Init
                0x080018cc       0x50 Core/Src/usb.o
                0x080018cc                MX_USB_PCD_Init
 .text.HAL_PCD_MspInit
                0x0800191c       0xc0 Core/Src/usb.o
                0x0800191c                HAL_PCD_MspInit
 .text.Reset_Handler
                0x080019dc       0x50 Core/Startup/startup_stm32l552zetxq.o
                0x080019dc                Reset_Handler
 .text.Default_Handler
                0x08001a2c        0x2 Core/Startup/startup_stm32l552zetxq.o
                0x08001a2c                EXTI2_IRQHandler
                0x08001a2c                TIM8_TRG_COM_IRQHandler
                0x08001a2c                TIM8_CC_IRQHandler
                0x08001a2c                EXTI5_IRQHandler
                0x08001a2c                FLASH_S_IRQHandler
                0x08001a2c                EXTI13_IRQHandler
                0x08001a2c                TIM1_CC_IRQHandler
                0x08001a2c                TSC_IRQHandler
                0x08001a2c                TAMP_IRQHandler
                0x08001a2c                TIM6_IRQHandler
                0x08001a2c                EXTI12_IRQHandler
                0x08001a2c                DMA2_Channel8_IRQHandler
                0x08001a2c                EXTI3_IRQHandler
                0x08001a2c                EXTI8_IRQHandler
                0x08001a2c                LPTIM2_IRQHandler
                0x08001a2c                DFSDM1_FLT1_IRQHandler
                0x08001a2c                USB_FS_IRQHandler
                0x08001a2c                I2C3_ER_IRQHandler
                0x08001a2c                DFSDM1_FLT2_IRQHandler
                0x08001a2c                DMAMUX1_IRQHandler
                0x08001a2c                LPTIM3_IRQHandler
                0x08001a2c                EXTI0_IRQHandler
                0x08001a2c                I2C2_EV_IRQHandler
                0x08001a2c                FPU_IRQHandler
                0x08001a2c                FDCAN1_IT1_IRQHandler
                0x08001a2c                ADC1_2_IRQHandler
                0x08001a2c                SPI1_IRQHandler
                0x08001a2c                OCTOSPI1_IRQHandler
                0x08001a2c                TIM8_UP_IRQHandler
                0x08001a2c                RCC_S_IRQHandler
                0x08001a2c                DMA2_Channel2_IRQHandler
                0x08001a2c                DMA1_Channel4_IRQHandler
                0x08001a2c                SAI2_IRQHandler
                0x08001a2c                DFSDM1_FLT3_IRQHandler
                0x08001a2c                EXTI15_IRQHandler
                0x08001a2c                TIM17_IRQHandler
                0x08001a2c                USART3_IRQHandler
                0x08001a2c                RTC_IRQHandler
                0x08001a2c                EXTI9_IRQHandler
                0x08001a2c                DMA1_Channel7_IRQHandler
                0x08001a2c                UART5_IRQHandler
                0x08001a2c                DMA2_Channel1_IRQHandler
                0x08001a2c                I2C1_EV_IRQHandler
                0x08001a2c                DMA1_Channel6_IRQHandler
                0x08001a2c                TIM16_IRQHandler
                0x08001a2c                DMA2_Channel4_IRQHandler
                0x08001a2c                SecureFault_Handler
                0x08001a2c                RCC_IRQHandler
                0x08001a2c                TIM1_TRG_COM_IRQHandler
                0x08001a2c                Default_Handler
                0x08001a2c                DMA2_Channel7_IRQHandler
                0x08001a2c                DMA1_Channel8_IRQHandler
                0x08001a2c                TIM7_IRQHandler
                0x08001a2c                SDMMC1_IRQHandler
                0x08001a2c                TIM5_IRQHandler
                0x08001a2c                UCPD1_IRQHandler
                0x08001a2c                TIM15_IRQHandler
                0x08001a2c                I2C3_EV_IRQHandler
                0x08001a2c                PVD_PVM_IRQHandler
                0x08001a2c                SPI2_IRQHandler
                0x08001a2c                EXTI14_IRQHandler
                0x08001a2c                EXTI11_IRQHandler
                0x08001a2c                DMA2_Channel5_IRQHandler
                0x08001a2c                CRS_IRQHandler
                0x08001a2c                DMA1_Channel5_IRQHandler
                0x08001a2c                EXTI4_IRQHandler
                0x08001a2c                RTC_S_IRQHandler
                0x08001a2c                RNG_IRQHandler
                0x08001a2c                DMAMUX1_S_IRQHandler
                0x08001a2c                DMA1_Channel3_IRQHandler
                0x08001a2c                COMP_IRQHandler
                0x08001a2c                TIM1_UP_IRQHandler
                0x08001a2c                WWDG_IRQHandler
                0x08001a2c                I2C4_EV_IRQHandler
                0x08001a2c                LPUART1_IRQHandler
                0x08001a2c                DMA2_Channel6_IRQHandler
                0x08001a2c                FDCAN1_IT0_IRQHandler
                0x08001a2c                TIM2_IRQHandler
                0x08001a2c                TAMP_S_IRQHandler
                0x08001a2c                EXTI7_IRQHandler
                0x08001a2c                TIM1_BRK_IRQHandler
                0x08001a2c                DAC_IRQHandler
                0x08001a2c                EXTI1_IRQHandler
                0x08001a2c                GTZC_IRQHandler
                0x08001a2c                USART2_IRQHandler
                0x08001a2c                DFSDM1_FLT0_IRQHandler
                0x08001a2c                I2C2_ER_IRQHandler
                0x08001a2c                DMA1_Channel2_IRQHandler
                0x08001a2c                TIM8_BRK_IRQHandler
                0x08001a2c                FLASH_IRQHandler
                0x08001a2c                USART1_IRQHandler
                0x08001a2c                EXTI10_IRQHandler
                0x08001a2c                SPI3_IRQHandler
                0x08001a2c                I2C1_ER_IRQHandler
                0x08001a2c                FMC_IRQHandler
                0x08001a2c                EXTI6_IRQHandler
                0x08001a2c                LPTIM1_IRQHandler
                0x08001a2c                I2C4_ER_IRQHandler
                0x08001a2c                ICACHE_IRQHandler
                0x08001a2c                SAI1_IRQHandler
                0x08001a2c                HASH_IRQHandler
                0x08001a2c                DMA2_Channel3_IRQHandler
 .text.HAL_Init
                0x08001a2e       0x34 Drivers/STM32L5xx_HAL_Driver/Src/stm32l5xx_hal.o
                0x08001a2e                HAL_Init
 *fill*         0x08001a62        0x2 
 .text.HAL_InitTick
                0x08001a64       0x78 Drivers/STM32L5xx_HAL_Driver/Src/stm32l5xx_hal.o
                0x08001a64                HAL_InitTick
 .text.HAL_IncTick
                0x08001adc       0x28 Drivers/STM32L5xx_HAL_Driver/Src/stm32l5xx_hal.o
                0x08001adc                HAL_IncTick
 .text.HAL_GetTick
                0x08001b04       0x18 Drivers/STM32L5xx_HAL_Driver/Src/stm32l5xx_hal.o
                0x08001b04                HAL_GetTick
 .text.HAL_Delay
                0x08001b1c       0x48 Drivers/STM32L5xx_HAL_Driver/Src/stm32l5xx_hal.o
                0x08001b1c                HAL_Delay
 .text.LL_ADC_SetCommonClock
                0x08001b64       0x26 Drivers/STM32L5xx_HAL_Driver/Src/stm32l5xx_hal_adc.o
 .text.LL_ADC_SetCommonPathInternalCh
                0x08001b8a       0x26 Drivers/STM32L5xx_HAL_Driver/Src/stm32l5xx_hal_adc.o
 .text.LL_ADC_GetCommonPathInternalCh
                0x08001bb0       0x1c Drivers/STM32L5xx_HAL_Driver/Src/stm32l5xx_hal_adc.o
 .text.LL_ADC_SetOffset
                0x08001bcc       0x48 Drivers/STM32L5xx_HAL_Driver/Src/stm32l5xx_hal_adc.o
 .text.LL_ADC_GetOffsetChannel
                0x08001c14       0x2c Drivers/STM32L5xx_HAL_Driver/Src/stm32l5xx_hal_adc.o
 .text.LL_ADC_SetOffsetState
                0x08001c40       0x36 Drivers/STM32L5xx_HAL_Driver/Src/stm32l5xx_hal_adc.o
 .text.LL_ADC_SetSamplingTimeCommonConfig
                0x08001c76       0x26 Drivers/STM32L5xx_HAL_Driver/Src/stm32l5xx_hal_adc.o
 .text.LL_ADC_REG_SetSequencerRanks
                0x08001c9c       0x58 Drivers/STM32L5xx_HAL_Driver/Src/stm32l5xx_hal_adc.o
 .text.LL_ADC_SetChannelSamplingTime
                0x08001cf4       0x56 Drivers/STM32L5xx_HAL_Driver/Src/stm32l5xx_hal_adc.o
 *fill*         0x08001d4a        0x2 
 .text.LL_ADC_SetChannelSingleDiff
                0x08001d4c       0x48 Drivers/STM32L5xx_HAL_Driver/Src/stm32l5xx_hal_adc.o
 .text.LL_ADC_DisableDeepPowerDown
                0x08001d94       0x24 Drivers/STM32L5xx_HAL_Driver/Src/stm32l5xx_hal_adc.o
 .text.LL_ADC_IsDeepPowerDownEnabled
                0x08001db8       0x28 Drivers/STM32L5xx_HAL_Driver/Src/stm32l5xx_hal_adc.o
 .text.LL_ADC_EnableInternalRegulator
                0x08001de0       0x28 Drivers/STM32L5xx_HAL_Driver/Src/stm32l5xx_hal_adc.o
 .text.LL_ADC_IsInternalRegulatorEnabled
                0x08001e08       0x28 Drivers/STM32L5xx_HAL_Driver/Src/stm32l5xx_hal_adc.o
 .text.LL_ADC_IsEnabled
                0x08001e30       0x26 Drivers/STM32L5xx_HAL_Driver/Src/stm32l5xx_hal_adc.o
 .text.LL_ADC_REG_IsConversionOngoing
                0x08001e56       0x26 Drivers/STM32L5xx_HAL_Driver/Src/stm32l5xx_hal_adc.o
 .text.LL_ADC_INJ_IsConversionOngoing
                0x08001e7c       0x26 Drivers/STM32L5xx_HAL_Driver/Src/stm32l5xx_hal_adc.o
 *fill*         0x08001ea2        0x2 
 .text.HAL_ADC_Init
                0x08001ea4      0x298 Drivers/STM32L5xx_HAL_Driver/Src/stm32l5xx_hal_adc.o
                0x08001ea4                HAL_ADC_Init
 .text.HAL_ADC_ConfigChannel
                0x0800213c      0x7d4 Drivers/STM32L5xx_HAL_Driver/Src/stm32l5xx_hal_adc.o
                0x0800213c                HAL_ADC_ConfigChannel
 .text.LL_ADC_IsEnabled
                0x08002910       0x26 Drivers/STM32L5xx_HAL_Driver/Src/stm32l5xx_hal_adc_ex.o
 .text.LL_ADC_REG_IsConversionOngoing
                0x08002936       0x26 Drivers/STM32L5xx_HAL_Driver/Src/stm32l5xx_hal_adc_ex.o
 .text.HAL_ADCEx_MultiModeConfigChannel
                0x0800295c      0x148 Drivers/STM32L5xx_HAL_Driver/Src/stm32l5xx_hal_adc_ex.o
                0x0800295c                HAL_ADCEx_MultiModeConfigChannel
 .text.__NVIC_SetPriorityGrouping
                0x08002aa4       0x48 Drivers/STM32L5xx_HAL_Driver/Src/stm32l5xx_hal_cortex.o
 .text.__NVIC_GetPriorityGrouping
                0x08002aec       0x1c Drivers/STM32L5xx_HAL_Driver/Src/stm32l5xx_hal_cortex.o
 .text.__NVIC_EnableIRQ
                0x08002b08       0x3c Drivers/STM32L5xx_HAL_Driver/Src/stm32l5xx_hal_cortex.o
 .text.__NVIC_SetPriority
                0x08002b44       0x54 Drivers/STM32L5xx_HAL_Driver/Src/stm32l5xx_hal_cortex.o
 .text.NVIC_EncodePriority
                0x08002b98       0x66 Drivers/STM32L5xx_HAL_Driver/Src/stm32l5xx_hal_cortex.o
 *fill*         0x08002bfe        0x2 
 .text.SysTick_Config
                0x08002c00       0x44 Drivers/STM32L5xx_HAL_Driver/Src/stm32l5xx_hal_cortex.o
 .text.HAL_NVIC_SetPriorityGrouping
                0x08002c44       0x16 Drivers/STM32L5xx_HAL_Driver/Src/stm32l5xx_hal_cortex.o
                0x08002c44                HAL_NVIC_SetPriorityGrouping
 .text.HAL_NVIC_SetPriority
                0x08002c5a       0x34 Drivers/STM32L5xx_HAL_Driver/Src/stm32l5xx_hal_cortex.o
                0x08002c5a                HAL_NVIC_SetPriority
 .text.HAL_NVIC_EnableIRQ
                0x08002c8e       0x1c Drivers/STM32L5xx_HAL_Driver/Src/stm32l5xx_hal_cortex.o
                0x08002c8e                HAL_NVIC_EnableIRQ
 .text.HAL_SYSTICK_Config
                0x08002caa       0x18 Drivers/STM32L5xx_HAL_Driver/Src/stm32l5xx_hal_cortex.o
                0x08002caa                HAL_SYSTICK_Config
 *fill*         0x08002cc2        0x2 
 .text.HAL_DMA_Init
                0x08002cc4      0x150 Drivers/STM32L5xx_HAL_Driver/Src/stm32l5xx_hal_dma.o
                0x08002cc4                HAL_DMA_Init
 .text.HAL_DMA_Start_IT
                0x08002e14       0xf6 Drivers/STM32L5xx_HAL_Driver/Src/stm32l5xx_hal_dma.o
                0x08002e14                HAL_DMA_Start_IT
 .text.HAL_DMA_Abort
                0x08002f0a       0xb8 Drivers/STM32L5xx_HAL_Driver/Src/stm32l5xx_hal_dma.o
                0x08002f0a                HAL_DMA_Abort
 .text.HAL_DMA_Abort_IT
                0x08002fc2       0xbe Drivers/STM32L5xx_HAL_Driver/Src/stm32l5xx_hal_dma.o
                0x08002fc2                HAL_DMA_Abort_IT
 .text.HAL_DMA_IRQHandler
                0x08003080      0x200 Drivers/STM32L5xx_HAL_Driver/Src/stm32l5xx_hal_dma.o
                0x08003080                HAL_DMA_IRQHandler
 .text.HAL_DMA_ConfigChannelAttributes
                0x08003280       0x60 Drivers/STM32L5xx_HAL_Driver/Src/stm32l5xx_hal_dma.o
                0x08003280                HAL_DMA_ConfigChannelAttributes
 .text.DMA_SetConfig
                0x080032e0       0x7c Drivers/STM32L5xx_HAL_Driver/Src/stm32l5xx_hal_dma.o
 .text.DMA_CalcDMAMUXChannelBaseAndMask
                0x0800335c       0x7c Drivers/STM32L5xx_HAL_Driver/Src/stm32l5xx_hal_dma.o
 .text.DMA_CalcDMAMUXRequestGenBaseAndMask
                0x080033d8       0x48 Drivers/STM32L5xx_HAL_Driver/Src/stm32l5xx_hal_dma.o
 .text.HAL_GPIO_Init
                0x08003420      0x300 Drivers/STM32L5xx_HAL_Driver/Src/stm32l5xx_hal_gpio.o
                0x08003420                HAL_GPIO_Init
 .text.HAL_GPIO_WritePin
                0x08003720       0x30 Drivers/STM32L5xx_HAL_Driver/Src/stm32l5xx_hal_gpio.o
                0x08003720                HAL_GPIO_WritePin
 .text.HAL_GPIO_TogglePin
                0x08003750       0x34 Drivers/STM32L5xx_HAL_Driver/Src/stm32l5xx_hal_gpio.o
                0x08003750                HAL_GPIO_TogglePin
 .text.HAL_ICACHE_ConfigAssociativityMode
                0x08003784       0x40 Drivers/STM32L5xx_HAL_Driver/Src/stm32l5xx_hal_icache.o
                0x08003784                HAL_ICACHE_ConfigAssociativityMode
 .text.HAL_ICACHE_Enable
                0x080037c4       0x20 Drivers/STM32L5xx_HAL_Driver/Src/stm32l5xx_hal_icache.o
                0x080037c4                HAL_ICACHE_Enable
 .text.HAL_IWDG_Init
                0x080037e4       0x9e Drivers/STM32L5xx_HAL_Driver/Src/stm32l5xx_hal_iwdg.o
                0x080037e4                HAL_IWDG_Init
 .text.HAL_IWDG_Refresh
                0x08003882       0x20 Drivers/STM32L5xx_HAL_Driver/Src/stm32l5xx_hal_iwdg.o
                0x08003882                HAL_IWDG_Refresh
 .text.HAL_PCD_Init
                0x080038a2      0x19c Drivers/STM32L5xx_HAL_Driver/Src/stm32l5xx_hal_pcd.o
                0x080038a2                HAL_PCD_Init
 .text.HAL_PCDEx_ActivateLPM
                0x08003a3e       0x54 Drivers/STM32L5xx_HAL_Driver/Src/stm32l5xx_hal_pcd_ex.o
                0x08003a3e                HAL_PCDEx_ActivateLPM
 *fill*         0x08003a92        0x2 
 .text.HAL_PWR_EnableBkUpAccess
                0x08003a94       0x20 Drivers/STM32L5xx_HAL_Driver/Src/stm32l5xx_hal_pwr.o
                0x08003a94                HAL_PWR_EnableBkUpAccess
 .text.HAL_PWREx_GetVoltageRange
                0x08003ab4       0x1c Drivers/STM32L5xx_HAL_Driver/Src/stm32l5xx_hal_pwr_ex.o
                0x08003ab4                HAL_PWREx_GetVoltageRange
 .text.HAL_PWREx_ControlVoltageScaling
                0x08003ad0       0xb8 Drivers/STM32L5xx_HAL_Driver/Src/stm32l5xx_hal_pwr_ex.o
                0x08003ad0                HAL_PWREx_ControlVoltageScaling
 .text.HAL_PWREx_EnableVddIO2
                0x08003b88       0x20 Drivers/STM32L5xx_HAL_Driver/Src/stm32l5xx_hal_pwr_ex.o
                0x08003b88                HAL_PWREx_EnableVddIO2
 .text.HAL_PWREx_SMPS_GetEffectiveMode
                0x08003ba8       0x48 Drivers/STM32L5xx_HAL_Driver/Src/stm32l5xx_hal_pwr_ex.o
                0x08003ba8                HAL_PWREx_SMPS_GetEffectiveMode
 .text.HAL_RCC_OscConfig
                0x08003bf0      0x9ac Drivers/STM32L5xx_HAL_Driver/Src/stm32l5xx_hal_rcc.o
                0x08003bf0                HAL_RCC_OscConfig
 .text.HAL_RCC_ClockConfig
                0x0800459c      0x270 Drivers/STM32L5xx_HAL_Driver/Src/stm32l5xx_hal_rcc.o
                0x0800459c                HAL_RCC_ClockConfig
 .text.HAL_RCC_GetSysClockFreq
                0x0800480c      0x13c Drivers/STM32L5xx_HAL_Driver/Src/stm32l5xx_hal_rcc.o
                0x0800480c                HAL_RCC_GetSysClockFreq
 .text.HAL_RCC_GetHCLKFreq
                0x08004948       0x28 Drivers/STM32L5xx_HAL_Driver/Src/stm32l5xx_hal_rcc.o
                0x08004948                HAL_RCC_GetHCLKFreq
 .text.HAL_RCC_GetPCLK1Freq
                0x08004970       0x28 Drivers/STM32L5xx_HAL_Driver/Src/stm32l5xx_hal_rcc.o
                0x08004970                HAL_RCC_GetPCLK1Freq
 .text.HAL_RCC_GetPCLK2Freq
                0x08004998       0x28 Drivers/STM32L5xx_HAL_Driver/Src/stm32l5xx_hal_rcc.o
                0x08004998                HAL_RCC_GetPCLK2Freq
 .text.RCC_SetFlashLatencyFromMSIRange
                0x080049c0       0xc8 Drivers/STM32L5xx_HAL_Driver/Src/stm32l5xx_hal_rcc.o
 .text.RCC_GetSysClockFreqFromPLLSource
                0x08004a88       0xdc Drivers/STM32L5xx_HAL_Driver/Src/stm32l5xx_hal_rcc.o
 .text.HAL_RCCEx_PeriphCLKConfig
                0x08004b64      0x708 Drivers/STM32L5xx_HAL_Driver/Src/stm32l5xx_hal_rcc_ex.o
                0x08004b64                HAL_RCCEx_PeriphCLKConfig
 .text.RCCEx_PLLSAI1_Config
                0x0800526c      0x1cc Drivers/STM32L5xx_HAL_Driver/Src/stm32l5xx_hal_rcc_ex.o
 .text.RCCEx_PLLSAI2_Config
                0x08005438      0x158 Drivers/STM32L5xx_HAL_Driver/Src/stm32l5xx_hal_rcc_ex.o
 .text.HAL_RTC_Init
                0x08005590       0xf0 Drivers/STM32L5xx_HAL_Driver/Src/stm32l5xx_hal_rtc.o
                0x08005590                HAL_RTC_Init
 .text.HAL_RTC_WaitForSynchro
                0x08005680       0x48 Drivers/STM32L5xx_HAL_Driver/Src/stm32l5xx_hal_rtc.o
                0x08005680                HAL_RTC_WaitForSynchro
 .text.RTC_EnterInitMode
                0x080056c8       0x68 Drivers/STM32L5xx_HAL_Driver/Src/stm32l5xx_hal_rtc.o
                0x080056c8                RTC_EnterInitMode
 .text.RTC_ExitInitMode
                0x08005730       0x7c Drivers/STM32L5xx_HAL_Driver/Src/stm32l5xx_hal_rtc.o
                0x08005730                RTC_ExitInitMode
 .text.HAL_RTCEx_PrivilegeModeSet
                0x080057ac       0x58 Drivers/STM32L5xx_HAL_Driver/Src/stm32l5xx_hal_rtc_ex.o
                0x080057ac                HAL_RTCEx_PrivilegeModeSet
 .text.HAL_TIM_Base_Init
                0x08005804       0xae Drivers/STM32L5xx_HAL_Driver/Src/stm32l5xx_hal_tim.o
                0x08005804                HAL_TIM_Base_Init
 .text.HAL_TIM_PWM_Init
                0x080058b2       0xae Drivers/STM32L5xx_HAL_Driver/Src/stm32l5xx_hal_tim.o
                0x080058b2                HAL_TIM_PWM_Init
 .text.HAL_TIM_PWM_MspInit
                0x08005960       0x14 Drivers/STM32L5xx_HAL_Driver/Src/stm32l5xx_hal_tim.o
                0x08005960                HAL_TIM_PWM_MspInit
 .text.HAL_TIM_PWM_Start_IT
                0x08005974      0x2a8 Drivers/STM32L5xx_HAL_Driver/Src/stm32l5xx_hal_tim.o
                0x08005974                HAL_TIM_PWM_Start_IT
 .text.HAL_TIM_IRQHandler
                0x08005c1c      0x20e Drivers/STM32L5xx_HAL_Driver/Src/stm32l5xx_hal_tim.o
                0x08005c1c                HAL_TIM_IRQHandler
 *fill*         0x08005e2a        0x2 
 .text.HAL_TIM_PWM_ConfigChannel
                0x08005e2c      0x228 Drivers/STM32L5xx_HAL_Driver/Src/stm32l5xx_hal_tim.o
                0x08005e2c                HAL_TIM_PWM_ConfigChannel
 .text.HAL_TIM_ConfigClockSource
                0x08006054      0x192 Drivers/STM32L5xx_HAL_Driver/Src/stm32l5xx_hal_tim.o
                0x08006054                HAL_TIM_ConfigClockSource
 .text.HAL_TIM_PeriodElapsedCallback
                0x080061e6       0x14 Drivers/STM32L5xx_HAL_Driver/Src/stm32l5xx_hal_tim.o
                0x080061e6                HAL_TIM_PeriodElapsedCallback
 .text.HAL_TIM_OC_DelayElapsedCallback
                0x080061fa       0x14 Drivers/STM32L5xx_HAL_Driver/Src/stm32l5xx_hal_tim.o
                0x080061fa                HAL_TIM_OC_DelayElapsedCallback
 .text.HAL_TIM_IC_CaptureCallback
                0x0800620e       0x14 Drivers/STM32L5xx_HAL_Driver/Src/stm32l5xx_hal_tim.o
                0x0800620e                HAL_TIM_IC_CaptureCallback
 .text.HAL_TIM_TriggerCallback
                0x08006222       0x14 Drivers/STM32L5xx_HAL_Driver/Src/stm32l5xx_hal_tim.o
                0x08006222                HAL_TIM_TriggerCallback
 *fill*         0x08006236        0x2 
 .text.TIM_Base_SetConfig
                0x08006238      0x14c Drivers/STM32L5xx_HAL_Driver/Src/stm32l5xx_hal_tim.o
                0x08006238                TIM_Base_SetConfig
 .text.TIM_OC1_SetConfig
                0x08006384      0x120 Drivers/STM32L5xx_HAL_Driver/Src/stm32l5xx_hal_tim.o
 .text.TIM_OC2_SetConfig
                0x080064a4      0x114 Drivers/STM32L5xx_HAL_Driver/Src/stm32l5xx_hal_tim.o
                0x080064a4                TIM_OC2_SetConfig
 .text.TIM_OC3_SetConfig
                0x080065b8      0x110 Drivers/STM32L5xx_HAL_Driver/Src/stm32l5xx_hal_tim.o
 .text.TIM_OC4_SetConfig
                0x080066c8       0xd4 Drivers/STM32L5xx_HAL_Driver/Src/stm32l5xx_hal_tim.o
 .text.TIM_OC5_SetConfig
                0x0800679c       0xc8 Drivers/STM32L5xx_HAL_Driver/Src/stm32l5xx_hal_tim.o
 .text.TIM_OC6_SetConfig
                0x08006864       0xcc Drivers/STM32L5xx_HAL_Driver/Src/stm32l5xx_hal_tim.o
 .text.TIM_TI1_ConfigInputStage
                0x08006930       0x5e Drivers/STM32L5xx_HAL_Driver/Src/stm32l5xx_hal_tim.o
 .text.TIM_TI2_ConfigInputStage
                0x0800698e       0x60 Drivers/STM32L5xx_HAL_Driver/Src/stm32l5xx_hal_tim.o
 .text.TIM_ITRx_SetConfig
                0x080069ee       0x3a Drivers/STM32L5xx_HAL_Driver/Src/stm32l5xx_hal_tim.o
 .text.TIM_ETR_SetConfig
                0x08006a28       0x40 Drivers/STM32L5xx_HAL_Driver/Src/stm32l5xx_hal_tim.o
                0x08006a28                TIM_ETR_SetConfig
 .text.TIM_CCxChannelCmd
                0x08006a68       0x4a Drivers/STM32L5xx_HAL_Driver/Src/stm32l5xx_hal_tim.o
                0x08006a68                TIM_CCxChannelCmd
 *fill*         0x08006ab2        0x2 
 .text.HAL_TIMEx_MasterConfigSynchronization
                0x08006ab4      0x110 Drivers/STM32L5xx_HAL_Driver/Src/stm32l5xx_hal_tim_ex.o
                0x08006ab4                HAL_TIMEx_MasterConfigSynchronization
 .text.HAL_TIMEx_CommutCallback
                0x08006bc4       0x14 Drivers/STM32L5xx_HAL_Driver/Src/stm32l5xx_hal_tim_ex.o
                0x08006bc4                HAL_TIMEx_CommutCallback
 .text.HAL_TIMEx_BreakCallback
                0x08006bd8       0x14 Drivers/STM32L5xx_HAL_Driver/Src/stm32l5xx_hal_tim_ex.o
                0x08006bd8                HAL_TIMEx_BreakCallback
 .text.HAL_TIMEx_Break2Callback
                0x08006bec       0x14 Drivers/STM32L5xx_HAL_Driver/Src/stm32l5xx_hal_tim_ex.o
                0x08006bec                HAL_TIMEx_Break2Callback
 .text.HAL_UART_Init
                0x08006c00       0xa0 Drivers/STM32L5xx_HAL_Driver/Src/stm32l5xx_hal_uart.o
                0x08006c00                HAL_UART_Init
 .text.HAL_UART_Transmit
                0x08006ca0      0x11c Drivers/STM32L5xx_HAL_Driver/Src/stm32l5xx_hal_uart.o
                0x08006ca0                HAL_UART_Transmit
 .text.HAL_UART_Receive
                0x08006dbc      0x190 Drivers/STM32L5xx_HAL_Driver/Src/stm32l5xx_hal_uart.o
                0x08006dbc                HAL_UART_Receive
 .text.HAL_UART_Receive_DMA
                0x08006f4c       0x98 Drivers/STM32L5xx_HAL_Driver/Src/stm32l5xx_hal_uart.o
                0x08006f4c                HAL_UART_Receive_DMA
 .text.HAL_UART_IRQHandler
                0x08006fe4      0x648 Drivers/STM32L5xx_HAL_Driver/Src/stm32l5xx_hal_uart.o
                0x08006fe4                HAL_UART_IRQHandler
 .text.HAL_UART_TxCpltCallback
                0x0800762c       0x14 Drivers/STM32L5xx_HAL_Driver/Src/stm32l5xx_hal_uart.o
                0x0800762c                HAL_UART_TxCpltCallback
 .text.HAL_UART_RxHalfCpltCallback
                0x08007640       0x14 Drivers/STM32L5xx_HAL_Driver/Src/stm32l5xx_hal_uart.o
                0x08007640                HAL_UART_RxHalfCpltCallback
 .text.HAL_UART_ErrorCallback
                0x08007654       0x14 Drivers/STM32L5xx_HAL_Driver/Src/stm32l5xx_hal_uart.o
                0x08007654                HAL_UART_ErrorCallback
 .text.HAL_UARTEx_RxEventCallback
                0x08007668       0x18 Drivers/STM32L5xx_HAL_Driver/Src/stm32l5xx_hal_uart.o
                0x08007668                HAL_UARTEx_RxEventCallback
 .text.UART_SetConfig
                0x08007680      0x600 Drivers/STM32L5xx_HAL_Driver/Src/stm32l5xx_hal_uart.o
                0x08007680                UART_SetConfig
 .text.UART_AdvFeatureConfig
                0x08007c80      0x144 Drivers/STM32L5xx_HAL_Driver/Src/stm32l5xx_hal_uart.o
                0x08007c80                UART_AdvFeatureConfig
 .text.UART_CheckIdleState
                0x08007dc4      0x154 Drivers/STM32L5xx_HAL_Driver/Src/stm32l5xx_hal_uart.o
                0x08007dc4                UART_CheckIdleState
 .text.UART_WaitOnFlagUntilTimeout
                0x08007f18       0xda Drivers/STM32L5xx_HAL_Driver/Src/stm32l5xx_hal_uart.o
                0x08007f18                UART_WaitOnFlagUntilTimeout
 *fill*         0x08007ff2        0x2 
 .text.UART_Start_Receive_DMA
                0x08007ff4      0x14c Drivers/STM32L5xx_HAL_Driver/Src/stm32l5xx_hal_uart.o
                0x08007ff4                UART_Start_Receive_DMA
 .text.UART_EndTxTransfer
                0x08008140       0x82 Drivers/STM32L5xx_HAL_Driver/Src/stm32l5xx_hal_uart.o
 .text.UART_EndRxTransfer
                0x080081c2       0xcc Drivers/STM32L5xx_HAL_Driver/Src/stm32l5xx_hal_uart.o
 .text.UART_DMAReceiveCplt
                0x0800828e      0x12c Drivers/STM32L5xx_HAL_Driver/Src/stm32l5xx_hal_uart.o
 .text.UART_DMARxHalfCplt
                0x080083ba       0x3e Drivers/STM32L5xx_HAL_Driver/Src/stm32l5xx_hal_uart.o
 .text.UART_DMAError
                0x080083f8       0x80 Drivers/STM32L5xx_HAL_Driver/Src/stm32l5xx_hal_uart.o
 .text.UART_DMAAbortOnError
                0x08008478       0x2c Drivers/STM32L5xx_HAL_Driver/Src/stm32l5xx_hal_uart.o
 .text.UART_EndTransmit_IT
                0x080084a4       0x56 Drivers/STM32L5xx_HAL_Driver/Src/stm32l5xx_hal_uart.o
 .text.HAL_UARTEx_WakeupCallback
                0x080084fa       0x14 Drivers/STM32L5xx_HAL_Driver/Src/stm32l5xx_hal_uart_ex.o
                0x080084fa                HAL_UARTEx_WakeupCallback
 .text.HAL_UARTEx_RxFifoFullCallback
                0x0800850e       0x14 Drivers/STM32L5xx_HAL_Driver/Src/stm32l5xx_hal_uart_ex.o
                0x0800850e                HAL_UARTEx_RxFifoFullCallback
 .text.HAL_UARTEx_TxFifoEmptyCallback
                0x08008522       0x14 Drivers/STM32L5xx_HAL_Driver/Src/stm32l5xx_hal_uart_ex.o
                0x08008522                HAL_UARTEx_TxFifoEmptyCallback
 .text.HAL_UARTEx_DisableFifoMode
                0x08008536       0x72 Drivers/STM32L5xx_HAL_Driver/Src/stm32l5xx_hal_uart_ex.o
                0x08008536                HAL_UARTEx_DisableFifoMode
 .text.HAL_UARTEx_SetTxFifoThreshold
                0x080085a8       0x7c Drivers/STM32L5xx_HAL_Driver/Src/stm32l5xx_hal_uart_ex.o
                0x080085a8                HAL_UARTEx_SetTxFifoThreshold
 .text.HAL_UARTEx_SetRxFifoThreshold
                0x08008624       0x7c Drivers/STM32L5xx_HAL_Driver/Src/stm32l5xx_hal_uart_ex.o
                0x08008624                HAL_UARTEx_SetRxFifoThreshold
 .text.UARTEx_SetNbDataToProcess
                0x080086a0       0x9c Drivers/STM32L5xx_HAL_Driver/Src/stm32l5xx_hal_uart_ex.o
 .text.LL_GPIO_SetPinMode
                0x0800873c       0x7a Drivers/STM32L5xx_HAL_Driver/Src/stm32l5xx_ll_gpio.o
 .text.LL_GPIO_SetPinOutputType
                0x080087b6       0x30 Drivers/STM32L5xx_HAL_Driver/Src/stm32l5xx_ll_gpio.o
 .text.LL_GPIO_SetPinSpeed
                0x080087e6       0x7a Drivers/STM32L5xx_HAL_Driver/Src/stm32l5xx_ll_gpio.o
 .text.LL_GPIO_SetPinPull
                0x08008860       0x7a Drivers/STM32L5xx_HAL_Driver/Src/stm32l5xx_ll_gpio.o
 .text.LL_GPIO_SetAFPin_0_7
                0x080088da       0x7a Drivers/STM32L5xx_HAL_Driver/Src/stm32l5xx_ll_gpio.o
 .text.LL_GPIO_SetAFPin_8_15
                0x08008954       0x7e Drivers/STM32L5xx_HAL_Driver/Src/stm32l5xx_ll_gpio.o
 .text.LL_GPIO_Init
                0x080089d2       0xda Drivers/STM32L5xx_HAL_Driver/Src/stm32l5xx_ll_gpio.o
                0x080089d2                LL_GPIO_Init
 .text.USB_DisableGlobalInt
                0x08008aac       0x36 Drivers/STM32L5xx_HAL_Driver/Src/stm32l5xx_ll_usb.o
                0x08008aac                USB_DisableGlobalInt
 .text.USB_DevInit
                0x08008ae2       0x3c Drivers/STM32L5xx_HAL_Driver/Src/stm32l5xx_ll_usb.o
                0x08008ae2                USB_DevInit
 .text.memset   0x08008b1e       0x10 /opt/st/stm32cubeide_1.15.1/plugins/com.st.stm32cube.ide.mcu.externaltools.gnu-tools-for-stm32.12.3.rel1.linux64_1.0.100.202403111256/tools/bin/../lib/gcc/arm-none-eabi/12.3.1/../../../../arm-none-eabi/lib/thumb/v8-m.main+fp/hard/libc_nano.a(libc_a-memset.o)
                0x08008b1e                memset
 *fill*         0x08008b2e        0x2 
 .text.__libc_init_array
                0x08008b30       0x48 /opt/st/stm32cubeide_1.15.1/plugins/com.st.stm32cube.ide.mcu.externaltools.gnu-tools-for-stm32.12.3.rel1.linux64_1.0.100.202403111256/tools/bin/../lib/gcc/arm-none-eabi/12.3.1/../../../../arm-none-eabi/lib/thumb/v8-m.main+fp/hard/libc_nano.a(libc_a-init.o)
                0x08008b30                __libc_init_array
 *(.glue_7)
 .glue_7        0x08008b78        0x0 linker stubs
 *(.glue_7t)
 .glue_7t       0x08008b78        0x0 linker stubs
 *(.eh_frame)
 .eh_frame      0x08008b78        0x0 /opt/st/stm32cubeide_1.15.1/plugins/com.st.stm32cube.ide.mcu.externaltools.gnu-tools-for-stm32.12.3.rel1.linux64_1.0.100.202403111256/tools/bin/../lib/gcc/arm-none-eabi/12.3.1/thumb/v8-m.main+fp/hard/crtbegin.o
 *(.init)
 .init          0x08008b78        0x4 /opt/st/stm32cubeide_1.15.1/plugins/com.st.stm32cube.ide.mcu.externaltools.gnu-tools-for-stm32.12.3.rel1.linux64_1.0.100.202403111256/tools/bin/../lib/gcc/arm-none-eabi/12.3.1/thumb/v8-m.main+fp/hard/crti.o
                0x08008b78                _init
 .init          0x08008b7c        0x8 /opt/st/stm32cubeide_1.15.1/plugins/com.st.stm32cube.ide.mcu.externaltools.gnu-tools-for-stm32.12.3.rel1.linux64_1.0.100.202403111256/tools/bin/../lib/gcc/arm-none-eabi/12.3.1/thumb/v8-m.main+fp/hard/crtn.o
 *(.fini)
 .fini          0x08008b84        0x4 /opt/st/stm32cubeide_1.15.1/plugins/com.st.stm32cube.ide.mcu.externaltools.gnu-tools-for-stm32.12.3.rel1.linux64_1.0.100.202403111256/tools/bin/../lib/gcc/arm-none-eabi/12.3.1/thumb/v8-m.main+fp/hard/crti.o
                0x08008b84                _fini
 .fini          0x08008b88        0x8 /opt/st/stm32cubeide_1.15.1/plugins/com.st.stm32cube.ide.mcu.externaltools.gnu-tools-for-stm32.12.3.rel1.linux64_1.0.100.202403111256/tools/bin/../lib/gcc/arm-none-eabi/12.3.1/thumb/v8-m.main+fp/hard/crtn.o
                0x08008b90                        . = ALIGN (0x4)
                0x08008b90                        _etext = .

.vfp11_veneer   0x08008b90        0x0
 .vfp11_veneer  0x08008b90        0x0 linker stubs

.v4_bx          0x08008b90        0x0
 .v4_bx         0x08008b90        0x0 linker stubs

.iplt           0x08008b90        0x0
 .iplt          0x08008b90        0x0 /opt/st/stm32cubeide_1.15.1/plugins/com.st.stm32cube.ide.mcu.externaltools.gnu-tools-for-stm32.12.3.rel1.linux64_1.0.100.202403111256/tools/bin/../lib/gcc/arm-none-eabi/12.3.1/thumb/v8-m.main+fp/hard/crtbegin.o

.rodata         0x08008b90       0x84
                0x08008b90                        . = ALIGN (0x4)
 *(.rodata)
 *(.rodata*)
 .rodata.AHBPrescTable
                0x08008b90       0x10 Core/Src/system_stm32l5xx.o
                0x08008b90                AHBPrescTable
 .rodata.APBPrescTable
                0x08008ba0        0x8 Core/Src/system_stm32l5xx.o
                0x08008ba0                APBPrescTable
 .rodata.MSIRangeTable
                0x08008ba8       0x40 Core/Src/system_stm32l5xx.o
                0x08008ba8                MSIRangeTable
 .rodata.handshake_message
                0x08008be8        0x1 Core/Src/uart_joy_input.o
                0x08008be8                handshake_message
 *fill*         0x08008be9        0x3 
 .rodata.UARTPrescTable
                0x08008bec       0x18 Drivers/STM32L5xx_HAL_Driver/Src/stm32l5xx_hal_uart.o
                0x08008bec                UARTPrescTable
 .rodata.numerator.1
                0x08008c04        0x8 Drivers/STM32L5xx_HAL_Driver/Src/stm32l5xx_hal_uart_ex.o
 .rodata.denominator.0
                0x08008c0c        0x8 Drivers/STM32L5xx_HAL_Driver/Src/stm32l5xx_hal_uart_ex.o
                0x08008c14                        . = ALIGN (0x4)

.ARM.extab      0x08008c14        0x0
                0x08008c14                        . = ALIGN (0x4)
 *(.ARM.extab* .gnu.linkonce.armextab.*)
                0x08008c14                        . = ALIGN (0x4)

.ARM            0x08008c14        0x8
                0x08008c14                        . = ALIGN (0x4)
                0x08008c14                        __exidx_start = .
 *(.ARM.exidx*)
 .ARM.exidx     0x08008c14        0x8 /opt/st/stm32cubeide_1.15.1/plugins/com.st.stm32cube.ide.mcu.externaltools.gnu-tools-for-stm32.12.3.rel1.linux64_1.0.100.202403111256/tools/bin/../lib/gcc/arm-none-eabi/12.3.1/thumb/v8-m.main+fp/hard/libgcc.a(_udivmoddi4.o)
                0x08008c1c                        __exidx_end = .
                0x08008c1c                        . = ALIGN (0x4)

.rel.dyn        0x08008c1c        0x0
 .rel.iplt      0x08008c1c        0x0 /opt/st/stm32cubeide_1.15.1/plugins/com.st.stm32cube.ide.mcu.externaltools.gnu-tools-for-stm32.12.3.rel1.linux64_1.0.100.202403111256/tools/bin/../lib/gcc/arm-none-eabi/12.3.1/thumb/v8-m.main+fp/hard/crtbegin.o

.preinit_array  0x08008c1c        0x0
                0x08008c1c                        . = ALIGN (0x4)
                0x08008c1c                        PROVIDE (__preinit_array_start = .)
 *(.preinit_array*)
                0x08008c1c                        PROVIDE (__preinit_array_end = .)
                0x08008c1c                        . = ALIGN (0x4)

.init_array     0x08008c1c        0x4
                0x08008c1c                        . = ALIGN (0x4)
                0x08008c1c                        PROVIDE (__init_array_start = .)
 *(SORT_BY_NAME(.init_array.*))
 *(.init_array*)
 .init_array    0x08008c1c        0x4 /opt/st/stm32cubeide_1.15.1/plugins/com.st.stm32cube.ide.mcu.externaltools.gnu-tools-for-stm32.12.3.rel1.linux64_1.0.100.202403111256/tools/bin/../lib/gcc/arm-none-eabi/12.3.1/thumb/v8-m.main+fp/hard/crtbegin.o
                0x08008c20                        PROVIDE (__init_array_end = .)
                0x08008c20                        . = ALIGN (0x4)

.fini_array     0x08008c20        0x4
                0x08008c20                        . = ALIGN (0x4)
                [!provide]                        PROVIDE (__fini_array_start = .)
 *(SORT_BY_NAME(.fini_array.*))
 *(.fini_array*)
 .fini_array    0x08008c20        0x4 /opt/st/stm32cubeide_1.15.1/plugins/com.st.stm32cube.ide.mcu.externaltools.gnu-tools-for-stm32.12.3.rel1.linux64_1.0.100.202403111256/tools/bin/../lib/gcc/arm-none-eabi/12.3.1/thumb/v8-m.main+fp/hard/crtbegin.o
                [!provide]                        PROVIDE (__fini_array_end = .)
                0x08008c24                        . = ALIGN (0x4)
                0x08008c24                        _sidata = LOADADDR (.data)

.data           0x20000000        0xc load address 0x08008c24
                0x20000000                        . = ALIGN (0x4)
                0x20000000                        _sdata = .
 *(.data)
 *(.data*)
 .data.SystemCoreClock
                0x20000000        0x4 Core/Src/system_stm32l5xx.o
                0x20000000                SystemCoreClock
 .data.uwTickPrio
                0x20000004        0x4 Drivers/STM32L5xx_HAL_Driver/Src/stm32l5xx_hal.o
                0x20000004                uwTickPrio
 .data.uwTickFreq
                0x20000008        0x1 Drivers/STM32L5xx_HAL_Driver/Src/stm32l5xx_hal.o
                0x20000008                uwTickFreq
 *(.RamFunc)
 *(.RamFunc*)
                0x2000000c                        . = ALIGN (0x4)
 *fill*         0x20000009        0x3 
                0x2000000c                        _edata = .

.igot.plt       0x2000000c        0x0 load address 0x08008c30
 .igot.plt      0x2000000c        0x0 /opt/st/stm32cubeide_1.15.1/plugins/com.st.stm32cube.ide.mcu.externaltools.gnu-tools-for-stm32.12.3.rel1.linux64_1.0.100.202403111256/tools/bin/../lib/gcc/arm-none-eabi/12.3.1/thumb/v8-m.main+fp/hard/crtbegin.o
                0x2000000c                        . = ALIGN (0x4)

.bss            0x2000000c      0x5d0 load address 0x08008c30
                0x2000000c                        _sbss = .
                0x2000000c                        __bss_start__ = _sbss
 *(.bss)
 .bss           0x2000000c       0x1c /opt/st/stm32cubeide_1.15.1/plugins/com.st.stm32cube.ide.mcu.externaltools.gnu-tools-for-stm32.12.3.rel1.linux64_1.0.100.202403111256/tools/bin/../lib/gcc/arm-none-eabi/12.3.1/thumb/v8-m.main+fp/hard/crtbegin.o
 *(.bss*)
 .bss.hadc1     0x20000028       0x68 Core/Src/adc.o
                0x20000028                hadc1
 .bss.hiwdg     0x20000090       0x10 Core/Src/iwdg.o
                0x20000090                hiwdg
 .bss.motor_output
                0x200000a0        0x8 Core/Src/motor_pwm_interface.o
 .bss.hrtc      0x200000a8       0x28 Core/Src/rtc.o
                0x200000a8                hrtc
 .bss.htim3     0x200000d0       0x4c Core/Src/tim.o
                0x200000d0                htim3
 .bss.htim4     0x2000011c       0x4c Core/Src/tim.o
                0x2000011c                htim4
 .bss.UART_rxBuffer
                0x20000168        0x4 Core/Src/uart_joy_input.o
                0x20000168                UART_rxBuffer
 .bss.hlpuart1  0x2000016c       0x94 Core/Src/usart.o
                0x2000016c                hlpuart1
 .bss.huart4    0x20000200       0x94 Core/Src/usart.o
                0x20000200                huart4
 .bss.hdma_uart4_rx
                0x20000294       0x68 Core/Src/usart.o
                0x20000294                hdma_uart4_rx
 .bss.hpcd_USB_FS
                0x200002fc      0x2dc Core/Src/usb.o
                0x200002fc                hpcd_USB_FS
 .bss.uwTick    0x200005d8        0x4 Drivers/STM32L5xx_HAL_Driver/Src/stm32l5xx_hal.o
                0x200005d8                uwTick
 *(COMMON)
                0x200005dc                        . = ALIGN (0x4)
                0x200005dc                        _ebss = .
                0x200005dc                        __bss_end__ = _ebss

._user_heap_stack
                0x200005dc      0x604 load address 0x08008c30
                0x200005e0                        . = ALIGN (0x8)
 *fill*         0x200005dc        0x4 
                [!provide]                        PROVIDE (end = .)
                0x200005e0                        PROVIDE (_end = .)
                0x200007e0                        . = (. + _Min_Heap_Size)
 *fill*         0x200005e0      0x200 
                0x20000be0                        . = (. + _Min_Stack_Size)
 *fill*         0x200007e0      0x400 
                0x20000be0                        . = ALIGN (0x8)

/DISCARD/
 libc.a(*)
 libm.a(*)
 libgcc.a(*)

.ARM.attributes
                0x00000000       0x36
 *(.ARM.attributes)
 .ARM.attributes
                0x00000000       0x26 /opt/st/stm32cubeide_1.15.1/plugins/com.st.stm32cube.ide.mcu.externaltools.gnu-tools-for-stm32.12.3.rel1.linux64_1.0.100.202403111256/tools/bin/../lib/gcc/arm-none-eabi/12.3.1/thumb/v8-m.main+fp/hard/crti.o
 .ARM.attributes
                0x00000026       0x38 /opt/st/stm32cubeide_1.15.1/plugins/com.st.stm32cube.ide.mcu.externaltools.gnu-tools-for-stm32.12.3.rel1.linux64_1.0.100.202403111256/tools/bin/../lib/gcc/arm-none-eabi/12.3.1/thumb/v8-m.main+fp/hard/crtbegin.o
 .ARM.attributes
                0x0000005e       0x3a Core/Src/adc.o
 .ARM.attributes
                0x00000098       0x3a Core/Src/arcade_controller.o
 .ARM.attributes
                0x000000d2       0x3a Core/Src/dma.o
 .ARM.attributes
                0x0000010c       0x3a Core/Src/gpio.o
 .ARM.attributes
                0x00000146       0x3a Core/Src/icache.o
 .ARM.attributes
                0x00000180       0x3a Core/Src/iwdg.o
 .ARM.attributes
                0x000001ba       0x3a Core/Src/main.o
 .ARM.attributes
                0x000001f4       0x3a Core/Src/motor_pwm_interface.o
 .ARM.attributes
                0x0000022e       0x3a Core/Src/rtc.o
 .ARM.attributes
                0x00000268       0x3a Core/Src/stm32l5xx_hal_msp.o
 .ARM.attributes
                0x000002a2       0x3a Core/Src/stm32l5xx_it.o
 .ARM.attributes
                0x000002dc       0x3a Core/Src/system_stm32l5xx.o
 .ARM.attributes
                0x00000316       0x3a Core/Src/tim.o
 .ARM.attributes
                0x00000350       0x3a Core/Src/uart_joy_input.o
 .ARM.attributes
                0x0000038a       0x3a Core/Src/ucpd.o
 .ARM.attributes
                0x000003c4       0x3a Core/Src/usart.o
 .ARM.attributes
                0x000003fe       0x3a Core/Src/usb.o
 .ARM.attributes
                0x00000438       0x24 Core/Startup/startup_stm32l552zetxq.o
 .ARM.attributes
                0x0000045c       0x3a Drivers/STM32L5xx_HAL_Driver/Src/stm32l5xx_hal.o
 .ARM.attributes
                0x00000496       0x3a Drivers/STM32L5xx_HAL_Driver/Src/stm32l5xx_hal_adc.o
 .ARM.attributes
                0x000004d0       0x3a Drivers/STM32L5xx_HAL_Driver/Src/stm32l5xx_hal_adc_ex.o
 .ARM.attributes
                0x0000050a       0x3a Drivers/STM32L5xx_HAL_Driver/Src/stm32l5xx_hal_cortex.o
 .ARM.attributes
                0x00000544       0x3a Drivers/STM32L5xx_HAL_Driver/Src/stm32l5xx_hal_dma.o
 .ARM.attributes
                0x0000057e       0x3a Drivers/STM32L5xx_HAL_Driver/Src/stm32l5xx_hal_gpio.o
 .ARM.attributes
                0x000005b8       0x3a Drivers/STM32L5xx_HAL_Driver/Src/stm32l5xx_hal_icache.o
 .ARM.attributes
                0x000005f2       0x3a Drivers/STM32L5xx_HAL_Driver/Src/stm32l5xx_hal_iwdg.o
 .ARM.attributes
                0x0000062c       0x3a Drivers/STM32L5xx_HAL_Driver/Src/stm32l5xx_hal_pcd.o
 .ARM.attributes
                0x00000666       0x3a Drivers/STM32L5xx_HAL_Driver/Src/stm32l5xx_hal_pcd_ex.o
 .ARM.attributes
                0x000006a0       0x3a Drivers/STM32L5xx_HAL_Driver/Src/stm32l5xx_hal_pwr.o
 .ARM.attributes
                0x000006da       0x3a Drivers/STM32L5xx_HAL_Driver/Src/stm32l5xx_hal_pwr_ex.o
 .ARM.attributes
                0x00000714       0x3a Drivers/STM32L5xx_HAL_Driver/Src/stm32l5xx_hal_rcc.o
 .ARM.attributes
                0x0000074e       0x3a Drivers/STM32L5xx_HAL_Driver/Src/stm32l5xx_hal_rcc_ex.o
 .ARM.attributes
                0x00000788       0x3a Drivers/STM32L5xx_HAL_Driver/Src/stm32l5xx_hal_rtc.o
 .ARM.attributes
                0x000007c2       0x3a Drivers/STM32L5xx_HAL_Driver/Src/stm32l5xx_hal_rtc_ex.o
 .ARM.attributes
                0x000007fc       0x3a Drivers/STM32L5xx_HAL_Driver/Src/stm32l5xx_hal_tim.o
 .ARM.attributes
                0x00000836       0x3a Drivers/STM32L5xx_HAL_Driver/Src/stm32l5xx_hal_tim_ex.o
 .ARM.attributes
                0x00000870       0x3a Drivers/STM32L5xx_HAL_Driver/Src/stm32l5xx_hal_uart.o
 .ARM.attributes
                0x000008aa       0x3a Drivers/STM32L5xx_HAL_Driver/Src/stm32l5xx_hal_uart_ex.o
 .ARM.attributes
                0x000008e4       0x3a Drivers/STM32L5xx_HAL_Driver/Src/stm32l5xx_ll_gpio.o
 .ARM.attributes
                0x0000091e       0x3a Drivers/STM32L5xx_HAL_Driver/Src/stm32l5xx_ll_usb.o
 .ARM.attributes
                0x00000958       0x38 /opt/st/stm32cubeide_1.15.1/plugins/com.st.stm32cube.ide.mcu.externaltools.gnu-tools-for-stm32.12.3.rel1.linux64_1.0.100.202403111256/tools/bin/../lib/gcc/arm-none-eabi/12.3.1/../../../../arm-none-eabi/lib/thumb/v8-m.main+fp/hard/libc_nano.a(libc_a-memset.o)
 .ARM.attributes
                0x00000990       0x38 /opt/st/stm32cubeide_1.15.1/plugins/com.st.stm32cube.ide.mcu.externaltools.gnu-tools-for-stm32.12.3.rel1.linux64_1.0.100.202403111256/tools/bin/../lib/gcc/arm-none-eabi/12.3.1/../../../../arm-none-eabi/lib/thumb/v8-m.main+fp/hard/libc_nano.a(libc_a-init.o)
 .ARM.attributes
                0x000009c8       0x26 /opt/st/stm32cubeide_1.15.1/plugins/com.st.stm32cube.ide.mcu.externaltools.gnu-tools-for-stm32.12.3.rel1.linux64_1.0.100.202403111256/tools/bin/../lib/gcc/arm-none-eabi/12.3.1/thumb/v8-m.main+fp/hard/libgcc.a(_aeabi_uldivmod.o)
 .ARM.attributes
                0x000009ee       0x38 /opt/st/stm32cubeide_1.15.1/plugins/com.st.stm32cube.ide.mcu.externaltools.gnu-tools-for-stm32.12.3.rel1.linux64_1.0.100.202403111256/tools/bin/../lib/gcc/arm-none-eabi/12.3.1/thumb/v8-m.main+fp/hard/libgcc.a(_udivmoddi4.o)
 .ARM.attributes
                0x00000a26       0x26 /opt/st/stm32cubeide_1.15.1/plugins/com.st.stm32cube.ide.mcu.externaltools.gnu-tools-for-stm32.12.3.rel1.linux64_1.0.100.202403111256/tools/bin/../lib/gcc/arm-none-eabi/12.3.1/thumb/v8-m.main+fp/hard/libgcc.a(_dvmd_tls.o)
 .ARM.attributes
                0x00000a4c       0x26 /opt/st/stm32cubeide_1.15.1/plugins/com.st.stm32cube.ide.mcu.externaltools.gnu-tools-for-stm32.12.3.rel1.linux64_1.0.100.202403111256/tools/bin/../lib/gcc/arm-none-eabi/12.3.1/thumb/v8-m.main+fp/hard/crtn.o
OUTPUT(DrivetrainController.elf elf32-littlearm)
LOAD linker stubs
LOAD /opt/st/stm32cubeide_1.15.1/plugins/com.st.stm32cube.ide.mcu.externaltools.gnu-tools-for-stm32.12.3.rel1.linux64_1.0.100.202403111256/tools/bin/../lib/gcc/arm-none-eabi/12.3.1/../../../../arm-none-eabi/lib/thumb/v8-m.main+fp/hard/libc.a
LOAD /opt/st/stm32cubeide_1.15.1/plugins/com.st.stm32cube.ide.mcu.externaltools.gnu-tools-for-stm32.12.3.rel1.linux64_1.0.100.202403111256/tools/bin/../lib/gcc/arm-none-eabi/12.3.1/../../../../arm-none-eabi/lib/thumb/v8-m.main+fp/hard/libm.a
LOAD /opt/st/stm32cubeide_1.15.1/plugins/com.st.stm32cube.ide.mcu.externaltools.gnu-tools-for-stm32.12.3.rel1.linux64_1.0.100.202403111256/tools/bin/../lib/gcc/arm-none-eabi/12.3.1/thumb/v8-m.main+fp/hard/libgcc.a

.debug_info     0x00000000    0x250c5
 .debug_info    0x00000000     0x1160 Core/Src/adc.o
 .debug_info    0x00001160      0x91d Core/Src/arcade_controller.o
 .debug_info    0x00001a7d      0x6bf Core/Src/dma.o
 .debug_info    0x0000213c      0x5d6 Core/Src/gpio.o
 .debug_info    0x00002712      0x14a Core/Src/icache.o
 .debug_info    0x0000285c      0x21e Core/Src/iwdg.o
 .debug_info    0x00002a7a      0x756 Core/Src/main.o
 .debug_info    0x000031d0      0x981 Core/Src/motor_pwm_interface.o
 .debug_info    0x00003b51      0x9b5 Core/Src/rtc.o
 .debug_info    0x00004506      0x3c8 Core/Src/stm32l5xx_hal_msp.o
 .debug_info    0x000048ce      0xca5 Core/Src/stm32l5xx_it.o
 .debug_info    0x00005573      0x7e2 Core/Src/system_stm32l5xx.o
 .debug_info    0x00005d55     0x1294 Core/Src/tim.o
 .debug_info    0x00006fe9      0xb22 Core/Src/uart_joy_input.o
 .debug_info    0x00007b0b      0x569 Core/Src/ucpd.o
 .debug_info    0x00008074     0x13a9 Core/Src/usart.o
 .debug_info    0x0000941d      0xcff Core/Src/usb.o
 .debug_info    0x0000a11c       0x30 Core/Startup/startup_stm32l552zetxq.o
 .debug_info    0x0000a14c      0xcf3 Drivers/STM32L5xx_HAL_Driver/Src/stm32l5xx_hal.o
 .debug_info    0x0000ae3f     0x1f20 Drivers/STM32L5xx_HAL_Driver/Src/stm32l5xx_hal_adc.o
 .debug_info    0x0000cd5f     0x1cbb Drivers/STM32L5xx_HAL_Driver/Src/stm32l5xx_hal_adc_ex.o
 .debug_info    0x0000ea1a     0x1106 Drivers/STM32L5xx_HAL_Driver/Src/stm32l5xx_hal_cortex.o
 .debug_info    0x0000fb20      0x920 Drivers/STM32L5xx_HAL_Driver/Src/stm32l5xx_hal_dma.o
 .debug_info    0x00010440      0x5d4 Drivers/STM32L5xx_HAL_Driver/Src/stm32l5xx_hal_gpio.o
 .debug_info    0x00010a14      0x4c1 Drivers/STM32L5xx_HAL_Driver/Src/stm32l5xx_hal_icache.o
 .debug_info    0x00010ed5      0x1f7 Drivers/STM32L5xx_HAL_Driver/Src/stm32l5xx_hal_iwdg.o
 .debug_info    0x000110cc     0x161b Drivers/STM32L5xx_HAL_Driver/Src/stm32l5xx_hal_pcd.o
 .debug_info    0x000126e7      0x80a Drivers/STM32L5xx_HAL_Driver/Src/stm32l5xx_hal_pcd_ex.o
 .debug_info    0x00012ef1      0xcd2 Drivers/STM32L5xx_HAL_Driver/Src/stm32l5xx_hal_pwr.o
 .debug_info    0x00013bc3      0xd73 Drivers/STM32L5xx_HAL_Driver/Src/stm32l5xx_hal_pwr_ex.o
 .debug_info    0x00014936      0xf75 Drivers/STM32L5xx_HAL_Driver/Src/stm32l5xx_hal_rcc.o
 .debug_info    0x000158ab     0x1134 Drivers/STM32L5xx_HAL_Driver/Src/stm32l5xx_hal_rcc_ex.o
 .debug_info    0x000169df      0xf0b Drivers/STM32L5xx_HAL_Driver/Src/stm32l5xx_hal_rtc.o
 .debug_info    0x000178ea     0x19c9 Drivers/STM32L5xx_HAL_Driver/Src/stm32l5xx_hal_rtc_ex.o
 .debug_info    0x000192b3     0x2bdb Drivers/STM32L5xx_HAL_Driver/Src/stm32l5xx_hal_tim.o
 .debug_info    0x0001be8e     0x18b5 Drivers/STM32L5xx_HAL_Driver/Src/stm32l5xx_hal_tim_ex.o
 .debug_info    0x0001d743     0x48fb Drivers/STM32L5xx_HAL_Driver/Src/stm32l5xx_hal_uart.o
 .debug_info    0x0002203e      0xffd Drivers/STM32L5xx_HAL_Driver/Src/stm32l5xx_hal_uart_ex.o
 .debug_info    0x0002303b      0xa1f Drivers/STM32L5xx_HAL_Driver/Src/stm32l5xx_ll_gpio.o
 .debug_info    0x00023a5a     0x166b Drivers/STM32L5xx_HAL_Driver/Src/stm32l5xx_ll_usb.o

.debug_abbrev   0x00000000     0x5330
 .debug_abbrev  0x00000000      0x211 Core/Src/adc.o
 .debug_abbrev  0x00000211      0x19d Core/Src/arcade_controller.o
 .debug_abbrev  0x000003ae      0x131 Core/Src/dma.o
 .debug_abbrev  0x000004df      0x189 Core/Src/gpio.o
 .debug_abbrev  0x00000668       0xe0 Core/Src/icache.o
 .debug_abbrev  0x00000748      0x163 Core/Src/iwdg.o
 .debug_abbrev  0x000008ab      0x225 Core/Src/main.o
 .debug_abbrev  0x00000ad0      0x1ff Core/Src/motor_pwm_interface.o
 .debug_abbrev  0x00000ccf      0x1da Core/Src/rtc.o
 .debug_abbrev  0x00000ea9       0xee Core/Src/stm32l5xx_hal_msp.o
 .debug_abbrev  0x00000f97      0x1ab Core/Src/stm32l5xx_it.o
 .debug_abbrev  0x00001142      0x12b Core/Src/system_stm32l5xx.o
 .debug_abbrev  0x0000126d      0x24a Core/Src/tim.o
 .debug_abbrev  0x000014b7      0x1f0 Core/Src/uart_joy_input.o
 .debug_abbrev  0x000016a7      0x1ba Core/Src/ucpd.o
 .debug_abbrev  0x00001861      0x277 Core/Src/usart.o
 .debug_abbrev  0x00001ad8      0x235 Core/Src/usb.o
 .debug_abbrev  0x00001d0d       0x24 Core/Startup/startup_stm32l552zetxq.o
 .debug_abbrev  0x00001d31      0x2cd Drivers/STM32L5xx_HAL_Driver/Src/stm32l5xx_hal.o
 .debug_abbrev  0x00001ffe      0x2cc Drivers/STM32L5xx_HAL_Driver/Src/stm32l5xx_hal_adc.o
 .debug_abbrev  0x000022ca      0x2ef Drivers/STM32L5xx_HAL_Driver/Src/stm32l5xx_hal_adc_ex.o
 .debug_abbrev  0x000025b9      0x32c Drivers/STM32L5xx_HAL_Driver/Src/stm32l5xx_hal_cortex.o
 .debug_abbrev  0x000028e5      0x1f4 Drivers/STM32L5xx_HAL_Driver/Src/stm32l5xx_hal_dma.o
 .debug_abbrev  0x00002ad9      0x1c2 Drivers/STM32L5xx_HAL_Driver/Src/stm32l5xx_hal_gpio.o
 .debug_abbrev  0x00002c9b      0x228 Drivers/STM32L5xx_HAL_Driver/Src/stm32l5xx_hal_icache.o
 .debug_abbrev  0x00002ec3      0x14d Drivers/STM32L5xx_HAL_Driver/Src/stm32l5xx_hal_iwdg.o
 .debug_abbrev  0x00003010      0x2b9 Drivers/STM32L5xx_HAL_Driver/Src/stm32l5xx_hal_pcd.o
 .debug_abbrev  0x000032c9      0x228 Drivers/STM32L5xx_HAL_Driver/Src/stm32l5xx_hal_pcd_ex.o
 .debug_abbrev  0x000034f1      0x20a Drivers/STM32L5xx_HAL_Driver/Src/stm32l5xx_hal_pwr.o
 .debug_abbrev  0x000036fb      0x28c Drivers/STM32L5xx_HAL_Driver/Src/stm32l5xx_hal_pwr_ex.o
 .debug_abbrev  0x00003987      0x2fd Drivers/STM32L5xx_HAL_Driver/Src/stm32l5xx_hal_rcc.o
 .debug_abbrev  0x00003c84      0x2c8 Drivers/STM32L5xx_HAL_Driver/Src/stm32l5xx_hal_rcc_ex.o
 .debug_abbrev  0x00003f4c      0x212 Drivers/STM32L5xx_HAL_Driver/Src/stm32l5xx_hal_rtc.o
 .debug_abbrev  0x0000415e      0x232 Drivers/STM32L5xx_HAL_Driver/Src/stm32l5xx_hal_rtc_ex.o
 .debug_abbrev  0x00004390      0x277 Drivers/STM32L5xx_HAL_Driver/Src/stm32l5xx_hal_tim.o
 .debug_abbrev  0x00004607      0x297 Drivers/STM32L5xx_HAL_Driver/Src/stm32l5xx_hal_tim_ex.o
 .debug_abbrev  0x0000489e      0x325 Drivers/STM32L5xx_HAL_Driver/Src/stm32l5xx_hal_uart.o
 .debug_abbrev  0x00004bc3      0x2d3 Drivers/STM32L5xx_HAL_Driver/Src/stm32l5xx_hal_uart_ex.o
 .debug_abbrev  0x00004e96      0x253 Drivers/STM32L5xx_HAL_Driver/Src/stm32l5xx_ll_gpio.o
 .debug_abbrev  0x000050e9      0x247 Drivers/STM32L5xx_HAL_Driver/Src/stm32l5xx_ll_usb.o

.debug_aranges  0x00000000     0x1dd8
 .debug_aranges
                0x00000000       0x30 Core/Src/adc.o
 .debug_aranges
                0x00000030       0x20 Core/Src/arcade_controller.o
 .debug_aranges
                0x00000050       0x20 Core/Src/dma.o
 .debug_aranges
                0x00000070       0x20 Core/Src/gpio.o
 .debug_aranges
                0x00000090       0x20 Core/Src/icache.o
 .debug_aranges
                0x000000b0       0x20 Core/Src/iwdg.o
 .debug_aranges
                0x000000d0       0x30 Core/Src/main.o
 .debug_aranges
                0x00000100       0x50 Core/Src/motor_pwm_interface.o
 .debug_aranges
                0x00000150       0x30 Core/Src/rtc.o
 .debug_aranges
                0x00000180       0x20 Core/Src/stm32l5xx_hal_msp.o
 .debug_aranges
                0x000001a0       0x80 Core/Src/stm32l5xx_it.o
 .debug_aranges
                0x00000220       0x28 Core/Src/system_stm32l5xx.o
 .debug_aranges
                0x00000248       0x40 Core/Src/tim.o
 .debug_aranges
                0x00000288       0x28 Core/Src/uart_joy_input.o
 .debug_aranges
                0x000002b0       0x30 Core/Src/ucpd.o
 .debug_aranges
                0x000002e0       0x38 Core/Src/usart.o
 .debug_aranges
                0x00000318       0x30 Core/Src/usb.o
 .debug_aranges
                0x00000348       0x28 Core/Startup/startup_stm32l552zetxq.o
 .debug_aranges
                0x00000370      0x130 Drivers/STM32L5xx_HAL_Driver/Src/stm32l5xx_hal.o
 .debug_aranges
                0x000004a0      0x228 Drivers/STM32L5xx_HAL_Driver/Src/stm32l5xx_hal_adc.o
 .debug_aranges
                0x000006c8      0x1b0 Drivers/STM32L5xx_HAL_Driver/Src/stm32l5xx_hal_adc_ex.o
 .debug_aranges
                0x00000878      0x140 Drivers/STM32L5xx_HAL_Driver/Src/stm32l5xx_hal_cortex.o
 .debug_aranges
                0x000009b8       0xa0 Drivers/STM32L5xx_HAL_Driver/Src/stm32l5xx_hal_dma.o
 .debug_aranges
                0x00000a58       0x60 Drivers/STM32L5xx_HAL_Driver/Src/stm32l5xx_hal_gpio.o
 .debug_aranges
                0x00000ab8       0xa8 Drivers/STM32L5xx_HAL_Driver/Src/stm32l5xx_hal_icache.o
 .debug_aranges
                0x00000b60       0x28 Drivers/STM32L5xx_HAL_Driver/Src/stm32l5xx_hal_iwdg.o
 .debug_aranges
                0x00000b88      0x138 Drivers/STM32L5xx_HAL_Driver/Src/stm32l5xx_hal_pcd.o
 .debug_aranges
                0x00000cc0       0x58 Drivers/STM32L5xx_HAL_Driver/Src/stm32l5xx_hal_pcd_ex.o
 .debug_aranges
                0x00000d18       0xa8 Drivers/STM32L5xx_HAL_Driver/Src/stm32l5xx_hal_pwr.o
 .debug_aranges
                0x00000dc0      0x1b8 Drivers/STM32L5xx_HAL_Driver/Src/stm32l5xx_hal_pwr_ex.o
 .debug_aranges
                0x00000f78       0xa8 Drivers/STM32L5xx_HAL_Driver/Src/stm32l5xx_hal_rcc.o
 .debug_aranges
                0x00001020      0x118 Drivers/STM32L5xx_HAL_Driver/Src/stm32l5xx_hal_rcc_ex.o
 .debug_aranges
                0x00001138       0xe8 Drivers/STM32L5xx_HAL_Driver/Src/stm32l5xx_hal_rtc.o
 .debug_aranges
                0x00001220      0x220 Drivers/STM32L5xx_HAL_Driver/Src/stm32l5xx_hal_rtc_ex.o
 .debug_aranges
                0x00001440      0x3e0 Drivers/STM32L5xx_HAL_Driver/Src/stm32l5xx_hal_tim.o
 .debug_aranges
                0x00001820      0x190 Drivers/STM32L5xx_HAL_Driver/Src/stm32l5xx_hal_tim_ex.o
 .debug_aranges
                0x000019b0      0x248 Drivers/STM32L5xx_HAL_Driver/Src/stm32l5xx_hal_uart.o
 .debug_aranges
                0x00001bf8       0xa8 Drivers/STM32L5xx_HAL_Driver/Src/stm32l5xx_hal_uart_ex.o
 .debug_aranges
                0x00001ca0       0x70 Drivers/STM32L5xx_HAL_Driver/Src/stm32l5xx_ll_gpio.o
 .debug_aranges
                0x00001d10       0xc8 Drivers/STM32L5xx_HAL_Driver/Src/stm32l5xx_ll_usb.o

.debug_rnglists
                0x00000000     0x16db
 .debug_rnglists
                0x00000000       0x21 Core/Src/adc.o
 .debug_rnglists
                0x00000021       0x14 Core/Src/arcade_controller.o
 .debug_rnglists
                0x00000035       0x13 Core/Src/dma.o
 .debug_rnglists
                0x00000048       0x14 Core/Src/gpio.o
 .debug_rnglists
                0x0000005c       0x13 Core/Src/icache.o
 .debug_rnglists
                0x0000006f       0x13 Core/Src/iwdg.o
 .debug_rnglists
                0x00000082       0x20 Core/Src/main.o
 .debug_rnglists
                0x000000a2       0x39 Core/Src/motor_pwm_interface.o
 .debug_rnglists
                0x000000db       0x20 Core/Src/rtc.o
 .debug_rnglists
                0x000000fb       0x13 Core/Src/stm32l5xx_hal_msp.o
 .debug_rnglists
                0x0000010e       0x5b Core/Src/stm32l5xx_it.o
 .debug_rnglists
                0x00000169       0x1a Core/Src/system_stm32l5xx.o
 .debug_rnglists
                0x00000183       0x2f Core/Src/tim.o
 .debug_rnglists
                0x000001b2       0x1a Core/Src/uart_joy_input.o
 .debug_rnglists
                0x000001cc       0x1f Core/Src/ucpd.o
 .debug_rnglists
                0x000001eb       0x28 Core/Src/usart.o
 .debug_rnglists
                0x00000213       0x20 Core/Src/usb.o
 .debug_rnglists
                0x00000233       0x19 Core/Startup/startup_stm32l552zetxq.o
 .debug_rnglists
                0x0000024c       0xdf Drivers/STM32L5xx_HAL_Driver/Src/stm32l5xx_hal.o
 .debug_rnglists
                0x0000032b      0x1a8 Drivers/STM32L5xx_HAL_Driver/Src/stm32l5xx_hal_adc.o
 .debug_rnglists
                0x000004d3      0x14e Drivers/STM32L5xx_HAL_Driver/Src/stm32l5xx_hal_adc_ex.o
 .debug_rnglists
                0x00000621       0xeb Drivers/STM32L5xx_HAL_Driver/Src/stm32l5xx_hal_cortex.o
 .debug_rnglists
                0x0000070c       0x7d Drivers/STM32L5xx_HAL_Driver/Src/stm32l5xx_hal_dma.o
 .debug_rnglists
                0x00000789       0x45 Drivers/STM32L5xx_HAL_Driver/Src/stm32l5xx_hal_gpio.o
 .debug_rnglists
                0x000007ce       0x7a Drivers/STM32L5xx_HAL_Driver/Src/stm32l5xx_hal_icache.o
 .debug_rnglists
                0x00000848       0x1a Drivers/STM32L5xx_HAL_Driver/Src/stm32l5xx_hal_iwdg.o
 .debug_rnglists
                0x00000862       0xee Drivers/STM32L5xx_HAL_Driver/Src/stm32l5xx_hal_pcd.o
 .debug_rnglists
                0x00000950       0x3f Drivers/STM32L5xx_HAL_Driver/Src/stm32l5xx_hal_pcd_ex.o
 .debug_rnglists
                0x0000098f       0x7a Drivers/STM32L5xx_HAL_Driver/Src/stm32l5xx_hal_pwr.o
 .debug_rnglists
                0x00000a09      0x14e Drivers/STM32L5xx_HAL_Driver/Src/stm32l5xx_hal_pwr_ex.o
 .debug_rnglists
                0x00000b57       0x80 Drivers/STM32L5xx_HAL_Driver/Src/stm32l5xx_hal_rcc.o
 .debug_rnglists
                0x00000bd7       0xdd Drivers/STM32L5xx_HAL_Driver/Src/stm32l5xx_hal_rcc_ex.o
 .debug_rnglists
                0x00000cb4       0xb3 Drivers/STM32L5xx_HAL_Driver/Src/stm32l5xx_hal_rtc.o
 .debug_rnglists
                0x00000d67      0x1a2 Drivers/STM32L5xx_HAL_Driver/Src/stm32l5xx_hal_rtc_ex.o
 .debug_rnglists
                0x00000f09      0x328 Drivers/STM32L5xx_HAL_Driver/Src/stm32l5xx_hal_tim.o
 .debug_rnglists
                0x00001231      0x147 Drivers/STM32L5xx_HAL_Driver/Src/stm32l5xx_hal_tim_ex.o
 .debug_rnglists
                0x00001378      0x1fa Drivers/STM32L5xx_HAL_Driver/Src/stm32l5xx_hal_uart.o
 .debug_rnglists
                0x00001572       0x7f Drivers/STM32L5xx_HAL_Driver/Src/stm32l5xx_hal_uart_ex.o
 .debug_rnglists
                0x000015f1       0x51 Drivers/STM32L5xx_HAL_Driver/Src/stm32l5xx_ll_gpio.o
 .debug_rnglists
                0x00001642       0x99 Drivers/STM32L5xx_HAL_Driver/Src/stm32l5xx_ll_usb.o

.debug_macro    0x00000000    0x32d93
 .debug_macro   0x00000000      0x3d7 Core/Src/adc.o
 .debug_macro   0x000003d7      0xac0 Core/Src/adc.o
 .debug_macro   0x00000e97      0x1ae Core/Src/adc.o
 .debug_macro   0x00001045       0x2e Core/Src/adc.o
 .debug_macro   0x00001073       0x42 Core/Src/adc.o
 .debug_macro   0x000010b5       0x22 Core/Src/adc.o
 .debug_macro   0x000010d7       0x8e Core/Src/adc.o
 .debug_macro   0x00001165       0x51 Core/Src/adc.o
 .debug_macro   0x000011b6      0x103 Core/Src/adc.o
 .debug_macro   0x000012b9       0x6a Core/Src/adc.o
 .debug_macro   0x00001323      0x1df Core/Src/adc.o
 .debug_macro   0x00001502       0x1c Core/Src/adc.o
 .debug_macro   0x0000151e       0x29 Core/Src/adc.o
 .debug_macro   0x00001547       0xfb Core/Src/adc.o
 .debug_macro   0x00001642     0x1336 Core/Src/adc.o
 .debug_macro   0x00002978       0x5e Core/Src/adc.o
 .debug_macro   0x000029d6    0x1aca2 Core/Src/adc.o
 .debug_macro   0x0001d678       0x6c Core/Src/adc.o
 .debug_macro   0x0001d6e4     0x353c Core/Src/adc.o
 .debug_macro   0x00020c20      0x189 Core/Src/adc.o
 .debug_macro   0x00020da9       0x5d Core/Src/adc.o
 .debug_macro   0x00020e06     0x1987 Core/Src/adc.o
 .debug_macro   0x0002278d      0xa52 Core/Src/adc.o
 .debug_macro   0x000231df      0x1cf Core/Src/adc.o
 .debug_macro   0x000233ae      0x1d8 Core/Src/adc.o
 .debug_macro   0x00023586      0x4e1 Core/Src/adc.o
 .debug_macro   0x00023a67      0x1ab Core/Src/adc.o
 .debug_macro   0x00023c12       0x4a Core/Src/adc.o
 .debug_macro   0x00023c5c      0x1b9 Core/Src/adc.o
 .debug_macro   0x00023e15      0xecd Core/Src/adc.o
 .debug_macro   0x00024ce2      0x608 Core/Src/adc.o
 .debug_macro   0x000252ea      0x2e9 Core/Src/adc.o
 .debug_macro   0x000255d3      0x230 Core/Src/adc.o
 .debug_macro   0x00025803      0x3bb Core/Src/adc.o
 .debug_macro   0x00025bbe       0x36 Core/Src/adc.o
 .debug_macro   0x00025bf4      0x11c Core/Src/adc.o
 .debug_macro   0x00025d10      0x22c Core/Src/adc.o
 .debug_macro   0x00025f3c       0x5b Core/Src/adc.o
 .debug_macro   0x00025f97       0xa5 Core/Src/adc.o
 .debug_macro   0x0002603c       0xc9 Core/Src/adc.o
 .debug_macro   0x00026105       0x85 Core/Src/adc.o
 .debug_macro   0x0002618a       0x73 Core/Src/adc.o
 .debug_macro   0x000261fd      0x22d Core/Src/adc.o
 .debug_macro   0x0002642a      0x199 Core/Src/adc.o
 .debug_macro   0x000265c3      0x487 Core/Src/adc.o
 .debug_macro   0x00026a4a      0x31a Core/Src/adc.o
 .debug_macro   0x00026d64      0x748 Core/Src/adc.o
 .debug_macro   0x000274ac       0xeb Core/Src/adc.o
 .debug_macro   0x00027597      0xabb Core/Src/adc.o
 .debug_macro   0x00028052      0x184 Core/Src/adc.o
 .debug_macro   0x000281d6      0x693 Core/Src/adc.o
 .debug_macro   0x00028869       0xa6 Core/Src/adc.o
 .debug_macro   0x0002890f      0x3f1 Core/Src/adc.o
 .debug_macro   0x00028d00      0x2b6 Core/Src/adc.o
 .debug_macro   0x00028fb6      0x1e2 Core/Src/adc.o
 .debug_macro   0x00029198      0x15a Core/Src/adc.o
 .debug_macro   0x000292f2      0xbd0 Core/Src/adc.o
 .debug_macro   0x00029ec2      0x398 Core/Src/adc.o
 .debug_macro   0x0002a25a       0xae Core/Src/adc.o
 .debug_macro   0x0002a308      0x21d Core/Src/adc.o
 .debug_macro   0x0002a525      0x165 Core/Src/adc.o
 .debug_macro   0x0002a68a      0x5bf Core/Src/adc.o
 .debug_macro   0x0002ac49      0x314 Core/Src/adc.o
 .debug_macro   0x0002af5d      0x215 Core/Src/adc.o
 .debug_macro   0x0002b172       0x16 Core/Src/adc.o
 .debug_macro   0x0002b188       0x10 Core/Src/adc.o
 .debug_macro   0x0002b198       0x10 Core/Src/adc.o
 .debug_macro   0x0002b1a8       0x2a Core/Src/adc.o
 .debug_macro   0x0002b1d2       0x61 Core/Src/adc.o
 .debug_macro   0x0002b233       0x43 Core/Src/adc.o
 .debug_macro   0x0002b276       0x34 Core/Src/adc.o
 .debug_macro   0x0002b2aa       0x16 Core/Src/adc.o
 .debug_macro   0x0002b2c0       0x35 Core/Src/adc.o
 .debug_macro   0x0002b2f5       0x16 Core/Src/adc.o
 .debug_macro   0x0002b30b       0x43 Core/Src/adc.o
 .debug_macro   0x0002b34e       0x34 Core/Src/adc.o
 .debug_macro   0x0002b382       0x10 Core/Src/adc.o
 .debug_macro   0x0002b392       0x58 Core/Src/adc.o
 .debug_macro   0x0002b3ea       0x8e Core/Src/adc.o
 .debug_macro   0x0002b478       0x1c Core/Src/adc.o
 .debug_macro   0x0002b494      0x177 Core/Src/adc.o
 .debug_macro   0x0002b60b      0x369 Core/Src/adc.o
 .debug_macro   0x0002b974       0x16 Core/Src/adc.o
 .debug_macro   0x0002b98a       0x29 Core/Src/adc.o
 .debug_macro   0x0002b9b3       0x70 Core/Src/adc.o
 .debug_macro   0x0002ba23      0x3dd Core/Src/arcade_controller.o
 .debug_macro   0x0002be00      0x3d7 Core/Src/dma.o
 .debug_macro   0x0002c1d7      0x3d7 Core/Src/gpio.o
 .debug_macro   0x0002c5ae      0x3d7 Core/Src/icache.o
 .debug_macro   0x0002c985      0x3d7 Core/Src/iwdg.o
 .debug_macro   0x0002cd5c      0x431 Core/Src/main.o
 .debug_macro   0x0002d18d      0x3d8 Core/Src/motor_pwm_interface.o
 .debug_macro   0x0002d565      0x3d7 Core/Src/rtc.o
 .debug_macro   0x0002d93c      0x3cd Core/Src/stm32l5xx_hal_msp.o
 .debug_macro   0x0002dd09      0x3d7 Core/Src/stm32l5xx_it.o
 .debug_macro   0x0002e0e0      0x25a Core/Src/system_stm32l5xx.o
 .debug_macro   0x0002e33a      0x3d7 Core/Src/tim.o
 .debug_macro   0x0002e711      0x3d8 Core/Src/uart_joy_input.o
 .debug_macro   0x0002eae9      0x3d7 Core/Src/ucpd.o
 .debug_macro   0x0002eec0      0x3d7 Core/Src/usart.o
 .debug_macro   0x0002f297      0x3d7 Core/Src/usb.o
 .debug_macro   0x0002f66e      0x28a Drivers/STM32L5xx_HAL_Driver/Src/stm32l5xx_hal.o
 .debug_macro   0x0002f8f8      0x277 Drivers/STM32L5xx_HAL_Driver/Src/stm32l5xx_hal_adc.o
 .debug_macro   0x0002fb6f      0x266 Drivers/STM32L5xx_HAL_Driver/Src/stm32l5xx_hal_adc_ex.o
 .debug_macro   0x0002fdd5      0x25a Drivers/STM32L5xx_HAL_Driver/Src/stm32l5xx_hal_cortex.o
 .debug_macro   0x0003002f      0x25a Drivers/STM32L5xx_HAL_Driver/Src/stm32l5xx_hal_dma.o
 .debug_macro   0x00030289      0x260 Drivers/STM32L5xx_HAL_Driver/Src/stm32l5xx_hal_gpio.o
 .debug_macro   0x000304e9      0x28c Drivers/STM32L5xx_HAL_Driver/Src/stm32l5xx_hal_icache.o
 .debug_macro   0x00030775      0x268 Drivers/STM32L5xx_HAL_Driver/Src/stm32l5xx_hal_iwdg.o
 .debug_macro   0x000309dd      0x266 Drivers/STM32L5xx_HAL_Driver/Src/stm32l5xx_hal_pcd.o
 .debug_macro   0x00030c43      0x25a Drivers/STM32L5xx_HAL_Driver/Src/stm32l5xx_hal_pcd_ex.o
 .debug_macro   0x00030e9d      0x272 Drivers/STM32L5xx_HAL_Driver/Src/stm32l5xx_hal_pwr.o
 .debug_macro   0x0003110f      0x28a Drivers/STM32L5xx_HAL_Driver/Src/stm32l5xx_hal_pwr_ex.o
 .debug_macro   0x00031399      0x284 Drivers/STM32L5xx_HAL_Driver/Src/stm32l5xx_hal_rcc.o
 .debug_macro   0x0003161d      0x2c0 Drivers/STM32L5xx_HAL_Driver/Src/stm32l5xx_hal_rcc_ex.o
 .debug_macro   0x000318dd      0x25b Drivers/STM32L5xx_HAL_Driver/Src/stm32l5xx_hal_rtc.o
 .debug_macro   0x00031b38      0x260 Drivers/STM32L5xx_HAL_Driver/Src/stm32l5xx_hal_rtc_ex.o
 .debug_macro   0x00031d98      0x25b Drivers/STM32L5xx_HAL_Driver/Src/stm32l5xx_hal_tim.o
 .debug_macro   0x00031ff3      0x260 Drivers/STM32L5xx_HAL_Driver/Src/stm32l5xx_hal_tim_ex.o
 .debug_macro   0x00032253      0x285 Drivers/STM32L5xx_HAL_Driver/Src/stm32l5xx_hal_uart.o
 .debug_macro   0x000324d8      0x266 Drivers/STM32L5xx_HAL_Driver/Src/stm32l5xx_hal_uart_ex.o
 .debug_macro   0x0003273e      0x29c Drivers/STM32L5xx_HAL_Driver/Src/stm32l5xx_ll_gpio.o
 .debug_macro   0x000329da      0x15f Drivers/STM32L5xx_HAL_Driver/Src/stm32l5xx_ll_gpio.o
 .debug_macro   0x00032b39      0x25a Drivers/STM32L5xx_HAL_Driver/Src/stm32l5xx_ll_usb.o

.debug_line     0x00000000    0x28d9d
 .debug_line    0x00000000      0xb24 Core/Src/adc.o
 .debug_line    0x00000b24      0xaaf Core/Src/arcade_controller.o
 .debug_line    0x000015d3      0xa6e Core/Src/dma.o
 .debug_line    0x00002041      0xaaa Core/Src/gpio.o
 .debug_line    0x00002aeb      0xa82 Core/Src/icache.o
 .debug_line    0x0000356d      0xa7f Core/Src/iwdg.o
 .debug_line    0x00003fec      0xb79 Core/Src/main.o
 .debug_line    0x00004b65      0xbbc Core/Src/motor_pwm_interface.o
 .debug_line    0x00005721      0xaf0 Core/Src/rtc.o
 .debug_line    0x00006211      0xa71 Core/Src/stm32l5xx_hal_msp.o
 .debug_line    0x00006c82      0xb94 Core/Src/stm32l5xx_it.o
 .debug_line    0x00007816      0x86c Core/Src/system_stm32l5xx.o
 .debug_line    0x00008082      0xc0d Core/Src/tim.o
 .debug_line    0x00008c8f      0xaca Core/Src/uart_joy_input.o
 .debug_line    0x00009759      0xace Core/Src/ucpd.o
 .debug_line    0x0000a227      0xbe1 Core/Src/usart.o
 .debug_line    0x0000ae08      0xae9 Core/Src/usb.o
 .debug_line    0x0000b8f1       0x79 Core/Startup/startup_stm32l552zetxq.o
 .debug_line    0x0000b96a      0xbe2 Drivers/STM32L5xx_HAL_Driver/Src/stm32l5xx_hal.o
 .debug_line    0x0000c54c     0x1fd2 Drivers/STM32L5xx_HAL_Driver/Src/stm32l5xx_hal_adc.o
 .debug_line    0x0000e51e     0x1a12 Drivers/STM32L5xx_HAL_Driver/Src/stm32l5xx_hal_adc_ex.o
 .debug_line    0x0000ff30      0xe2e Drivers/STM32L5xx_HAL_Driver/Src/stm32l5xx_hal_cortex.o
 .debug_line    0x00010d5e     0x1075 Drivers/STM32L5xx_HAL_Driver/Src/stm32l5xx_hal_dma.o
 .debug_line    0x00011dd3      0xc3f Drivers/STM32L5xx_HAL_Driver/Src/stm32l5xx_hal_gpio.o
 .debug_line    0x00012a12      0xab7 Drivers/STM32L5xx_HAL_Driver/Src/stm32l5xx_hal_icache.o
 .debug_line    0x000134c9      0x85d Drivers/STM32L5xx_HAL_Driver/Src/stm32l5xx_hal_iwdg.o
 .debug_line    0x00013d26     0x1430 Drivers/STM32L5xx_HAL_Driver/Src/stm32l5xx_hal_pcd.o
 .debug_line    0x00015156      0x96b Drivers/STM32L5xx_HAL_Driver/Src/stm32l5xx_hal_pcd_ex.o
 .debug_line    0x00015ac1      0xa05 Drivers/STM32L5xx_HAL_Driver/Src/stm32l5xx_hal_pwr.o
 .debug_line    0x000164c6      0xf90 Drivers/STM32L5xx_HAL_Driver/Src/stm32l5xx_hal_pwr_ex.o
 .debug_line    0x00017456     0x1321 Drivers/STM32L5xx_HAL_Driver/Src/stm32l5xx_hal_rcc.o
 .debug_line    0x00018777     0x1c70 Drivers/STM32L5xx_HAL_Driver/Src/stm32l5xx_hal_rcc_ex.o
 .debug_line    0x0001a3e7      0xfb2 Drivers/STM32L5xx_HAL_Driver/Src/stm32l5xx_hal_rtc.o
 .debug_line    0x0001b399     0x1734 Drivers/STM32L5xx_HAL_Driver/Src/stm32l5xx_hal_rtc_ex.o
 .debug_line    0x0001cacd     0x3ed3 Drivers/STM32L5xx_HAL_Driver/Src/stm32l5xx_hal_tim.o
 .debug_line    0x000209a0     0x1db2 Drivers/STM32L5xx_HAL_Driver/Src/stm32l5xx_hal_tim_ex.o
 .debug_line    0x00022752     0x3c74 Drivers/STM32L5xx_HAL_Driver/Src/stm32l5xx_hal_uart.o
 .debug_line    0x000263c6      0xe20 Drivers/STM32L5xx_HAL_Driver/Src/stm32l5xx_hal_uart_ex.o
 .debug_line    0x000271e6      0xafc Drivers/STM32L5xx_HAL_Driver/Src/stm32l5xx_ll_gpio.o
 .debug_line    0x00027ce2     0x10bb Drivers/STM32L5xx_HAL_Driver/Src/stm32l5xx_ll_usb.o

.debug_str      0x00000000   0x136742
 .debug_str     0x00000000   0x12d165 Core/Src/adc.o
                             0x12eff9 (size before relaxing)
 .debug_str     0x0012d165      0x357 Core/Src/arcade_controller.o
                             0x12ea97 (size before relaxing)
 .debug_str     0x0012d4bc      0x62d Core/Src/dma.o
                             0x12ebba (size before relaxing)
 .debug_str     0x0012dae9       0x68 Core/Src/gpio.o
                             0x12e686 (size before relaxing)
 .debug_str     0x0012db51       0x67 Core/Src/icache.o
                             0x12e453 (size before relaxing)
 .debug_str     0x0012dbb8       0x7d Core/Src/iwdg.o
                             0x12e488 (size before relaxing)
 .debug_str     0x0012dc35      0x2c4 Core/Src/main.o
                             0x12e95e (size before relaxing)
 .debug_str     0x0012def9      0x3af Core/Src/motor_pwm_interface.o
                             0x12eb8c (size before relaxing)
 .debug_str     0x0012e2a8      0x26b Core/Src/rtc.o
                             0x12eb82 (size before relaxing)
 .debug_str     0x0012e513       0x2c Core/Src/stm32l5xx_hal_msp.o
                             0x12e59b (size before relaxing)
 .debug_str     0x0012e53f      0x15b Core/Src/stm32l5xx_it.o
                             0x12edbd (size before relaxing)
 .debug_str     0x0012e69a      0x17d Core/Src/system_stm32l5xx.o
                             0x119d93 (size before relaxing)
 .debug_str     0x0012e817      0x1ed Core/Src/tim.o
                             0x12f4e4 (size before relaxing)
 .debug_str     0x0012ea04       0x9b Core/Src/uart_joy_input.o
                             0x12eb1e (size before relaxing)
 .debug_str     0x0012ea9f       0x7a Core/Src/ucpd.o
                             0x12e681 (size before relaxing)
 .debug_str     0x0012eb19       0xed Core/Src/usart.o
                             0x12f646 (size before relaxing)
 .debug_str     0x0012ec06      0x31f Core/Src/usb.o
                             0x12ecf5 (size before relaxing)
 .debug_str     0x0012ef25       0x45 Core/Startup/startup_stm32l552zetxq.o
                                 0x82 (size before relaxing)
 .debug_str     0x0012ef6a      0x5a5 Drivers/STM32L5xx_HAL_Driver/Src/stm32l5xx_hal.o
                             0x11a90a (size before relaxing)
 .debug_str     0x0012f50f      0xa98 Drivers/STM32L5xx_HAL_Driver/Src/stm32l5xx_hal_adc.o
                             0x11ac2e (size before relaxing)
 .debug_str     0x0012ffa7      0x665 Drivers/STM32L5xx_HAL_Driver/Src/stm32l5xx_hal_adc_ex.o
                             0x11abe9 (size before relaxing)
 .debug_str     0x0013060c      0x3c5 Drivers/STM32L5xx_HAL_Driver/Src/stm32l5xx_hal_cortex.o
                             0x11a749 (size before relaxing)
 .debug_str     0x001309d1      0x2c6 Drivers/STM32L5xx_HAL_Driver/Src/stm32l5xx_hal_dma.o
                             0x11a105 (size before relaxing)
 .debug_str     0x00130c97      0x17d Drivers/STM32L5xx_HAL_Driver/Src/stm32l5xx_hal_gpio.o
                             0x119d1c (size before relaxing)
 .debug_str     0x00130e14      0x673 Drivers/STM32L5xx_HAL_Driver/Src/stm32l5xx_hal_icache.o
                             0x11a16f (size before relaxing)
 .debug_str     0x00131487       0xba Drivers/STM32L5xx_HAL_Driver/Src/stm32l5xx_hal_iwdg.o
                             0x119bc1 (size before relaxing)
 .debug_str     0x00131541      0x563 Drivers/STM32L5xx_HAL_Driver/Src/stm32l5xx_hal_pcd.o
                             0x11a3f3 (size before relaxing)
 .debug_str     0x00131aa4      0x186 Drivers/STM32L5xx_HAL_Driver/Src/stm32l5xx_hal_pcd_ex.o
                             0x11a02f (size before relaxing)
 .debug_str     0x00131c2a      0x38b Drivers/STM32L5xx_HAL_Driver/Src/stm32l5xx_hal_pwr.o
                             0x11a1a1 (size before relaxing)
 .debug_str     0x00131fb5      0x618 Drivers/STM32L5xx_HAL_Driver/Src/stm32l5xx_hal_pwr_ex.o
                             0x11a4f8 (size before relaxing)
 .debug_str     0x001325cd      0x3e3 Drivers/STM32L5xx_HAL_Driver/Src/stm32l5xx_hal_rcc.o
                             0x11a3ad (size before relaxing)
 .debug_str     0x001329b0      0x799 Drivers/STM32L5xx_HAL_Driver/Src/stm32l5xx_hal_rcc_ex.o
                             0x11a903 (size before relaxing)
 .debug_str     0x00133149      0x445 Drivers/STM32L5xx_HAL_Driver/Src/stm32l5xx_hal_rtc.o
                             0x11a1cb (size before relaxing)
 .debug_str     0x0013358e      0xae6 Drivers/STM32L5xx_HAL_Driver/Src/stm32l5xx_hal_rtc_ex.o
                             0x11ab1f (size before relaxing)
 .debug_str     0x00134074      0xdab Drivers/STM32L5xx_HAL_Driver/Src/stm32l5xx_hal_tim.o
                             0x11b0f1 (size before relaxing)
 .debug_str     0x00134e1f      0x643 Drivers/STM32L5xx_HAL_Driver/Src/stm32l5xx_hal_tim_ex.o
                             0x11aa8a (size before relaxing)
 .debug_str     0x00135462      0x951 Drivers/STM32L5xx_HAL_Driver/Src/stm32l5xx_hal_uart.o
                             0x11acd3 (size before relaxing)
 .debug_str     0x00135db3      0x264 Drivers/STM32L5xx_HAL_Driver/Src/stm32l5xx_hal_uart_ex.o
                             0x11a461 (size before relaxing)
 .debug_str     0x00136017      0x658 Drivers/STM32L5xx_HAL_Driver/Src/stm32l5xx_ll_gpio.o
                             0x11b7fb (size before relaxing)
 .debug_str     0x0013666f       0xd3 Drivers/STM32L5xx_HAL_Driver/Src/stm32l5xx_ll_usb.o
                             0x119f30 (size before relaxing)

.comment        0x00000000       0x43
 .comment       0x00000000       0x43 Core/Src/adc.o
                                 0x44 (size before relaxing)
 .comment       0x00000043       0x44 Core/Src/arcade_controller.o
 .comment       0x00000043       0x44 Core/Src/dma.o
 .comment       0x00000043       0x44 Core/Src/gpio.o
 .comment       0x00000043       0x44 Core/Src/icache.o
 .comment       0x00000043       0x44 Core/Src/iwdg.o
 .comment       0x00000043       0x44 Core/Src/main.o
 .comment       0x00000043       0x44 Core/Src/motor_pwm_interface.o
 .comment       0x00000043       0x44 Core/Src/rtc.o
 .comment       0x00000043       0x44 Core/Src/stm32l5xx_hal_msp.o
 .comment       0x00000043       0x44 Core/Src/stm32l5xx_it.o
 .comment       0x00000043       0x44 Core/Src/system_stm32l5xx.o
 .comment       0x00000043       0x44 Core/Src/tim.o
 .comment       0x00000043       0x44 Core/Src/uart_joy_input.o
 .comment       0x00000043       0x44 Core/Src/ucpd.o
 .comment       0x00000043       0x44 Core/Src/usart.o
 .comment       0x00000043       0x44 Core/Src/usb.o
 .comment       0x00000043       0x44 Drivers/STM32L5xx_HAL_Driver/Src/stm32l5xx_hal.o
 .comment       0x00000043       0x44 Drivers/STM32L5xx_HAL_Driver/Src/stm32l5xx_hal_adc.o
 .comment       0x00000043       0x44 Drivers/STM32L5xx_HAL_Driver/Src/stm32l5xx_hal_adc_ex.o
 .comment       0x00000043       0x44 Drivers/STM32L5xx_HAL_Driver/Src/stm32l5xx_hal_cortex.o
 .comment       0x00000043       0x44 Drivers/STM32L5xx_HAL_Driver/Src/stm32l5xx_hal_dma.o
 .comment       0x00000043       0x44 Drivers/STM32L5xx_HAL_Driver/Src/stm32l5xx_hal_gpio.o
 .comment       0x00000043       0x44 Drivers/STM32L5xx_HAL_Driver/Src/stm32l5xx_hal_icache.o
 .comment       0x00000043       0x44 Drivers/STM32L5xx_HAL_Driver/Src/stm32l5xx_hal_iwdg.o
 .comment       0x00000043       0x44 Drivers/STM32L5xx_HAL_Driver/Src/stm32l5xx_hal_pcd.o
 .comment       0x00000043       0x44 Drivers/STM32L5xx_HAL_Driver/Src/stm32l5xx_hal_pcd_ex.o
 .comment       0x00000043       0x44 Drivers/STM32L5xx_HAL_Driver/Src/stm32l5xx_hal_pwr.o
 .comment       0x00000043       0x44 Drivers/STM32L5xx_HAL_Driver/Src/stm32l5xx_hal_pwr_ex.o
 .comment       0x00000043       0x44 Drivers/STM32L5xx_HAL_Driver/Src/stm32l5xx_hal_rcc.o
 .comment       0x00000043       0x44 Drivers/STM32L5xx_HAL_Driver/Src/stm32l5xx_hal_rcc_ex.o
 .comment       0x00000043       0x44 Drivers/STM32L5xx_HAL_Driver/Src/stm32l5xx_hal_rtc.o
 .comment       0x00000043       0x44 Drivers/STM32L5xx_HAL_Driver/Src/stm32l5xx_hal_rtc_ex.o
 .comment       0x00000043       0x44 Drivers/STM32L5xx_HAL_Driver/Src/stm32l5xx_hal_tim.o
 .comment       0x00000043       0x44 Drivers/STM32L5xx_HAL_Driver/Src/stm32l5xx_hal_tim_ex.o