Archive member included to satisfy reference by file (symbol)

/opt/st/stm32cubeide_1.15.1/plugins/com.st.stm32cube.ide.mcu.externaltools.gnu-tools-for-stm32.12.3.rel1.linux64_1.0.100.202403111256/tools/bin/../lib/gcc/arm-none-eabi/12.3.1/../../../../arm-none-eabi/lib/thumb/v8-m.main+fp/hard/libc_nano.a(libc_a-exit.o)
                              /opt/st/stm32cubeide_1.15.1/plugins/com.st.stm32cube.ide.mcu.externaltools.gnu-tools-for-stm32.12.3.rel1.linux64_1.0.100.202403111256/tools/bin/../lib/gcc/arm-none-eabi/12.3.1/../../../../arm-none-eabi/lib/thumb/v8-m.main+fp/hard/crt0.o (exit)
/opt/st/stm32cubeide_1.15.1/plugins/com.st.stm32cube.ide.mcu.externaltools.gnu-tools-for-stm32.12.3.rel1.linux64_1.0.100.202403111256/tools/bin/../lib/gcc/arm-none-eabi/12.3.1/../../../../arm-none-eabi/lib/thumb/v8-m.main+fp/hard/libc_nano.a(libc_a-findfp.o)
                              /opt/st/stm32cubeide_1.15.1/plugins/com.st.stm32cube.ide.mcu.externaltools.gnu-tools-for-stm32.12.3.rel1.linux64_1.0.100.202403111256/tools/bin/../lib/gcc/arm-none-eabi/12.3.1/../../../../arm-none-eabi/lib/thumb/v8-m.main+fp/hard/libc_nano.a(libc_a-exit.o) (__stdio_exit_handler)
/opt/st/stm32cubeide_1.15.1/plugins/com.st.stm32cube.ide.mcu.externaltools.gnu-tools-for-stm32.12.3.rel1.linux64_1.0.100.202403111256/tools/bin/../lib/gcc/arm-none-eabi/12.3.1/../../../../arm-none-eabi/lib/thumb/v8-m.main+fp/hard/libc_nano.a(libc_a-fwalk.o)
                              /opt/st/stm32cubeide_1.15.1/plugins/com.st.stm32cube.ide.mcu.externaltools.gnu-tools-for-stm32.12.3.rel1.linux64_1.0.100.202403111256/tools/bin/../lib/gcc/arm-none-eabi/12.3.1/../../../../arm-none-eabi/lib/thumb/v8-m.main+fp/hard/libc_nano.a(libc_a-findfp.o) (_fwalk_sglue)
/opt/st/stm32cubeide_1.15.1/plugins/com.st.stm32cube.ide.mcu.externaltools.gnu-tools-for-stm32.12.3.rel1.linux64_1.0.100.202403111256/tools/bin/../lib/gcc/arm-none-eabi/12.3.1/../../../../arm-none-eabi/lib/thumb/v8-m.main+fp/hard/libc_nano.a(libc_a-stdio.o)
                              /opt/st/stm32cubeide_1.15.1/plugins/com.st.stm32cube.ide.mcu.externaltools.gnu-tools-for-stm32.12.3.rel1.linux64_1.0.100.202403111256/tools/bin/../lib/gcc/arm-none-eabi/12.3.1/../../../../arm-none-eabi/lib/thumb/v8-m.main+fp/hard/libc_nano.a(libc_a-findfp.o) (__sread)
/opt/st/stm32cubeide_1.15.1/plugins/com.st.stm32cube.ide.mcu.externaltools.gnu-tools-for-stm32.12.3.rel1.linux64_1.0.100.202403111256/tools/bin/../lib/gcc/arm-none-eabi/12.3.1/../../../../arm-none-eabi/lib/thumb/v8-m.main+fp/hard/libc_nano.a(libc_a-memset.o)
                              /opt/st/stm32cubeide_1.15.1/plugins/com.st.stm32cube.ide.mcu.externaltools.gnu-tools-for-stm32.12.3.rel1.linux64_1.0.100.202403111256/tools/bin/../lib/gcc/arm-none-eabi/12.3.1/../../../../arm-none-eabi/lib/thumb/v8-m.main+fp/hard/crt0.o (memset)
/opt/st/stm32cubeide_1.15.1/plugins/com.st.stm32cube.ide.mcu.externaltools.gnu-tools-for-stm32.12.3.rel1.linux64_1.0.100.202403111256/tools/bin/../lib/gcc/arm-none-eabi/12.3.1/../../../../arm-none-eabi/lib/thumb/v8-m.main+fp/hard/libc_nano.a(libc_a-closer.o)
                              /opt/st/stm32cubeide_1.15.1/plugins/com.st.stm32cube.ide.mcu.externaltools.gnu-tools-for-stm32.12.3.rel1.linux64_1.0.100.202403111256/tools/bin/../lib/gcc/arm-none-eabi/12.3.1/../../../../arm-none-eabi/lib/thumb/v8-m.main+fp/hard/libc_nano.a(libc_a-stdio.o) (_close_r)
/opt/st/stm32cubeide_1.15.1/plugins/com.st.stm32cube.ide.mcu.externaltools.gnu-tools-for-stm32.12.3.rel1.linux64_1.0.100.202403111256/tools/bin/../lib/gcc/arm-none-eabi/12.3.1/../../../../arm-none-eabi/lib/thumb/v8-m.main+fp/hard/libc_nano.a(libc_a-reent.o)
                              /opt/st/stm32cubeide_1.15.1/plugins/com.st.stm32cube.ide.mcu.externaltools.gnu-tools-for-stm32.12.3.rel1.linux64_1.0.100.202403111256/tools/bin/../lib/gcc/arm-none-eabi/12.3.1/../../../../arm-none-eabi/lib/thumb/v8-m.main+fp/hard/libc_nano.a(libc_a-closer.o) (errno)
/opt/st/stm32cubeide_1.15.1/plugins/com.st.stm32cube.ide.mcu.externaltools.gnu-tools-for-stm32.12.3.rel1.linux64_1.0.100.202403111256/tools/bin/../lib/gcc/arm-none-eabi/12.3.1/../../../../arm-none-eabi/lib/thumb/v8-m.main+fp/hard/libc_nano.a(libc_a-impure.o)
                              /opt/st/stm32cubeide_1.15.1/plugins/com.st.stm32cube.ide.mcu.externaltools.gnu-tools-for-stm32.12.3.rel1.linux64_1.0.100.202403111256/tools/bin/../lib/gcc/arm-none-eabi/12.3.1/../../../../arm-none-eabi/lib/thumb/v8-m.main+fp/hard/libc_nano.a(libc_a-reent.o) (_impure_ptr)
/opt/st/stm32cubeide_1.15.1/plugins/com.st.stm32cube.ide.mcu.externaltools.gnu-tools-for-stm32.12.3.rel1.linux64_1.0.100.202403111256/tools/bin/../lib/gcc/arm-none-eabi/12.3.1/../../../../arm-none-eabi/lib/thumb/v8-m.main+fp/hard/libc_nano.a(libc_a-lseekr.o)
[...]
Memory Configuration

Name             Origin             Length             Attributes
RAM              0x20000000         0x00030000         xrw
RAM2             0x20030000         0x00010000         xrw
FLASH            0x08000000         0x00080000         xr
*default*        0x00000000         0xffffffff

Linker script and memory map

LOAD /opt/st/stm32cubeide_1.15.1/plugins/com.st.stm32cube.ide.mcu.externaltools.gnu-tools-for-stm32.12.3.rel1.linux64_1.0.100.202403111256/tools/bin/../lib/gcc/arm-none-eabi/12.3.1/thumb/v8-m.main+fp/hard/crti.o
LOAD /opt/st/stm32cubeide_1.15.1/plugins/com.st.stm32cube.ide.mcu.externaltools.gnu-tools-for-stm32.12.3.rel1.linux64_1.0.100.202403111256/tools/bin/../lib/gcc/arm-none-eabi/12.3.1/thumb/v8-m.main+fp/hard/crtbegin.o
LOAD /opt/st/stm32cubeide_1.15.1/plugins/com.st.stm32cube.ide.mcu.externaltools.gnu-tools-for-stm32.12.3.rel1.linux64_1.0.100.202403111256/tools/bin/../lib/gcc/arm-none-eabi/12.3.1/../../../../arm-none-eabi/lib/thumb/v8-m.main+fp/hard/crt0.o
LOAD Core/Src/arcade_controller.o
LOAD Core/Src/main.o
LOAD Core/Src/motor_pwm_interface.o
LOAD Core/Src/stm32l5xx_hal_msp.o
LOAD Core/Src/stm32l5xx_it.o
LOAD Core/Src/syscalls.o
LOAD Core/Src/sysmem.o
LOAD Core/Src/system_stm32l5xx.o
LOAD Core/Src/uart_joy_input.o
LOAD Core/Startup/startup_stm32l552zetxq.o
LOAD Drivers/STM32L5xx_HAL_Driver/Src/stm32l5xx_hal.o
LOAD Drivers/STM32L5xx_HAL_Driver/Src/stm32l5xx_hal_adc.o
LOAD Drivers/STM32L5xx_HAL_Driver/Src/stm32l5xx_hal_adc_ex.o
LOAD Drivers/STM32L5xx_HAL_Driver/Src/stm32l5xx_hal_cortex.o
LOAD Drivers/STM32L5xx_HAL_Driver/Src/stm32l5xx_hal_dma.o
LOAD Drivers/STM32L5xx_HAL_Driver/Src/stm32l5xx_hal_dma_ex.o
LOAD Drivers/STM32L5xx_HAL_Driver/Src/stm32l5xx_hal_exti.o
LOAD Drivers/STM32L5xx_HAL_Driver/Src/stm32l5xx_hal_flash.o
LOAD Drivers/STM32L5xx_HAL_Driver/Src/stm32l5xx_hal_flash_ex.o
LOAD Drivers/STM32L5xx_HAL_Driver/Src/stm32l5xx_hal_flash_ramfunc.o
LOAD Drivers/STM32L5xx_HAL_Driver/Src/stm32l5xx_hal_gpio.o
LOAD Drivers/STM32L5xx_HAL_Driver/Src/stm32l5xx_hal_i2c.o
LOAD Drivers/STM32L5xx_HAL_Driver/Src/stm32l5xx_hal_i2c_ex.o
LOAD Drivers/STM32L5xx_HAL_Driver/Src/stm32l5xx_hal_icache.o
LOAD Drivers/STM32L5xx_HAL_Driver/Src/stm32l5xx_hal_pcd.o
LOAD Drivers/STM32L5xx_HAL_Driver/Src/stm32l5xx_hal_pcd_ex.o
LOAD Drivers/STM32L5xx_HAL_Driver/Src/stm32l5xx_hal_pwr.o
LOAD Drivers/STM32L5xx_HAL_Driver/Src/stm32l5xx_hal_pwr_ex.o
LOAD Drivers/STM32L5xx_HAL_Driver/Src/stm32l5xx_hal_rcc.o
LOAD Drivers/STM32L5xx_HAL_Driver/Src/stm32l5xx_hal_rcc_ex.o
LOAD Drivers/STM32L5xx_HAL_Driver/Src/stm32l5xx_hal_rtc.o
LOAD Drivers/STM32L5xx_HAL_Driver/Src/stm32l5xx_hal_rtc_ex.o
LOAD Drivers/STM32L5xx_HAL_Driver/Src/stm32l5xx_hal_tim.o
LOAD Drivers/STM32L5xx_HAL_Driver/Src/stm32l5xx_hal_tim_ex.o
LOAD Drivers/STM32L5xx_HAL_Driver/Src/stm32l5xx_hal_uart.o
LOAD Drivers/STM32L5xx_HAL_Driver/Src/stm32l5xx_hal_uart_ex.o
LOAD Drivers/STM32L5xx_HAL_Driver/Src/stm32l5xx_ll_dma.o
LOAD Drivers/STM32L5xx_HAL_Driver/Src/stm32l5xx_ll_exti.o
LOAD Drivers/STM32L5xx_HAL_Driver/Src/stm32l5xx_ll_gpio.o
LOAD Drivers/STM32L5xx_HAL_Driver/Src/stm32l5xx_ll_ucpd.o
LOAD Drivers/STM32L5xx_HAL_Driver/Src/stm32l5xx_ll_usb.o
LOAD Drivers/STM32L5xx_HAL_Driver/Src/stm32l5xx_ll_utils.o
START GROUP
LOAD /opt/st/stm32cubeide_1.15.1/plugins/com.st.stm32cube.ide.mcu.externaltools.gnu-tools-for-stm32.12.3.rel1.linux64_1.0.100.202403111256/tools/bin/../lib/gcc/arm-none-eabi/12.3.1/../../../../arm-none-eabi/lib/thumb/v8-m.main+fp/hard/libstdc++_nano.a
LOAD /opt/st/stm32cubeide_1.15.1/plugins/com.st.stm32cube.ide.mcu.externaltools.gnu-tools-for-stm32.12.3.rel1.linux64_1.0.100.202403111256/tools/bin/../lib/gcc/arm-none-eabi/12.3.1/../../../../arm-none-eabi/lib/thumb/v8-m.main+fp/hard/libsupc++_nano.a
END GROUP
LOAD /opt/st/stm32cubeide_1.15.1/plugins/com.st.stm32cube.ide.mcu.externaltools.gnu-tools-for-stm32.12.3.rel1.linux64_1.0.100.202403111256/tools/bin/../lib/gcc/arm-none-eabi/12.3.1/../../../../arm-none-eabi/lib/thumb/v8-m.main+fp/hard/libstdc++_nano.a
LOAD /opt/st/stm32cubeide_1.15.1/plugins/com.st.stm32cube.ide.mcu.externaltools.gnu-tools-for-stm32.12.3.rel1.linux64_1.0.100.202403111256/tools/bin/../lib/gcc/arm-none-eabi/12.3.1/../../../../arm-none-eabi/lib/thumb/v8-m.main+fp/hard/libm.a
LOAD /opt/st/stm32cubeide_1.15.1/plugins/com.st.stm32cube.ide.mcu.externaltools.gnu-tools-for-stm32.12.3.rel1.linux64_1.0.100.202403111256/tools/bin/../lib/gcc/arm-none-eabi/12.3.1/../../../../arm-none-eabi/lib/thumb/v8-m.main+fp/hard/libc_nano.a
START GROUP
LOAD /opt/st/stm32cubeide_1.15.1/plugins/com.st.stm32cube.ide.mcu.externaltools.gnu-tools-for-stm32.12.3.rel1.linux64_1.0.100.202403111256/tools/bin/../lib/gcc/arm-none-eabi/12.3.1/thumb/v8-m.main+fp/hard/libgcc.a
LOAD /opt/st/stm32cubeide_1.15.1/plugins/com.st.stm32cube.ide.mcu.externaltools.gnu-tools-for-stm32.12.3.rel1.linux64_1.0.100.202403111256/tools/bin/../lib/gcc/arm-none-eabi/12.3.1/../../../../arm-none-eabi/lib/thumb/v8-m.main+fp/hard/libc_nano.a
END GROUP
START GROUP
LOAD /opt/st/stm32cubeide_1.15.1/plugins/com.st.stm32cube.ide.mcu.externaltools.gnu-tools-for-stm32.12.3.rel1.linux64_1.0.100.202403111256/tools/bin/../lib/gcc/arm-none-eabi/12.3.1/thumb/v8-m.main+fp/hard/libgcc.a
LOAD /opt/st/stm32cubeide_1.15.1/plugins/com.st.stm32cube.ide.mcu.externaltools.gnu-tools-for-stm32.12.3.rel1.linux64_1.0.100.202403111256/tools/bin/../lib/gcc/arm-none-eabi/12.3.1/../../../../arm-none-eabi/lib/thumb/v8-m.main+fp/hard/libc_nano.a
END GROUP
LOAD /opt/st/stm32cubeide_1.15.1/plugins/com.st.stm32cube.ide.mcu.externaltools.gnu-tools-for-stm32.12.3.rel1.linux64_1.0.100.202403111256/tools/bin/../lib/gcc/arm-none-eabi/12.3.1/thumb/v8-m.main+fp/hard/crtend.o
LOAD /opt/st/stm32cubeide_1.15.1/plugins/com.st.stm32cube.ide.mcu.externaltools.gnu-tools-for-stm32.12.3.rel1.linux64_1.0.100.202403111256/tools/bin/../lib/gcc/arm-none-eabi/12.3.1/thumb/v8-m.main+fp/hard/crtn.o
                0x20030000                        _estack = (ORIGIN (RAM) + LENGTH (RAM))
                0x00000200                        _Min_Heap_Size = 0x200
                0x00000400                        _Min_Stack_Size = 0x400

.isr_vector     0x08000000      0x1f4
                0x08000000                        . = ALIGN (0x4)
 *(.isr_vector)
 .isr_vector    0x08000000      0x1f4 Core/Startup/startup_stm32l552zetxq.o
                0x08000000                g_pfnVectors
                0x080001f4                        . = ALIGN (0x4)

.text           0x080001f4     0x87d8
                0x080001f4                        . = ALIGN (0x4)
 *(.text)
 .text          0x080001f4       0x40 /opt/st/stm32cubeide_1.15.1/plugins/com.st.stm32cube.ide.mcu.externaltools.gnu-tools-for-stm32.12.3.rel1.linux64_1.0.100.202403111256/tools/bin/../lib/gcc/arm-none-eabi/12.3.1/thumb/v8-m.main+fp/hard/crtbegin.o
 .text          0x08000234       0x30 /opt/st/stm32cubeide_1.15.1/plugins/com.st.stm32cube.ide.mcu.externaltools.gnu-tools-for-stm32.12.3.rel1.linux64_1.0.100.202403111256/tools/bin/../lib/gcc/arm-none-eabi/12.3.1/thumb/v8-m.main+fp/hard/libgcc.a(_aeabi_uldivmod.o)
                0x08000234                __aeabi_uldivmod
 .text          0x08000264      0x2e4 /opt/st/stm32cubeide_1.15.1/plugins/com.st.stm32cube.ide.mcu.externaltools.gnu-tools-for-stm32.12.3.rel1.linux64_1.0.100.202403111256/tools/bin/../lib/gcc/arm-none-eabi/12.3.1/thumb/v8-m.main+fp/hard/libgcc.a(_udivmoddi4.o)
                0x08000264                __udivmoddi4
 .text          0x08000548        0x4 /opt/st/stm32cubeide_1.15.1/plugins/com.st.stm32cube.ide.mcu.externaltools.gnu-tools-for-stm32.12.3.rel1.linux64_1.0.100.202403111256/tools/bin/../lib/gcc/arm-none-eabi/12.3.1/thumb/v8-m.main+fp/hard/libgcc.a(_dvmd_tls.o)
                0x08000548                __aeabi_ldiv0
                0x08000548                __aeabi_idiv0
 *(.text*)
 .text.arcade_drive
                0x0800054c       0x66 Core/Src/arcade_controller.o
                0x0800054c                arcade_drive
 *fill*         0x080005b2        0x2 
 .text.LL_AHB2_GRP1_EnableClock
                0x080005b4       0x30 Core/Src/main.o
 .text.LL_APB1_GRP2_EnableClock
                0x080005e4       0x30 Core/Src/main.o
 .text.main     0x08000614       0x44 Core/Src/main.o
                0x08000614                main
 .text.SystemClock_Config
                0x08000658       0xc4 Core/Src/main.o
                0x08000658                SystemClock_Config
 .text.MX_ADC1_Init
                0x0800071c       0xec Core/Src/main.o
 .text.MX_ICACHE_Init
                0x08000808       0x26 Core/Src/main.o
 *fill*         0x0800082e        0x2 
 .text.MX_LPUART1_UART_Init
                0x08000830       0x9c Core/Src/main.o
 .text.MX_UART4_Init
                0x080008cc       0x98 Core/Src/main.o
 .text.MX_RTC_Init
                0x08000964       0x94 Core/Src/main.o
 .text.MX_TIM3_Init
                0x080009f8      0x120 Core/Src/main.o
 .text.MX_TIM4_Init
                0x08000b18      0x11c Core/Src/main.o
 .text.MX_UCPD1_Init
                0x08000c34       0x6c Core/Src/main.o
 .text.MX_USB_PCD_Init
                0x08000ca0       0x50 Core/Src/main.o
 .text.MX_DMA_Init
                0x08000cf0       0x54 Core/Src/main.o
 .text.MX_GPIO_Init
                0x08000d44      0x154 Core/Src/main.o
 .text.Error_Handler
                0x08000e98        0xc Core/Src/main.o
                0x08000e98                Error_Handler
 .text.CalcPulse
                0x08000ea4       0x3c Core/Src/motor_pwm_interface.o
 .text.HAL_TIM_PWM_PulseFinishedCallback
                0x08000ee0       0xb4 Core/Src/motor_pwm_interface.o
                0x08000ee0                HAL_TIM_PWM_PulseFinishedCallback
 .text.MotorPwmInterfaceInit
                0x08000f94       0xa0 Core/Src/motor_pwm_interface.o
                0x08000f94                MotorPwmInterfaceInit
 .text.GetLeftSideMotorPulse
                0x08001034       0x18 Core/Src/motor_pwm_interface.o
                0x08001034                GetLeftSideMotorPulse
 .text.GetRightSideMotorPulse
                0x0800104c       0x18 Core/Src/motor_pwm_interface.o
                0x0800104c                GetRightSideMotorPulse
 .text.SetLeftSideMotorSpeed
                0x08001064       0x28 Core/Src/motor_pwm_interface.o
                0x08001064                SetLeftSideMotorSpeed
 .text.SetRightSideMotorSpeed
                0x0800108c       0x28 Core/Src/motor_pwm_interface.o
                0x0800108c                SetRightSideMotorSpeed
 .text.HAL_MspInit
                0x080010b4       0x48 Core/Src/stm32l5xx_hal_msp.o
                0x080010b4                HAL_MspInit
 .text.HAL_ADC_MspInit
                0x080010fc       0xb4 Core/Src/stm32l5xx_hal_msp.o
                0x080010fc                HAL_ADC_MspInit
 .text.HAL_UART_MspInit
                0x080011b0      0x1cc Core/Src/stm32l5xx_hal_msp.o
                0x080011b0                HAL_UART_MspInit
 .text.HAL_RTC_MspInit
                0x0800137c       0x7c Core/Src/stm32l5xx_hal_msp.o
                0x0800137c                HAL_RTC_MspInit
 .text.HAL_TIM_Base_MspInit
                0x080013f8       0x84 Core/Src/stm32l5xx_hal_msp.o
                0x080013f8                HAL_TIM_Base_MspInit
 .text.HAL_TIM_MspPostInit
                0x0800147c       0xbc Core/Src/stm32l5xx_hal_msp.o
                0x0800147c                HAL_TIM_MspPostInit
 .text.HAL_PCD_MspInit
                0x08001538       0xc0 Core/Src/stm32l5xx_hal_msp.o
                0x08001538                HAL_PCD_MspInit
 .text.NMI_Handler
                0x080015f8        0x8 Core/Src/stm32l5xx_it.o
                0x080015f8                NMI_Handler
 .text.HardFault_Handler
                0x08001600        0x8 Core/Src/stm32l5xx_it.o
                0x08001600                HardFault_Handler
 .text.MemManage_Handler
                0x08001608        0x8 Core/Src/stm32l5xx_it.o
                0x08001608                MemManage_Handler
 .text.BusFault_Handler
                0x08001610        0x8 Core/Src/stm32l5xx_it.o
                0x08001610                BusFault_Handler
 .text.UsageFault_Handler
                0x08001618        0x8 Core/Src/stm32l5xx_it.o
                0x08001618                UsageFault_Handler
 .text.SVC_Handler
                0x08001620        0xe Core/Src/stm32l5xx_it.o
                0x08001620                SVC_Handler
 .text.DebugMon_Handler
                0x0800162e        0xe Core/Src/stm32l5xx_it.o
                0x0800162e                DebugMon_Handler
 .text.PendSV_Handler
                0x0800163c        0xe Core/Src/stm32l5xx_it.o
                0x0800163c                PendSV_Handler
 .text.SysTick_Handler
                0x0800164a        0xc Core/Src/stm32l5xx_it.o
                0x0800164a                SysTick_Handler
 *fill*         0x08001656        0x2 
 .text.DMA1_Channel1_IRQHandler
                0x08001658       0x14 Core/Src/stm32l5xx_it.o
                0x08001658                DMA1_Channel1_IRQHandler
 .text.TIM3_IRQHandler
                0x0800166c       0x14 Core/Src/stm32l5xx_it.o
                0x0800166c                TIM3_IRQHandler
 .text.TIM4_IRQHandler
                0x08001680       0x14 Core/Src/stm32l5xx_it.o
                0x08001680                TIM4_IRQHandler
 .text.UART4_IRQHandler
                0x08001694       0x14 Core/Src/stm32l5xx_it.o
                0x08001694                UART4_IRQHandler
 .text.SystemInit
                0x080016a8       0x24 Core/Src/system_stm32l5xx.o
                0x080016a8                SystemInit
 .text.SystemCoreClockUpdate
                0x080016cc      0x15c Core/Src/system_stm32l5xx.o
                0x080016cc                SystemCoreClockUpdate
 .text.UartHandshake
                0x08001828       0x40 Core/Src/uart_joy_input.o
                0x08001828                UartHandshake
 .text.HAL_UART_RxCpltCallback
                0x08001868       0xec Core/Src/uart_joy_input.o
                0x08001868                HAL_UART_RxCpltCallback
 .text.Reset_Handler
                0x08001954       0x50 Core/Startup/startup_stm32l552zetxq.o
                0x08001954                Reset_Handler
 .text.Default_Handler
                0x080019a4        0x2 Core/Startup/startup_stm32l552zetxq.o
                0x080019a4                EXTI2_IRQHandler
                0x080019a4                TIM8_TRG_COM_IRQHandler
                0x080019a4                TIM8_CC_IRQHandler
                0x080019a4                EXTI5_IRQHandler
                0x080019a4                FLASH_S_IRQHandler
                0x080019a4                EXTI13_IRQHandler
                0x080019a4                TIM1_CC_IRQHandler
                0x080019a4                TSC_IRQHandler
                0x080019a4                TAMP_IRQHandler
                0x080019a4                TIM6_IRQHandler
                0x080019a4                EXTI12_IRQHandler
                0x080019a4                DMA2_Channel8_IRQHandler
                0x080019a4                EXTI3_IRQHandler
                0x080019a4                EXTI8_IRQHandler
                0x080019a4                LPTIM2_IRQHandler
                0x080019a4                DFSDM1_FLT1_IRQHandler
                0x080019a4                USB_FS_IRQHandler
                0x080019a4                I2C3_ER_IRQHandler
                0x080019a4                DFSDM1_FLT2_IRQHandler
                0x080019a4                DMAMUX1_IRQHandler
                0x080019a4                LPTIM3_IRQHandler
                0x080019a4                EXTI0_IRQHandler
                0x080019a4                I2C2_EV_IRQHandler
                0x080019a4                FPU_IRQHandler
                0x080019a4                FDCAN1_IT1_IRQHandler
                0x080019a4                ADC1_2_IRQHandler
                0x080019a4                SPI1_IRQHandler
                0x080019a4                OCTOSPI1_IRQHandler
                0x080019a4                TIM8_UP_IRQHandler
                0x080019a4                RCC_S_IRQHandler
                0x080019a4                DMA2_Channel2_IRQHandler
                0x080019a4                DMA1_Channel4_IRQHandler
                0x080019a4                SAI2_IRQHandler
                0x080019a4                DFSDM1_FLT3_IRQHandler
                0x080019a4                EXTI15_IRQHandler
                0x080019a4                TIM17_IRQHandler
                0x080019a4                USART3_IRQHandler
                0x080019a4                RTC_IRQHandler
                0x080019a4                EXTI9_IRQHandler
                0x080019a4                DMA1_Channel7_IRQHandler
                0x080019a4                UART5_IRQHandler
                0x080019a4                DMA2_Channel1_IRQHandler
                0x080019a4                I2C1_EV_IRQHandler
                0x080019a4                DMA1_Channel6_IRQHandler
                0x080019a4                TIM16_IRQHandler
                0x080019a4                DMA2_Channel4_IRQHandler
                0x080019a4                SecureFault_Handler
                0x080019a4                RCC_IRQHandler
                0x080019a4                TIM1_TRG_COM_IRQHandler
                0x080019a4                Default_Handler
                0x080019a4                DMA2_Channel7_IRQHandler
                0x080019a4                DMA1_Channel8_IRQHandler
                0x080019a4                TIM7_IRQHandler
                0x080019a4                SDMMC1_IRQHandler
                0x080019a4                TIM5_IRQHandler
                0x080019a4                UCPD1_IRQHandler
                0x080019a4                TIM15_IRQHandler
                0x080019a4                I2C3_EV_IRQHandler
                0x080019a4                PVD_PVM_IRQHandler
                0x080019a4                SPI2_IRQHandler
                0x080019a4                EXTI14_IRQHandler
                0x080019a4                EXTI11_IRQHandler
                0x080019a4                DMA2_Channel5_IRQHandler
                0x080019a4                CRS_IRQHandler
                0x080019a4                DMA1_Channel5_IRQHandler
                0x080019a4                EXTI4_IRQHandler
                0x080019a4                RTC_S_IRQHandler
                0x080019a4                RNG_IRQHandler
                0x080019a4                DMAMUX1_S_IRQHandler
                0x080019a4                DMA1_Channel3_IRQHandler
                0x080019a4                COMP_IRQHandler
                0x080019a4                TIM1_UP_IRQHandler
                0x080019a4                WWDG_IRQHandler
                0x080019a4                I2C4_EV_IRQHandler
                0x080019a4                LPUART1_IRQHandler
                0x080019a4                DMA2_Channel6_IRQHandler
                0x080019a4                FDCAN1_IT0_IRQHandler
                0x080019a4                TIM2_IRQHandler
                0x080019a4                TAMP_S_IRQHandler
                0x080019a4                EXTI7_IRQHandler
                0x080019a4                TIM1_BRK_IRQHandler
                0x080019a4                DAC_IRQHandler
                0x080019a4                EXTI1_IRQHandler
                0x080019a4                GTZC_IRQHandler
                0x080019a4                USART2_IRQHandler
                0x080019a4                DFSDM1_FLT0_IRQHandler
                0x080019a4                I2C2_ER_IRQHandler
                0x080019a4                DMA1_Channel2_IRQHandler
                0x080019a4                TIM8_BRK_IRQHandler
                0x080019a4                FLASH_IRQHandler
                0x080019a4                USART1_IRQHandler
                0x080019a4                EXTI10_IRQHandler
                0x080019a4                SPI3_IRQHandler
                0x080019a4                I2C1_ER_IRQHandler
                0x080019a4                FMC_IRQHandler
                0x080019a4                EXTI6_IRQHandler
                0x080019a4                LPTIM1_IRQHandler
                0x080019a4                I2C4_ER_IRQHandler
                0x080019a4                ICACHE_IRQHandler
                0x080019a4                SAI1_IRQHandler
                0x080019a4                HASH_IRQHandler
                0x080019a4                DMA2_Channel3_IRQHandler
 .text.HAL_Init
                0x080019a6       0x34 Drivers/STM32L5xx_HAL_Driver/Src/stm32l5xx_hal.o
                0x080019a6                HAL_Init
 *fill*         0x080019da        0x2 
 .text.HAL_InitTick
                0x080019dc       0x78 Drivers/STM32L5xx_HAL_Driver/Src/stm32l5xx_hal.o
                0x080019dc                HAL_InitTick
 .text.HAL_IncTick
                0x08001a54       0x28 Drivers/STM32L5xx_HAL_Driver/Src/stm32l5xx_hal.o
                0x08001a54                HAL_IncTick
 .text.HAL_GetTick
                0x08001a7c       0x18 Drivers/STM32L5xx_HAL_Driver/Src/stm32l5xx_hal.o
                0x08001a7c                HAL_GetTick
 .text.LL_ADC_SetCommonClock
                0x08001a94       0x26 Drivers/STM32L5xx_HAL_Driver/Src/stm32l5xx_hal_adc.o
 .text.LL_ADC_SetCommonPathInternalCh
                0x08001aba       0x26 Drivers/STM32L5xx_HAL_Driver/Src/stm32l5xx_hal_adc.o
 .text.LL_ADC_GetCommonPathInternalCh
                0x08001ae0       0x1c Drivers/STM32L5xx_HAL_Driver/Src/stm32l5xx_hal_adc.o
 .text.LL_ADC_SetOffset
                0x08001afc       0x48 Drivers/STM32L5xx_HAL_Driver/Src/stm32l5xx_hal_adc.o
 .text.LL_ADC_GetOffsetChannel
                0x08001b44       0x2c Drivers/STM32L5xx_HAL_Driver/Src/stm32l5xx_hal_adc.o
 .text.LL_ADC_SetOffsetState
                0x08001b70       0x36 Drivers/STM32L5xx_HAL_Driver/Src/stm32l5xx_hal_adc.o
 .text.LL_ADC_SetSamplingTimeCommonConfig
                0x08001ba6       0x26 Drivers/STM32L5xx_HAL_Driver/Src/stm32l5xx_hal_adc.o
 .text.LL_ADC_REG_SetSequencerRanks
                0x08001bcc       0x58 Drivers/STM32L5xx_HAL_Driver/Src/stm32l5xx_hal_adc.o
 .text.LL_ADC_SetChannelSamplingTime
                0x08001c24       0x56 Drivers/STM32L5xx_HAL_Driver/Src/stm32l5xx_hal_adc.o
 *fill*         0x08001c7a        0x2 
 .text.LL_ADC_SetChannelSingleDiff
                0x08001c7c       0x48 Drivers/STM32L5xx_HAL_Driver/Src/stm32l5xx_hal_adc.o
 .text.LL_ADC_DisableDeepPowerDown
                0x08001cc4       0x24 Drivers/STM32L5xx_HAL_Driver/Src/stm32l5xx_hal_adc.o
 .text.LL_ADC_IsDeepPowerDownEnabled
                0x08001ce8       0x28 Drivers/STM32L5xx_HAL_Driver/Src/stm32l5xx_hal_adc.o
 .text.LL_ADC_EnableInternalRegulator
                0x08001d10       0x28 Drivers/STM32L5xx_HAL_Driver/Src/stm32l5xx_hal_adc.o
 .text.LL_ADC_IsInternalRegulatorEnabled
                0x08001d38       0x28 Drivers/STM32L5xx_HAL_Driver/Src/stm32l5xx_hal_adc.o
 .text.LL_ADC_IsEnabled
                0x08001d60       0x26 Drivers/STM32L5xx_HAL_Driver/Src/stm32l5xx_hal_adc.o
 .text.LL_ADC_REG_IsConversionOngoing
                0x08001d86       0x26 Drivers/STM32L5xx_HAL_Driver/Src/stm32l5xx_hal_adc.o
 .text.LL_ADC_INJ_IsConversionOngoing
                0x08001dac       0x26 Drivers/STM32L5xx_HAL_Driver/Src/stm32l5xx_hal_adc.o
 *fill*         0x08001dd2        0x2 
 .text.HAL_ADC_Init
                0x08001dd4      0x298 Drivers/STM32L5xx_HAL_Driver/Src/stm32l5xx_hal_adc.o
                0x08001dd4                HAL_ADC_Init
 .text.HAL_ADC_ConfigChannel
                0x0800206c      0x7d4 Drivers/STM32L5xx_HAL_Driver/Src/stm32l5xx_hal_adc.o
                0x0800206c                HAL_ADC_ConfigChannel
 .text.LL_ADC_IsEnabled
                0x08002840       0x26 Drivers/STM32L5xx_HAL_Driver/Src/stm32l5xx_hal_adc_ex.o
 .text.LL_ADC_REG_IsConversionOngoing
                0x08002866       0x26 Drivers/STM32L5xx_HAL_Driver/Src/stm32l5xx_hal_adc_ex.o
 .text.HAL_ADCEx_MultiModeConfigChannel
                0x0800288c      0x148 Drivers/STM32L5xx_HAL_Driver/Src/stm32l5xx_hal_adc_ex.o
                0x0800288c                HAL_ADCEx_MultiModeConfigChannel
 .text.__NVIC_SetPriorityGrouping
                0x080029d4       0x48 Drivers/STM32L5xx_HAL_Driver/Src/stm32l5xx_hal_cortex.o
 .text.__NVIC_GetPriorityGrouping
                0x08002a1c       0x1c Drivers/STM32L5xx_HAL_Driver/Src/stm32l5xx_hal_cortex.o
 .text.__NVIC_EnableIRQ
                0x08002a38       0x3c Drivers/STM32L5xx_HAL_Driver/Src/stm32l5xx_hal_cortex.o
 .text.__NVIC_SetPriority
                0x08002a74       0x54 Drivers/STM32L5xx_HAL_Driver/Src/stm32l5xx_hal_cortex.o
 .text.NVIC_EncodePriority
                0x08002ac8       0x66 Drivers/STM32L5xx_HAL_Driver/Src/stm32l5xx_hal_cortex.o
 *fill*         0x08002b2e        0x2 
 .text.SysTick_Config
                0x08002b30       0x44 Drivers/STM32L5xx_HAL_Driver/Src/stm32l5xx_hal_cortex.o
 .text.HAL_NVIC_SetPriorityGrouping
                0x08002b74       0x16 Drivers/STM32L5xx_HAL_Driver/Src/stm32l5xx_hal_cortex.o
                0x08002b74                HAL_NVIC_SetPriorityGrouping
 .text.HAL_NVIC_SetPriority
                0x08002b8a       0x34 Drivers/STM32L5xx_HAL_Driver/Src/stm32l5xx_hal_cortex.o
                0x08002b8a                HAL_NVIC_SetPriority
 .text.HAL_NVIC_EnableIRQ
                0x08002bbe       0x1c Drivers/STM32L5xx_HAL_Driver/Src/stm32l5xx_hal_cortex.o
                0x08002bbe                HAL_NVIC_EnableIRQ
 .text.HAL_SYSTICK_Config
                0x08002bda       0x18 Drivers/STM32L5xx_HAL_Driver/Src/stm32l5xx_hal_cortex.o
                0x08002bda                HAL_SYSTICK_Config
 *fill*         0x08002bf2        0x2 
 .text.HAL_DMA_Init
                0x08002bf4      0x150 Drivers/STM32L5xx_HAL_Driver/Src/stm32l5xx_hal_dma.o
                0x08002bf4                HAL_DMA_Init
 .text.HAL_DMA_Start_IT
                0x08002d44       0xf6 Drivers/STM32L5xx_HAL_Driver/Src/stm32l5xx_hal_dma.o
                0x08002d44                HAL_DMA_Start_IT
 .text.HAL_DMA_Abort
                0x08002e3a       0xb8 Drivers/STM32L5xx_HAL_Driver/Src/stm32l5xx_hal_dma.o
                0x08002e3a                HAL_DMA_Abort
 .text.HAL_DMA_Abort_IT
                0x08002ef2       0xbe Drivers/STM32L5xx_HAL_Driver/Src/stm32l5xx_hal_dma.o
                0x08002ef2                HAL_DMA_Abort_IT
 .text.HAL_DMA_IRQHandler
                0x08002fb0      0x200 Drivers/STM32L5xx_HAL_Driver/Src/stm32l5xx_hal_dma.o
                0x08002fb0                HAL_DMA_IRQHandler
 .text.HAL_DMA_ConfigChannelAttributes
                0x080031b0       0x60 Drivers/STM32L5xx_HAL_Driver/Src/stm32l5xx_hal_dma.o
                0x080031b0                HAL_DMA_ConfigChannelAttributes
 .text.DMA_SetConfig
                0x08003210       0x7c Drivers/STM32L5xx_HAL_Driver/Src/stm32l5xx_hal_dma.o
 .text.DMA_CalcDMAMUXChannelBaseAndMask
                0x0800328c       0x7c Drivers/STM32L5xx_HAL_Driver/Src/stm32l5xx_hal_dma.o
 .text.DMA_CalcDMAMUXRequestGenBaseAndMask
                0x08003308       0x48 Drivers/STM32L5xx_HAL_Driver/Src/stm32l5xx_hal_dma.o
 .text.HAL_GPIO_Init
                0x08003350      0x300 Drivers/STM32L5xx_HAL_Driver/Src/stm32l5xx_hal_gpio.o
                0x08003350                HAL_GPIO_Init
 .text.HAL_GPIO_WritePin
                0x08003650       0x30 Drivers/STM32L5xx_HAL_Driver/Src/stm32l5xx_hal_gpio.o
                0x08003650                HAL_GPIO_WritePin
 .text.HAL_ICACHE_ConfigAssociativityMode
                0x08003680       0x40 Drivers/STM32L5xx_HAL_Driver/Src/stm32l5xx_hal_icache.o
                0x08003680                HAL_ICACHE_ConfigAssociativityMode
 .text.HAL_ICACHE_Enable
                0x080036c0       0x20 Drivers/STM32L5xx_HAL_Driver/Src/stm32l5xx_hal_icache.o
                0x080036c0                HAL_ICACHE_Enable
 .text.HAL_PCD_Init
                0x080036e0      0x19c Drivers/STM32L5xx_HAL_Driver/Src/stm32l5xx_hal_pcd.o
                0x080036e0                HAL_PCD_Init
 .text.HAL_PCDEx_ActivateLPM
                0x0800387c       0x54 Drivers/STM32L5xx_HAL_Driver/Src/stm32l5xx_hal_pcd_ex.o
                0x0800387c                HAL_PCDEx_ActivateLPM
 .text.HAL_PWR_EnableBkUpAccess
                0x080038d0       0x20 Drivers/STM32L5xx_HAL_Driver/Src/stm32l5xx_hal_pwr.o
                0x080038d0                HAL_PWR_EnableBkUpAccess
 .text.HAL_PWREx_GetVoltageRange
                0x080038f0       0x1c Drivers/STM32L5xx_HAL_Driver/Src/stm32l5xx_hal_pwr_ex.o
                0x080038f0                HAL_PWREx_GetVoltageRange
 .text.HAL_PWREx_ControlVoltageScaling
                0x0800390c       0xb8 Drivers/STM32L5xx_HAL_Driver/Src/stm32l5xx_hal_pwr_ex.o
                0x0800390c                HAL_PWREx_ControlVoltageScaling
 .text.HAL_PWREx_EnableVddIO2
                0x080039c4       0x20 Drivers/STM32L5xx_HAL_Driver/Src/stm32l5xx_hal_pwr_ex.o
                0x080039c4                HAL_PWREx_EnableVddIO2
 .text.HAL_PWREx_SMPS_GetEffectiveMode
                0x080039e4       0x48 Drivers/STM32L5xx_HAL_Driver/Src/stm32l5xx_hal_pwr_ex.o
                0x080039e4                HAL_PWREx_SMPS_GetEffectiveMode
 .text.HAL_RCC_OscConfig
                0x08003a2c      0x9ac Drivers/STM32L5xx_HAL_Driver/Src/stm32l5xx_hal_rcc.o
                0x08003a2c                HAL_RCC_OscConfig
 .text.HAL_RCC_ClockConfig
                0x080043d8      0x270 Drivers/STM32L5xx_HAL_Driver/Src/stm32l5xx_hal_rcc.o
                0x080043d8                HAL_RCC_ClockConfig
 .text.HAL_RCC_GetSysClockFreq
                0x08004648      0x13c Drivers/STM32L5xx_HAL_Driver/Src/stm32l5xx_hal_rcc.o
                0x08004648                HAL_RCC_GetSysClockFreq
 .text.HAL_RCC_GetHCLKFreq
                0x08004784       0x28 Drivers/STM32L5xx_HAL_Driver/Src/stm32l5xx_hal_rcc.o
                0x08004784                HAL_RCC_GetHCLKFreq
 .text.HAL_RCC_GetPCLK1Freq
                0x080047ac       0x28 Drivers/STM32L5xx_HAL_Driver/Src/stm32l5xx_hal_rcc.o
                0x080047ac                HAL_RCC_GetPCLK1Freq
 .text.HAL_RCC_GetPCLK2Freq
                0x080047d4       0x28 Drivers/STM32L5xx_HAL_Driver/Src/stm32l5xx_hal_rcc.o
                0x080047d4                HAL_RCC_GetPCLK2Freq
 .text.RCC_SetFlashLatencyFromMSIRange
                0x080047fc       0xc8 Drivers/STM32L5xx_HAL_Driver/Src/stm32l5xx_hal_rcc.o
 .text.RCC_GetSysClockFreqFromPLLSource
                0x080048c4       0xdc Drivers/STM32L5xx_HAL_Driver/Src/stm32l5xx_hal_rcc.o
 .text.HAL_RCCEx_PeriphCLKConfig
                0x080049a0      0x708 Drivers/STM32L5xx_HAL_Driver/Src/stm32l5xx_hal_rcc_ex.o
                0x080049a0                HAL_RCCEx_PeriphCLKConfig
 .text.RCCEx_PLLSAI1_Config
                0x080050a8      0x1cc Drivers/STM32L5xx_HAL_Driver/Src/stm32l5xx_hal_rcc_ex.o
 .text.RCCEx_PLLSAI2_Config
                0x08005274      0x158 Drivers/STM32L5xx_HAL_Driver/Src/stm32l5xx_hal_rcc_ex.o
 .text.HAL_RTC_Init
                0x080053cc       0xf0 Drivers/STM32L5xx_HAL_Driver/Src/stm32l5xx_hal_rtc.o
                0x080053cc                HAL_RTC_Init
 .text.HAL_RTC_WaitForSynchro
                0x080054bc       0x48 Drivers/STM32L5xx_HAL_Driver/Src/stm32l5xx_hal_rtc.o
                0x080054bc                HAL_RTC_WaitForSynchro
 .text.RTC_EnterInitMode
                0x08005504       0x68 Drivers/STM32L5xx_HAL_Driver/Src/stm32l5xx_hal_rtc.o
                0x08005504                RTC_EnterInitMode
 .text.RTC_ExitInitMode
                0x0800556c       0x7c Drivers/STM32L5xx_HAL_Driver/Src/stm32l5xx_hal_rtc.o
                0x0800556c                RTC_ExitInitMode
 .text.HAL_RTCEx_PrivilegeModeSet
                0x080055e8       0x58 Drivers/STM32L5xx_HAL_Driver/Src/stm32l5xx_hal_rtc_ex.o
                0x080055e8                HAL_RTCEx_PrivilegeModeSet
 .text.HAL_TIM_Base_Init
                0x08005640       0xae Drivers/STM32L5xx_HAL_Driver/Src/stm32l5xx_hal_tim.o
                0x08005640                HAL_TIM_Base_Init
 .text.HAL_TIM_PWM_Init
                0x080056ee       0xae Drivers/STM32L5xx_HAL_Driver/Src/stm32l5xx_hal_tim.o
                0x080056ee                HAL_TIM_PWM_Init
 .text.HAL_TIM_PWM_MspInit
                0x0800579c       0x14 Drivers/STM32L5xx_HAL_Driver/Src/stm32l5xx_hal_tim.o
                0x0800579c                HAL_TIM_PWM_MspInit
 .text.HAL_TIM_PWM_Start_IT
                0x080057b0      0x2a8 Drivers/STM32L5xx_HAL_Driver/Src/stm32l5xx_hal_tim.o
                0x080057b0                HAL_TIM_PWM_Start_IT
 .text.HAL_TIM_IRQHandler
                0x08005a58      0x20e Drivers/STM32L5xx_HAL_Driver/Src/stm32l5xx_hal_tim.o
                0x08005a58                HAL_TIM_IRQHandler
 *fill*         0x08005c66        0x2 
 .text.HAL_TIM_PWM_ConfigChannel
                0x08005c68      0x228 Drivers/STM32L5xx_HAL_Driver/Src/stm32l5xx_hal_tim.o
                0x08005c68                HAL_TIM_PWM_ConfigChannel
 .text.HAL_TIM_ConfigClockSource
                0x08005e90      0x192 Drivers/STM32L5xx_HAL_Driver/Src/stm32l5xx_hal_tim.o
                0x08005e90                HAL_TIM_ConfigClockSource
 .text.HAL_TIM_PeriodElapsedCallback
                0x08006022       0x14 Drivers/STM32L5xx_HAL_Driver/Src/stm32l5xx_hal_tim.o
                0x08006022                HAL_TIM_PeriodElapsedCallback
 .text.HAL_TIM_OC_DelayElapsedCallback
                0x08006036       0x14 Drivers/STM32L5xx_HAL_Driver/Src/stm32l5xx_hal_tim.o
                0x08006036                HAL_TIM_OC_DelayElapsedCallback
 .text.HAL_TIM_IC_CaptureCallback
                0x0800604a       0x14 Drivers/STM32L5xx_HAL_Driver/Src/stm32l5xx_hal_tim.o
                0x0800604a                HAL_TIM_IC_CaptureCallback
 .text.HAL_TIM_TriggerCallback
                0x0800605e       0x14 Drivers/STM32L5xx_HAL_Driver/Src/stm32l5xx_hal_tim.o
                0x0800605e                HAL_TIM_TriggerCallback
 *fill*         0x08006072        0x2 
 .text.TIM_Base_SetConfig
                0x08006074      0x14c Drivers/STM32L5xx_HAL_Driver/Src/stm32l5xx_hal_tim.o
                0x08006074                TIM_Base_SetConfig
 .text.TIM_OC1_SetConfig
                0x080061c0      0x120 Drivers/STM32L5xx_HAL_Driver/Src/stm32l5xx_hal_tim.o
 .text.TIM_OC2_SetConfig
                0x080062e0      0x114 Drivers/STM32L5xx_HAL_Driver/Src/stm32l5xx_hal_tim.o
                0x080062e0                TIM_OC2_SetConfig
 .text.TIM_OC3_SetConfig
                0x080063f4      0x110 Drivers/STM32L5xx_HAL_Driver/Src/stm32l5xx_hal_tim.o
 .text.TIM_OC4_SetConfig
                0x08006504       0xd4 Drivers/STM32L5xx_HAL_Driver/Src/stm32l5xx_hal_tim.o
 .text.TIM_OC5_SetConfig
                0x080065d8       0xc8 Drivers/STM32L5xx_HAL_Driver/Src/stm32l5xx_hal_tim.o
 .text.TIM_OC6_SetConfig
                0x080066a0       0xcc Drivers/STM32L5xx_HAL_Driver/Src/stm32l5xx_hal_tim.o
 .text.TIM_TI1_ConfigInputStage
                0x0800676c       0x5e Drivers/STM32L5xx_HAL_Driver/Src/stm32l5xx_hal_tim.o
 .text.TIM_TI2_ConfigInputStage
                0x080067ca       0x60 Drivers/STM32L5xx_HAL_Driver/Src/stm32l5xx_hal_tim.o
 .text.TIM_ITRx_SetConfig
                0x0800682a       0x3a Drivers/STM32L5xx_HAL_Driver/Src/stm32l5xx_hal_tim.o
 .text.TIM_ETR_SetConfig
                0x08006864       0x40 Drivers/STM32L5xx_HAL_Driver/Src/stm32l5xx_hal_tim.o
                0x08006864                TIM_ETR_SetConfig
 .text.TIM_CCxChannelCmd
                0x080068a4       0x4a Drivers/STM32L5xx_HAL_Driver/Src/stm32l5xx_hal_tim.o
                0x080068a4                TIM_CCxChannelCmd
 *fill*         0x080068ee        0x2 
 .text.HAL_TIMEx_MasterConfigSynchronization
                0x080068f0      0x110 Drivers/STM32L5xx_HAL_Driver/Src/stm32l5xx_hal_tim_ex.o
                0x080068f0                HAL_TIMEx_MasterConfigSynchronization
 .text.HAL_TIMEx_CommutCallback
                0x08006a00       0x14 Drivers/STM32L5xx_HAL_Driver/Src/stm32l5xx_hal_tim_ex.o
                0x08006a00                HAL_TIMEx_CommutCallback
 .text.HAL_TIMEx_BreakCallback
                0x08006a14       0x14 Drivers/STM32L5xx_HAL_Driver/Src/stm32l5xx_hal_tim_ex.o
                0x08006a14                HAL_TIMEx_BreakCallback
 .text.HAL_TIMEx_Break2Callback
                0x08006a28       0x14 Drivers/STM32L5xx_HAL_Driver/Src/stm32l5xx_hal_tim_ex.o
                0x08006a28                HAL_TIMEx_Break2Callback
 .text.HAL_UART_Init
                0x08006a3c       0xa0 Drivers/STM32L5xx_HAL_Driver/Src/stm32l5xx_hal_uart.o
                0x08006a3c                HAL_UART_Init
 .text.HAL_UART_Transmit
                0x08006adc      0x11c Drivers/STM32L5xx_HAL_Driver/Src/stm32l5xx_hal_uart.o
                0x08006adc                HAL_UART_Transmit
 .text.HAL_UART_Receive
                0x08006bf8      0x190 Drivers/STM32L5xx_HAL_Driver/Src/stm32l5xx_hal_uart.o
                0x08006bf8                HAL_UART_Receive
 .text.HAL_UART_Receive_DMA
                0x08006d88       0x98 Drivers/STM32L5xx_HAL_Driver/Src/stm32l5xx_hal_uart.o
                0x08006d88                HAL_UART_Receive_DMA
 .text.HAL_UART_IRQHandler
                0x08006e20      0x648 Drivers/STM32L5xx_HAL_Driver/Src/stm32l5xx_hal_uart.o
                0x08006e20                HAL_UART_IRQHandler
 .text.HAL_UART_TxCpltCallback
                0x08007468       0x14 Drivers/STM32L5xx_HAL_Driver/Src/stm32l5xx_hal_uart.o
                0x08007468                HAL_UART_TxCpltCallback
 .text.HAL_UART_RxHalfCpltCallback
                0x0800747c       0x14 Drivers/STM32L5xx_HAL_Driver/Src/stm32l5xx_hal_uart.o
                0x0800747c                HAL_UART_RxHalfCpltCallback
 .text.HAL_UART_ErrorCallback
                0x08007490       0x14 Drivers/STM32L5xx_HAL_Driver/Src/stm32l5xx_hal_uart.o
                0x08007490                HAL_UART_ErrorCallback
 .text.HAL_UARTEx_RxEventCallback
                0x080074a4       0x18 Drivers/STM32L5xx_HAL_Driver/Src/stm32l5xx_hal_uart.o
                0x080074a4                HAL_UARTEx_RxEventCallback
 .text.UART_SetConfig
                0x080074bc      0x600 Drivers/STM32L5xx_HAL_Driver/Src/stm32l5xx_hal_uart.o
                0x080074bc                UART_SetConfig
 .text.UART_AdvFeatureConfig
                0x08007abc      0x144 Drivers/STM32L5xx_HAL_Driver/Src/stm32l5xx_hal_uart.o
                0x08007abc                UART_AdvFeatureConfig
 .text.UART_CheckIdleState
                0x08007c00      0x154 Drivers/STM32L5xx_HAL_Driver/Src/stm32l5xx_hal_uart.o
                0x08007c00                UART_CheckIdleState
 .text.UART_WaitOnFlagUntilTimeout
                0x08007d54       0xda Drivers/STM32L5xx_HAL_Driver/Src/stm32l5xx_hal_uart.o
                0x08007d54                UART_WaitOnFlagUntilTimeout
 *fill*         0x08007e2e        0x2 
 .text.UART_Start_Receive_DMA
                0x08007e30      0x14c Drivers/STM32L5xx_HAL_Driver/Src/stm32l5xx_hal_uart.o
                0x08007e30                UART_Start_Receive_DMA
 .text.UART_EndTxTransfer
                0x08007f7c       0x82 Drivers/STM32L5xx_HAL_Driver/Src/stm32l5xx_hal_uart.o
 .text.UART_EndRxTransfer
                0x08007ffe       0xcc Drivers/STM32L5xx_HAL_Driver/Src/stm32l5xx_hal_uart.o
 .text.UART_DMAReceiveCplt
                0x080080ca      0x12c Drivers/STM32L5xx_HAL_Driver/Src/stm32l5xx_hal_uart.o
 .text.UART_DMARxHalfCplt
                0x080081f6       0x3e Drivers/STM32L5xx_HAL_Driver/Src/stm32l5xx_hal_uart.o
 .text.UART_DMAError
                0x08008234       0x80 Drivers/STM32L5xx_HAL_Driver/Src/stm32l5xx_hal_uart.o
 .text.UART_DMAAbortOnError
                0x080082b4       0x2c Drivers/STM32L5xx_HAL_Driver/Src/stm32l5xx_hal_uart.o
 .text.UART_EndTransmit_IT
                0x080082e0       0x56 Drivers/STM32L5xx_HAL_Driver/Src/stm32l5xx_hal_uart.o
 .text.HAL_UARTEx_WakeupCallback
                0x08008336       0x14 Drivers/STM32L5xx_HAL_Driver/Src/stm32l5xx_hal_uart_ex.o
                0x08008336                HAL_UARTEx_WakeupCallback
 .text.HAL_UARTEx_RxFifoFullCallback
                0x0800834a       0x14 Drivers/STM32L5xx_HAL_Driver/Src/stm32l5xx_hal_uart_ex.o
                0x0800834a                HAL_UARTEx_RxFifoFullCallback
 .text.HAL_UARTEx_TxFifoEmptyCallback
                0x0800835e       0x14 Drivers/STM32L5xx_HAL_Driver/Src/stm32l5xx_hal_uart_ex.o
                0x0800835e                HAL_UARTEx_TxFifoEmptyCallback
 .text.HAL_UARTEx_DisableFifoMode
                0x08008372       0x72 Drivers/STM32L5xx_HAL_Driver/Src/stm32l5xx_hal_uart_ex.o
                0x08008372                HAL_UARTEx_DisableFifoMode
 .text.HAL_UARTEx_SetTxFifoThreshold
                0x080083e4       0x7c Drivers/STM32L5xx_HAL_Driver/Src/stm32l5xx_hal_uart_ex.o
                0x080083e4                HAL_UARTEx_SetTxFifoThreshold
 .text.HAL_UARTEx_SetRxFifoThreshold
                0x08008460       0x7c Drivers/STM32L5xx_HAL_Driver/Src/stm32l5xx_hal_uart_ex.o
                0x08008460                HAL_UARTEx_SetRxFifoThreshold
 .text.UARTEx_SetNbDataToProcess
                0x080084dc       0x9c Drivers/STM32L5xx_HAL_Driver/Src/stm32l5xx_hal_uart_ex.o
 .text.LL_GPIO_SetPinMode
                0x08008578       0x7a Drivers/STM32L5xx_HAL_Driver/Src/stm32l5xx_ll_gpio.o
 .text.LL_GPIO_SetPinOutputType
                0x080085f2       0x30 Drivers/STM32L5xx_HAL_Driver/Src/stm32l5xx_ll_gpio.o
 .text.LL_GPIO_SetPinSpeed
                0x08008622       0x7a Drivers/STM32L5xx_HAL_Driver/Src/stm32l5xx_ll_gpio.o
 .text.LL_GPIO_SetPinPull
                0x0800869c       0x7a Drivers/STM32L5xx_HAL_Driver/Src/stm32l5xx_ll_gpio.o
 .text.LL_GPIO_SetAFPin_0_7
                0x08008716       0x7a Drivers/STM32L5xx_HAL_Driver/Src/stm32l5xx_ll_gpio.o
 .text.LL_GPIO_SetAFPin_8_15
                0x08008790       0x7e Drivers/STM32L5xx_HAL_Driver/Src/stm32l5xx_ll_gpio.o
 .text.LL_GPIO_Init
                0x0800880e       0xda Drivers/STM32L5xx_HAL_Driver/Src/stm32l5xx_ll_gpio.o
                0x0800880e                LL_GPIO_Init
 .text.USB_DisableGlobalInt
                0x080088e8       0x36 Drivers/STM32L5xx_HAL_Driver/Src/stm32l5xx_ll_usb.o
                0x080088e8                USB_DisableGlobalInt
 .text.USB_DevInit
                0x0800891e       0x3c Drivers/STM32L5xx_HAL_Driver/Src/stm32l5xx_ll_usb.o
                0x0800891e                USB_DevInit
 .text.memset   0x0800895a       0x10 /opt/st/stm32cubeide_1.15.1/plugins/com.st.stm32cube.ide.mcu.externaltools.gnu-tools-for-stm32.12.3.rel1.linux64_1.0.100.202403111256/tools/bin/../lib/gcc/arm-none-eabi/12.3.1/../../../../arm-none-eabi/lib/thumb/v8-m.main+fp/hard/libc_nano.a(libc_a-memset.o)
                0x0800895a                memset
 *fill*         0x0800896a        0x2 
 .text.__libc_init_array
                0x0800896c       0x48 /opt/st/stm32cubeide_1.15.1/plugins/com.st.stm32cube.ide.mcu.externaltools.gnu-tools-for-stm32.12.3.rel1.linux64_1.0.100.202403111256/tools/bin/../lib/gcc/arm-none-eabi/12.3.1/../../../../arm-none-eabi/lib/thumb/v8-m.main+fp/hard/libc_nano.a(libc_a-init.o)
                0x0800896c                __libc_init_array
 *(.glue_7)
 .glue_7        0x080089b4        0x0 linker stubs
 *(.glue_7t)
 .glue_7t       0x080089b4        0x0 linker stubs
 *(.eh_frame)
 .eh_frame      0x080089b4        0x0 /opt/st/stm32cubeide_1.15.1/plugins/com.st.stm32cube.ide.mcu.externaltools.gnu-tools-for-stm32.12.3.rel1.linux64_1.0.100.202403111256/tools/bin/../lib/gcc/arm-none-eabi/12.3.1/thumb/v8-m.main+fp/hard/crtbegin.o
 *(.init)
 .init          0x080089b4        0x4 /opt/st/stm32cubeide_1.15.1/plugins/com.st.stm32cube.ide.mcu.externaltools.gnu-tools-for-stm32.12.3.rel1.linux64_1.0.100.202403111256/tools/bin/../lib/gcc/arm-none-eabi/12.3.1/thumb/v8-m.main+fp/hard/crti.o
                0x080089b4                _init
 .init          0x080089b8        0x8 /opt/st/stm32cubeide_1.15.1/plugins/com.st.stm32cube.ide.mcu.externaltools.gnu-tools-for-stm32.12.3.rel1.linux64_1.0.100.202403111256/tools/bin/../lib/gcc/arm-none-eabi/12.3.1/thumb/v8-m.main+fp/hard/crtn.o
 *(.fini)
 .fini          0x080089c0        0x4 /opt/st/stm32cubeide_1.15.1/plugins/com.st.stm32cube.ide.mcu.externaltools.gnu-tools-for-stm32.12.3.rel1.linux64_1.0.100.202403111256/tools/bin/../lib/gcc/arm-none-eabi/12.3.1/thumb/v8-m.main+fp/hard/crti.o
                0x080089c0                _fini
 .fini          0x080089c4        0x8 /opt/st/stm32cubeide_1.15.1/plugins/com.st.stm32cube.ide.mcu.externaltools.gnu-tools-for-stm32.12.3.rel1.linux64_1.0.100.202403111256/tools/bin/../lib/gcc/arm-none-eabi/12.3.1/thumb/v8-m.main+fp/hard/crtn.o
                0x080089cc                        . = ALIGN (0x4)
                0x080089cc                        _etext = .

.vfp11_veneer   0x080089cc        0x0
 .vfp11_veneer  0x080089cc        0x0 linker stubs

.v4_bx          0x080089cc        0x0
 .v4_bx         0x080089cc        0x0 linker stubs

.iplt           0x080089cc        0x0
 .iplt          0x080089cc        0x0 /opt/st/stm32cubeide_1.15.1/plugins/com.st.stm32cube.ide.mcu.externaltools.gnu-tools-for-stm32.12.3.rel1.linux64_1.0.100.202403111256/tools/bin/../lib/gcc/arm-none-eabi/12.3.1/thumb/v8-m.main+fp/hard/crtbegin.o

.rodata         0x080089cc       0x84
                0x080089cc                        . = ALIGN (0x4)
 *(.rodata)
 *(.rodata*)
 .rodata.AHBPrescTable
                0x080089cc       0x10 Core/Src/system_stm32l5xx.o
                0x080089cc                AHBPrescTable
 .rodata.APBPrescTable
                0x080089dc        0x8 Core/Src/system_stm32l5xx.o
                0x080089dc                APBPrescTable
 .rodata.MSIRangeTable
                0x080089e4       0x40 Core/Src/system_stm32l5xx.o
                0x080089e4                MSIRangeTable
 .rodata.handshake_message
                0x08008a24        0x1 Core/Src/uart_joy_input.o
                0x08008a24                handshake_message
 *fill*         0x08008a25        0x3 
 .rodata.UARTPrescTable
                0x08008a28       0x18 Drivers/STM32L5xx_HAL_Driver/Src/stm32l5xx_hal_uart.o
                0x08008a28                UARTPrescTable
 .rodata.numerator.1
                0x08008a40        0x8 Drivers/STM32L5xx_HAL_Driver/Src/stm32l5xx_hal_uart_ex.o
 .rodata.denominator.0
                0x08008a48        0x8 Drivers/STM32L5xx_HAL_Driver/Src/stm32l5xx_hal_uart_ex.o
                0x08008a50                        . = ALIGN (0x4)

.ARM.extab      0x08008a50        0x0
                0x08008a50                        . = ALIGN (0x4)
 *(.ARM.extab* .gnu.linkonce.armextab.*)
                0x08008a50                        . = ALIGN (0x4)

.ARM            0x08008a50        0x8
                0x08008a50                        . = ALIGN (0x4)
                0x08008a50                        __exidx_start = .
 *(.ARM.exidx*)
 .ARM.exidx     0x08008a50        0x8 /opt/st/stm32cubeide_1.15.1/plugins/com.st.stm32cube.ide.mcu.externaltools.gnu-tools-for-stm32.12.3.rel1.linux64_1.0.100.202403111256/tools/bin/../lib/gcc/arm-none-eabi/12.3.1/thumb/v8-m.main+fp/hard/libgcc.a(_udivmoddi4.o)
                0x08008a58                        __exidx_end = .
                0x08008a58                        . = ALIGN (0x4)

.rel.dyn        0x08008a58        0x0
 .rel.iplt      0x08008a58        0x0 /opt/st/stm32cubeide_1.15.1/plugins/com.st.stm32cube.ide.mcu.externaltools.gnu-tools-for-stm32.12.3.rel1.linux64_1.0.100.202403111256/tools/bin/../lib/gcc/arm-none-eabi/12.3.1/thumb/v8-m.main+fp/hard/crtbegin.o

.preinit_array  0x08008a58        0x0
                0x08008a58                        . = ALIGN (0x4)
                0x08008a58                        PROVIDE (__preinit_array_start = .)
 *(.preinit_array*)
                0x08008a58                        PROVIDE (__preinit_array_end = .)
                0x08008a58                        . = ALIGN (0x4)

.init_array     0x08008a58        0x4
                0x08008a58                        . = ALIGN (0x4)
                0x08008a58                        PROVIDE (__init_array_start = .)
 *(SORT_BY_NAME(.init_array.*))
 *(.init_array*)
 .init_array    0x08008a58        0x4 /opt/st/stm32cubeide_1.15.1/plugins/com.st.stm32cube.ide.mcu.externaltools.gnu-tools-for-stm32.12.3.rel1.linux64_1.0.100.202403111256/tools/bin/../lib/gcc/arm-none-eabi/12.3.1/thumb/v8-m.main+fp/hard/crtbegin.o
                0x08008a5c                        PROVIDE (__init_array_end = .)
                0x08008a5c                        . = ALIGN (0x4)

.fini_array     0x08008a5c        0x4
                0x08008a5c                        . = ALIGN (0x4)
                [!provide]                        PROVIDE (__fini_array_start = .)
 *(SORT_BY_NAME(.fini_array.*))
 *(.fini_array*)
 .fini_array    0x08008a5c        0x4 /opt/st/stm32cubeide_1.15.1/plugins/com.st.stm32cube.ide.mcu.externaltools.gnu-tools-for-stm32.12.3.rel1.linux64_1.0.100.202403111256/tools/bin/../lib/gcc/arm-none-eabi/12.3.1/thumb/v8-m.main+fp/hard/crtbegin.o
                [!provide]                        PROVIDE (__fini_array_end = .)
                0x08008a60                        . = ALIGN (0x4)
                0x08008a60                        _sidata = LOADADDR (.data)

.data           0x20000000        0xc load address 0x08008a60
                0x20000000                        . = ALIGN (0x4)
                0x20000000                        _sdata = .
 *(.data)
 *(.data*)
 .data.SystemCoreClock
                0x20000000        0x4 Core/Src/system_stm32l5xx.o
                0x20000000                SystemCoreClock
 .data.uwTickPrio
                0x20000004        0x4 Drivers/STM32L5xx_HAL_Driver/Src/stm32l5xx_hal.o
                0x20000004                uwTickPrio
 .data.uwTickFreq
                0x20000008        0x1 Drivers/STM32L5xx_HAL_Driver/Src/stm32l5xx_hal.o
                0x20000008                uwTickFreq
 *(.RamFunc)
 *(.RamFunc*)
                0x2000000c                        . = ALIGN (0x4)
 *fill*         0x20000009        0x3 
                0x2000000c                        _edata = .

.igot.plt       0x2000000c        0x0 load address 0x08008a6c
 .igot.plt      0x2000000c        0x0 /opt/st/stm32cubeide_1.15.1/plugins/com.st.stm32cube.ide.mcu.externaltools.gnu-tools-for-stm32.12.3.rel1.linux64_1.0.100.202403111256/tools/bin/../lib/gcc/arm-none-eabi/12.3.1/thumb/v8-m.main+fp/hard/crtbegin.o
                0x2000000c                        . = ALIGN (0x4)

.bss            0x2000000c      0x5c0 load address 0x08008a6c
                0x2000000c                        _sbss = .
                0x2000000c                        __bss_start__ = _sbss
 *(.bss)
 .bss           0x2000000c       0x1c /opt/st/stm32cubeide_1.15.1/plugins/com.st.stm32cube.ide.mcu.externaltools.gnu-tools-for-stm32.12.3.rel1.linux64_1.0.100.202403111256/tools/bin/../lib/gcc/arm-none-eabi/12.3.1/thumb/v8-m.main+fp/hard/crtbegin.o
 *(.bss*)
 .bss.hadc1     0x20000028       0x68 Core/Src/main.o
                0x20000028                hadc1
 .bss.hlpuart1  0x20000090       0x94 Core/Src/main.o
                0x20000090                hlpuart1
 .bss.huart4    0x20000124       0x94 Core/Src/main.o
                0x20000124                huart4
 .bss.hdma_uart4_rx
                0x200001b8       0x68 Core/Src/main.o
                0x200001b8                hdma_uart4_rx
 .bss.hrtc      0x20000220       0x28 Core/Src/main.o
                0x20000220                hrtc
 .bss.htim3     0x20000248       0x4c Core/Src/main.o
                0x20000248                htim3
 .bss.htim4     0x20000294       0x4c Core/Src/main.o
                0x20000294                htim4
 .bss.hpcd_USB_FS
                0x200002e0      0x2dc Core/Src/main.o
                0x200002e0                hpcd_USB_FS
 .bss.motor_output
                0x200005bc        0x8 Core/Src/motor_pwm_interface.o
 .bss.UART_rxBuffer
                0x200005c4        0x4 Core/Src/uart_joy_input.o
                0x200005c4                UART_rxBuffer
 .bss.uwTick    0x200005c8        0x4 Drivers/STM32L5xx_HAL_Driver/Src/stm32l5xx_hal.o
                0x200005c8                uwTick
 *(COMMON)
                0x200005cc                        . = ALIGN (0x4)
                0x200005cc                        _ebss = .
                0x200005cc                        __bss_end__ = _ebss

._user_heap_stack
                0x200005cc      0x604 load address 0x08008a6c
                0x200005d0                        . = ALIGN (0x8)
 *fill*         0x200005cc        0x4 
                [!provide]                        PROVIDE (end = .)
                0x200005d0                        PROVIDE (_end = .)
                0x200007d0                        . = (. + _Min_Heap_Size)
 *fill*         0x200005d0      0x200 
                0x20000bd0                        . = (. + _Min_Stack_Size)
 *fill*         0x200007d0      0x400 
                0x20000bd0                        . = ALIGN (0x8)

/DISCARD/
 libc.a(*)
 libm.a(*)
 libgcc.a(*)

.ARM.attributes
                0x00000000       0x36
 *(.ARM.attributes)
 .ARM.attributes
                0x00000000       0x26 /opt/st/stm32cubeide_1.15.1/plugins/com.st.stm32cube.ide.mcu.externaltools.gnu-tools-for-stm32.12.3.rel1.linux64_1.0.100.202403111256/tools/bin/../lib/gcc/arm-none-eabi/12.3.1/thumb/v8-m.main+fp/hard/crti.o
 .ARM.attributes
                0x00000026       0x38 /opt/st/stm32cubeide_1.15.1/plugins/com.st.stm32cube.ide.mcu.externaltools.gnu-tools-for-stm32.12.3.rel1.linux64_1.0.100.202403111256/tools/bin/../lib/gcc/arm-none-eabi/12.3.1/thumb/v8-m.main+fp/hard/crtbegin.o
 .ARM.attributes
                0x0000005e       0x3a Core/Src/arcade_controller.o
 .ARM.attributes
                0x00000098       0x3a Core/Src/main.o
 .ARM.attributes
                0x000000d2       0x3a Core/Src/motor_pwm_interface.o
 .ARM.attributes
                0x0000010c       0x3a Core/Src/stm32l5xx_hal_msp.o
 .ARM.attributes
                0x00000146       0x3a Core/Src/stm32l5xx_it.o
 .ARM.attributes
                0x00000180       0x3a Core/Src/system_stm32l5xx.o
 .ARM.attributes
                0x000001ba       0x3a Core/Src/uart_joy_input.o
 .ARM.attributes
                0x000001f4       0x24 Core/Startup/startup_stm32l552zetxq.o
 .ARM.attributes
                0x00000218       0x3a Drivers/STM32L5xx_HAL_Driver/Src/stm32l5xx_hal.o
 .ARM.attributes
                0x00000252       0x3a Drivers/STM32L5xx_HAL_Driver/Src/stm32l5xx_hal_adc.o
 .ARM.attributes
                0x0000028c       0x3a Drivers/STM32L5xx_HAL_Driver/Src/stm32l5xx_hal_adc_ex.o
 .ARM.attributes
                0x000002c6       0x3a Drivers/STM32L5xx_HAL_Driver/Src/stm32l5xx_hal_cortex.o
 .ARM.attributes
                0x00000300       0x3a Drivers/STM32L5xx_HAL_Driver/Src/stm32l5xx_hal_dma.o
 .ARM.attributes
                0x0000033a       0x3a Drivers/STM32L5xx_HAL_Driver/Src/stm32l5xx_hal_gpio.o
 .ARM.attributes
                0x00000374       0x3a Drivers/STM32L5xx_HAL_Driver/Src/stm32l5xx_hal_icache.o
 .ARM.attributes
                0x000003ae       0x3a Drivers/STM32L5xx_HAL_Driver/Src/stm32l5xx_hal_pcd.o
 .ARM.attributes
                0x000003e8       0x3a Drivers/STM32L5xx_HAL_Driver/Src/stm32l5xx_hal_pcd_ex.o
 .ARM.attributes
                0x00000422       0x3a Drivers/STM32L5xx_HAL_Driver/Src/stm32l5xx_hal_pwr.o
 .ARM.attributes
                0x0000045c       0x3a Drivers/STM32L5xx_HAL_Driver/Src/stm32l5xx_hal_pwr_ex.o
 .ARM.attributes
                0x00000496       0x3a Drivers/STM32L5xx_HAL_Driver/Src/stm32l5xx_hal_rcc.o
 .ARM.attributes
                0x000004d0       0x3a Drivers/STM32L5xx_HAL_Driver/Src/stm32l5xx_hal_rcc_ex.o
 .ARM.attributes
                0x0000050a       0x3a Drivers/STM32L5xx_HAL_Driver/Src/stm32l5xx_hal_rtc.o
 .ARM.attributes
                0x00000544       0x3a Drivers/STM32L5xx_HAL_Driver/Src/stm32l5xx_hal_rtc_ex.o
 .ARM.attributes
                0x0000057e       0x3a Drivers/STM32L5xx_HAL_Driver/Src/stm32l5xx_hal_tim.o
 .ARM.attributes
                0x000005b8       0x3a Drivers/STM32L5xx_HAL_Driver/Src/stm32l5xx_hal_tim_ex.o
 .ARM.attributes
                0x000005f2       0x3a Drivers/STM32L5xx_HAL_Driver/Src/stm32l5xx_hal_uart.o
 .ARM.attributes
                0x0000062c       0x3a Drivers/STM32L5xx_HAL_Driver/Src/stm32l5xx_hal_uart_ex.o
 .ARM.attributes
                0x00000666       0x3a Drivers/STM32L5xx_HAL_Driver/Src/stm32l5xx_ll_gpio.o
 .ARM.attributes
                0x000006a0       0x3a Drivers/STM32L5xx_HAL_Driver/Src/stm32l5xx_ll_usb.o
 .ARM.attributes
                0x000006da       0x38 /opt/st/stm32cubeide_1.15.1/plugins/com.st.stm32cube.ide.mcu.externaltools.gnu-tools-for-stm32.12.3.rel1.linux64_1.0.100.202403111256/tools/bin/../lib/gcc/arm-none-eabi/12.3.1/../../../../arm-none-eabi/lib/thumb/v8-m.main+fp/hard/libc_nano.a(libc_a-memset.o)
 .ARM.attributes
                0x00000712       0x38 /opt/st/stm32cubeide_1.15.1/plugins/com.st.stm32cube.ide.mcu.externaltools.gnu-tools-for-stm32.12.3.rel1.linux64_1.0.100.202403111256/tools/bin/../lib/gcc/arm-none-eabi/12.3.1/../../../../arm-none-eabi/lib/thumb/v8-m.main+fp/hard/libc_nano.a(libc_a-init.o)
 .ARM.attributes
                0x0000074a       0x26 /opt/st/stm32cubeide_1.15.1/plugins/com.st.stm32cube.ide.mcu.externaltools.gnu-tools-for-stm32.12.3.rel1.linux64_1.0.100.202403111256/tools/bin/../lib/gcc/arm-none-eabi/12.3.1/thumb/v8-m.main+fp/hard/libgcc.a(_aeabi_uldivmod.o)
 .ARM.attributes
                0x00000770       0x38 /opt/st/stm32cubeide_1.15.1/plugins/com.st.stm32cube.ide.mcu.externaltools.gnu-tools-for-stm32.12.3.rel1.linux64_1.0.100.202403111256/tools/bin/../lib/gcc/arm-none-eabi/12.3.1/thumb/v8-m.main+fp/hard/libgcc.a(_udivmoddi4.o)
 .ARM.attributes
                0x000007a8       0x26 /opt/st/stm32cubeide_1.15.1/plugins/com.st.stm32cube.ide.mcu.externaltools.gnu-tools-for-stm32.12.3.rel1.linux64_1.0.100.202403111256/tools/bin/../lib/gcc/arm-none-eabi/12.3.1/thumb/v8-m.main+fp/hard/libgcc.a(_dvmd_tls.o)
 .ARM.attributes
                0x000007ce       0x26 /opt/st/stm32cubeide_1.15.1/plugins/com.st.stm32cube.ide.mcu.externaltools.gnu-tools-for-stm32.12.3.rel1.linux64_1.0.100.202403111256/tools/bin/../lib/gcc/arm-none-eabi/12.3.1/thumb/v8-m.main+fp/hard/crtn.o
OUTPUT(DrivetrainController.elf elf32-littlearm)
LOAD linker stubs
LOAD /opt/st/stm32cubeide_1.15.1/plugins/com.st.stm32cube.ide.mcu.externaltools.gnu-tools-for-stm32.12.3.rel1.linux64_1.0.100.202403111256/tools/bin/../lib/gcc/arm-none-eabi/12.3.1/../../../../arm-none-eabi/lib/thumb/v8-m.main+fp/hard/libc.a
LOAD /opt/st/stm32cubeide_1.15.1/plugins/com.st.stm32cube.ide.mcu.externaltools.gnu-tools-for-stm32.12.3.rel1.linux64_1.0.100.202403111256/tools/bin/../lib/gcc/arm-none-eabi/12.3.1/../../../../arm-none-eabi/lib/thumb/v8-m.main+fp/hard/libm.a
LOAD /opt/st/stm32cubeide_1.15.1/plugins/com.st.stm32cube.ide.mcu.externaltools.gnu-tools-for-stm32.12.3.rel1.linux64_1.0.100.202403111256/tools/bin/../lib/gcc/arm-none-eabi/12.3.1/thumb/v8-m.main+fp/hard/libgcc.a

.debug_info     0x00000000    0x22479
 .debug_info    0x00000000      0x140 Core/Src/arcade_controller.o
 .debug_info    0x00000140     0x28f2 Core/Src/main.o
 .debug_info    0x00002a32      0x981 Core/Src/motor_pwm_interface.o
 .debug_info    0x000033b3     0x24ba Core/Src/stm32l5xx_hal_msp.o
 .debug_info    0x0000586d      0xca5 Core/Src/stm32l5xx_it.o
 .debug_info    0x00006512      0x7e2 Core/Src/system_stm32l5xx.o
 .debug_info    0x00006cf4      0x9d3 Core/Src/uart_joy_input.o
 .debug_info    0x000076c7       0x30 Core/Startup/startup_stm32l552zetxq.o
 .debug_info    0x000076f7      0xcf3 Drivers/STM32L5xx_HAL_Driver/Src/stm32l5xx_hal.o
 .debug_info    0x000083ea     0x1f20 Drivers/STM32L5xx_HAL_Driver/Src/stm32l5xx_hal_adc.o
 .debug_info    0x0000a30a     0x1cbb Drivers/STM32L5xx_HAL_Driver/Src/stm32l5xx_hal_adc_ex.o
 .debug_info    0x0000bfc5     0x1106 Drivers/STM32L5xx_HAL_Driver/Src/stm32l5xx_hal_cortex.o
 .debug_info    0x0000d0cb      0x920 Drivers/STM32L5xx_HAL_Driver/Src/stm32l5xx_hal_dma.o
 .debug_info    0x0000d9eb      0x5d4 Drivers/STM32L5xx_HAL_Driver/Src/stm32l5xx_hal_gpio.o
 .debug_info    0x0000dfbf      0x4c1 Drivers/STM32L5xx_HAL_Driver/Src/stm32l5xx_hal_icache.o
 .debug_info    0x0000e480     0x161b Drivers/STM32L5xx_HAL_Driver/Src/stm32l5xx_hal_pcd.o
 .debug_info    0x0000fa9b      0x80a Drivers/STM32L5xx_HAL_Driver/Src/stm32l5xx_hal_pcd_ex.o
 .debug_info    0x000102a5      0xcd2 Drivers/STM32L5xx_HAL_Driver/Src/stm32l5xx_hal_pwr.o
 .debug_info    0x00010f77      0xd73 Drivers/STM32L5xx_HAL_Driver/Src/stm32l5xx_hal_pwr_ex.o
 .debug_info    0x00011cea      0xf75 Drivers/STM32L5xx_HAL_Driver/Src/stm32l5xx_hal_rcc.o
 .debug_info    0x00012c5f     0x1134 Drivers/STM32L5xx_HAL_Driver/Src/stm32l5xx_hal_rcc_ex.o
 .debug_info    0x00013d93      0xf0b Drivers/STM32L5xx_HAL_Driver/Src/stm32l5xx_hal_rtc.o
 .debug_info    0x00014c9e     0x19c9 Drivers/STM32L5xx_HAL_Driver/Src/stm32l5xx_hal_rtc_ex.o
 .debug_info    0x00016667     0x2bdb Drivers/STM32L5xx_HAL_Driver/Src/stm32l5xx_hal_tim.o
 .debug_info    0x00019242     0x18b5 Drivers/STM32L5xx_HAL_Driver/Src/stm32l5xx_hal_tim_ex.o
 .debug_info    0x0001aaf7     0x48fb Drivers/STM32L5xx_HAL_Driver/Src/stm32l5xx_hal_uart.o
 .debug_info    0x0001f3f2      0xffd Drivers/STM32L5xx_HAL_Driver/Src/stm32l5xx_hal_uart_ex.o
 .debug_info    0x000203ef      0xa1f Drivers/STM32L5xx_HAL_Driver/Src/stm32l5xx_ll_gpio.o
 .debug_info    0x00020e0e     0x166b Drivers/STM32L5xx_HAL_Driver/Src/stm32l5xx_ll_usb.o

.debug_abbrev   0x00000000     0x4293
 .debug_abbrev  0x00000000       0xb3 Core/Src/arcade_controller.o
 .debug_abbrev  0x000000b3      0x3a5 Core/Src/main.o
 .debug_abbrev  0x00000458      0x1ff Core/Src/motor_pwm_interface.o
 .debug_abbrev  0x00000657      0x2ca Core/Src/stm32l5xx_hal_msp.o
 .debug_abbrev  0x00000921      0x1ab Core/Src/stm32l5xx_it.o
 .debug_abbrev  0x00000acc      0x12b Core/Src/system_stm32l5xx.o
 .debug_abbrev  0x00000bf7      0x1c6 Core/Src/uart_joy_input.o
 .debug_abbrev  0x00000dbd       0x24 Core/Startup/startup_stm32l552zetxq.o
 .debug_abbrev  0x00000de1      0x2cd Drivers/STM32L5xx_HAL_Driver/Src/stm32l5xx_hal.o
 .debug_abbrev  0x000010ae      0x2cc Drivers/STM32L5xx_HAL_Driver/Src/stm32l5xx_hal_adc.o
 .debug_abbrev  0x0000137a      0x2ef Drivers/STM32L5xx_HAL_Driver/Src/stm32l5xx_hal_adc_ex.o
 .debug_abbrev  0x00001669      0x32c Drivers/STM32L5xx_HAL_Driver/Src/stm32l5xx_hal_cortex.o
 .debug_abbrev  0x00001995      0x1f4 Drivers/STM32L5xx_HAL_Driver/Src/stm32l5xx_hal_dma.o
 .debug_abbrev  0x00001b89      0x1c2 Drivers/STM32L5xx_HAL_Driver/Src/stm32l5xx_hal_gpio.o
 .debug_abbrev  0x00001d4b      0x228 Drivers/STM32L5xx_HAL_Driver/Src/stm32l5xx_hal_icache.o
 .debug_abbrev  0x00001f73      0x2b9 Drivers/STM32L5xx_HAL_Driver/Src/stm32l5xx_hal_pcd.o
 .debug_abbrev  0x0000222c      0x228 Drivers/STM32L5xx_HAL_Driver/Src/stm32l5xx_hal_pcd_ex.o
 .debug_abbrev  0x00002454      0x20a Drivers/STM32L5xx_HAL_Driver/Src/stm32l5xx_hal_pwr.o
 .debug_abbrev  0x0000265e      0x28c Drivers/STM32L5xx_HAL_Driver/Src/stm32l5xx_hal_pwr_ex.o
 .debug_abbrev  0x000028ea      0x2fd Drivers/STM32L5xx_HAL_Driver/Src/stm32l5xx_hal_rcc.o
 .debug_abbrev  0x00002be7      0x2c8 Drivers/STM32L5xx_HAL_Driver/Src/stm32l5xx_hal_rcc_ex.o
 .debug_abbrev  0x00002eaf      0x212 Drivers/STM32L5xx_HAL_Driver/Src/stm32l5xx_hal_rtc.o
 .debug_abbrev  0x000030c1      0x232 Drivers/STM32L5xx_HAL_Driver/Src/stm32l5xx_hal_rtc_ex.o
 .debug_abbrev  0x000032f3      0x277 Drivers/STM32L5xx_HAL_Driver/Src/stm32l5xx_hal_tim.o
 .debug_abbrev  0x0000356a      0x297 Drivers/STM32L5xx_HAL_Driver/Src/stm32l5xx_hal_tim_ex.o
 .debug_abbrev  0x00003801      0x325 Drivers/STM32L5xx_HAL_Driver/Src/stm32l5xx_hal_uart.o
 .debug_abbrev  0x00003b26      0x2d3 Drivers/STM32L5xx_HAL_Driver/Src/stm32l5xx_hal_uart_ex.o
 .debug_abbrev  0x00003df9      0x253 Drivers/STM32L5xx_HAL_Driver/Src/stm32l5xx_ll_gpio.o
 .debug_abbrev  0x0000404c      0x247 Drivers/STM32L5xx_HAL_Driver/Src/stm32l5xx_ll_usb.o

.debug_aranges  0x00000000     0x1cb8
 .debug_aranges
                0x00000000       0x20 Core/Src/arcade_controller.o
 .debug_aranges
                0x00000020       0x98 Core/Src/main.o
 .debug_aranges
                0x000000b8       0x50 Core/Src/motor_pwm_interface.o
 .debug_aranges
                0x00000108       0x78 Core/Src/stm32l5xx_hal_msp.o
 .debug_aranges
                0x00000180       0x80 Core/Src/stm32l5xx_it.o
 .debug_aranges
                0x00000200       0x28 Core/Src/system_stm32l5xx.o
 .debug_aranges
                0x00000228       0x28 Core/Src/uart_joy_input.o
 .debug_aranges
                0x00000250       0x28 Core/Startup/startup_stm32l552zetxq.o
 .debug_aranges
                0x00000278      0x130 Drivers/STM32L5xx_HAL_Driver/Src/stm32l5xx_hal.o
 .debug_aranges
                0x000003a8      0x228 Drivers/STM32L5xx_HAL_Driver/Src/stm32l5xx_hal_adc.o
 .debug_aranges
                0x000005d0      0x1b0 Drivers/STM32L5xx_HAL_Driver/Src/stm32l5xx_hal_adc_ex.o
 .debug_aranges
                0x00000780      0x140 Drivers/STM32L5xx_HAL_Driver/Src/stm32l5xx_hal_cortex.o
 .debug_aranges
                0x000008c0       0xa0 Drivers/STM32L5xx_HAL_Driver/Src/stm32l5xx_hal_dma.o
 .debug_aranges
                0x00000960       0x60 Drivers/STM32L5xx_HAL_Driver/Src/stm32l5xx_hal_gpio.o
 .debug_aranges
                0x000009c0       0xa8 Drivers/STM32L5xx_HAL_Driver/Src/stm32l5xx_hal_icache.o
 .debug_aranges
                0x00000a68      0x138 Drivers/STM32L5xx_HAL_Driver/Src/stm32l5xx_hal_pcd.o
 .debug_aranges
                0x00000ba0       0x58 Drivers/STM32L5xx_HAL_Driver/Src/stm32l5xx_hal_pcd_ex.o
 .debug_aranges
                0x00000bf8       0xa8 Drivers/STM32L5xx_HAL_Driver/Src/stm32l5xx_hal_pwr.o
 .debug_aranges
                0x00000ca0      0x1b8 Drivers/STM32L5xx_HAL_Driver/Src/stm32l5xx_hal_pwr_ex.o
 .debug_aranges
                0x00000e58       0xa8 Drivers/STM32L5xx_HAL_Driver/Src/stm32l5xx_hal_rcc.o
 .debug_aranges
                0x00000f00      0x118 Drivers/STM32L5xx_HAL_Driver/Src/stm32l5xx_hal_rcc_ex.o
 .debug_aranges
                0x00001018       0xe8 Drivers/STM32L5xx_HAL_Driver/Src/stm32l5xx_hal_rtc.o
 .debug_aranges
                0x00001100      0x220 Drivers/STM32L5xx_HAL_Driver/Src/stm32l5xx_hal_rtc_ex.o
 .debug_aranges
                0x00001320      0x3e0 Drivers/STM32L5xx_HAL_Driver/Src/stm32l5xx_hal_tim.o
 .debug_aranges
                0x00001700      0x190 Drivers/STM32L5xx_HAL_Driver/Src/stm32l5xx_hal_tim_ex.o
 .debug_aranges
                0x00001890      0x248 Drivers/STM32L5xx_HAL_Driver/Src/stm32l5xx_hal_uart.o
 .debug_aranges
                0x00001ad8       0xa8 Drivers/STM32L5xx_HAL_Driver/Src/stm32l5xx_hal_uart_ex.o
 .debug_aranges
                0x00001b80       0x70 Drivers/STM32L5xx_HAL_Driver/Src/stm32l5xx_ll_gpio.o
 .debug_aranges
                0x00001bf0       0xc8 Drivers/STM32L5xx_HAL_Driver/Src/stm32l5xx_ll_usb.o

.debug_rnglists
                0x00000000     0x1638
 .debug_rnglists
                0x00000000       0x13 Core/Src/arcade_controller.o
 .debug_rnglists
                0x00000013       0x75 Core/Src/main.o
 .debug_rnglists
                0x00000088       0x39 Core/Src/motor_pwm_interface.o
 .debug_rnglists
                0x000000c1       0x5a Core/Src/stm32l5xx_hal_msp.o
 .debug_rnglists
                0x0000011b       0x5b Core/Src/stm32l5xx_it.o
 .debug_rnglists
                0x00000176       0x1a Core/Src/system_stm32l5xx.o
 .debug_rnglists
                0x00000190       0x1a Core/Src/uart_joy_input.o
 .debug_rnglists
                0x000001aa       0x19 Core/Startup/startup_stm32l552zetxq.o
 .debug_rnglists
                0x000001c3       0xdf Drivers/STM32L5xx_HAL_Driver/Src/stm32l5xx_hal.o
 .debug_rnglists
                0x000002a2      0x1a8 Drivers/STM32L5xx_HAL_Driver/Src/stm32l5xx_hal_adc.o
 .debug_rnglists
                0x0000044a      0x14e Drivers/STM32L5xx_HAL_Driver/Src/stm32l5xx_hal_adc_ex.o
 .debug_rnglists
                0x00000598       0xeb Drivers/STM32L5xx_HAL_Driver/Src/stm32l5xx_hal_cortex.o
 .debug_rnglists
                0x00000683       0x7d Drivers/STM32L5xx_HAL_Driver/Src/stm32l5xx_hal_dma.o
 .debug_rnglists
                0x00000700       0x45 Drivers/STM32L5xx_HAL_Driver/Src/stm32l5xx_hal_gpio.o
 .debug_rnglists
                0x00000745       0x7a Drivers/STM32L5xx_HAL_Driver/Src/stm32l5xx_hal_icache.o
 .debug_rnglists
                0x000007bf       0xee Drivers/STM32L5xx_HAL_Driver/Src/stm32l5xx_hal_pcd.o
 .debug_rnglists
                0x000008ad       0x3f Drivers/STM32L5xx_HAL_Driver/Src/stm32l5xx_hal_pcd_ex.o
 .debug_rnglists
                0x000008ec       0x7a Drivers/STM32L5xx_HAL_Driver/Src/stm32l5xx_hal_pwr.o
 .debug_rnglists
                0x00000966      0x14e Drivers/STM32L5xx_HAL_Driver/Src/stm32l5xx_hal_pwr_ex.o
 .debug_rnglists
                0x00000ab4       0x80 Drivers/STM32L5xx_HAL_Driver/Src/stm32l5xx_hal_rcc.o
 .debug_rnglists
                0x00000b34       0xdd Drivers/STM32L5xx_HAL_Driver/Src/stm32l5xx_hal_rcc_ex.o
 .debug_rnglists
                0x00000c11       0xb3 Drivers/STM32L5xx_HAL_Driver/Src/stm32l5xx_hal_rtc.o
 .debug_rnglists
                0x00000cc4      0x1a2 Drivers/STM32L5xx_HAL_Driver/Src/stm32l5xx_hal_rtc_ex.o
 .debug_rnglists
                0x00000e66      0x328 Drivers/STM32L5xx_HAL_Driver/Src/stm32l5xx_hal_tim.o
 .debug_rnglists
                0x0000118e      0x147 Drivers/STM32L5xx_HAL_Driver/Src/stm32l5xx_hal_tim_ex.o
 .debug_rnglists
                0x000012d5      0x1fa Drivers/STM32L5xx_HAL_Driver/Src/stm32l5xx_hal_uart.o
 .debug_rnglists
                0x000014cf       0x7f Drivers/STM32L5xx_HAL_Driver/Src/stm32l5xx_hal_uart_ex.o
 .debug_rnglists
                0x0000154e       0x51 Drivers/STM32L5xx_HAL_Driver/Src/stm32l5xx_ll_gpio.o
 .debug_rnglists
                0x0000159f       0x99 Drivers/STM32L5xx_HAL_Driver/Src/stm32l5xx_ll_usb.o

.debug_macro    0x00000000    0x302c8
 .debug_macro   0x00000000      0x3cd Core/Src/arcade_controller.o
 .debug_macro   0x000003cd      0xac0 Core/Src/arcade_controller.o
 .debug_macro   0x00000e8d      0x1a8 Core/Src/arcade_controller.o
 .debug_macro   0x00001035       0x2e Core/Src/arcade_controller.o
 .debug_macro   0x00001063       0x42 Core/Src/arcade_controller.o
 .debug_macro   0x000010a5       0x22 Core/Src/arcade_controller.o
 .debug_macro   0x000010c7       0x8e Core/Src/arcade_controller.o
 .debug_macro   0x00001155       0x51 Core/Src/arcade_controller.o
 .debug_macro   0x000011a6      0x103 Core/Src/arcade_controller.o
 .debug_macro   0x000012a9       0x6a Core/Src/arcade_controller.o
 .debug_macro   0x00001313      0x1df Core/Src/arcade_controller.o
 .debug_macro   0x000014f2       0x1c Core/Src/arcade_controller.o
 .debug_macro   0x0000150e       0x29 Core/Src/arcade_controller.o
 .debug_macro   0x00001537       0xfb Core/Src/arcade_controller.o
 .debug_macro   0x00001632     0x1336 Core/Src/arcade_controller.o
 .debug_macro   0x00002968       0x5e Core/Src/arcade_controller.o
 .debug_macro   0x000029c6    0x1aca2 Core/Src/arcade_controller.o
 .debug_macro   0x0001d668       0x6c Core/Src/arcade_controller.o
 .debug_macro   0x0001d6d4     0x353c Core/Src/arcade_controller.o
 .debug_macro   0x00020c10      0x189 Core/Src/arcade_controller.o
 .debug_macro   0x00020d99       0x5d Core/Src/arcade_controller.o
 .debug_macro   0x00020df6     0x1987 Core/Src/arcade_controller.o
 .debug_macro   0x0002277d      0xa52 Core/Src/arcade_controller.o
 .debug_macro   0x000231cf      0x1cf Core/Src/arcade_controller.o
 .debug_macro   0x0002339e      0x1d8 Core/Src/arcade_controller.o
 .debug_macro   0x00023576      0x4e1 Core/Src/arcade_controller.o
 .debug_macro   0x00023a57      0x1ab Core/Src/arcade_controller.o
 .debug_macro   0x00023c02       0x4a Core/Src/arcade_controller.o
 .debug_macro   0x00023c4c      0x1b9 Core/Src/arcade_controller.o
 .debug_macro   0x00023e05      0xecd Core/Src/arcade_controller.o
 .debug_macro   0x00024cd2      0x608 Core/Src/arcade_controller.o
 .debug_macro   0x000252da      0x2e9 Core/Src/arcade_controller.o
 .debug_macro   0x000255c3      0x230 Core/Src/arcade_controller.o
 .debug_macro   0x000257f3      0x3bb Core/Src/arcade_controller.o
 .debug_macro   0x00025bae       0x36 Core/Src/arcade_controller.o
 .debug_macro   0x00025be4      0x11c Core/Src/arcade_controller.o
 .debug_macro   0x00025d00      0x22c Core/Src/arcade_controller.o
 .debug_macro   0x00025f2c       0x5b Core/Src/arcade_controller.o
 .debug_macro   0x00025f87       0xa5 Core/Src/arcade_controller.o
 .debug_macro   0x0002602c       0xc9 Core/Src/arcade_controller.o
 .debug_macro   0x000260f5       0x73 Core/Src/arcade_controller.o
 .debug_macro   0x00026168      0x22d Core/Src/arcade_controller.o
 .debug_macro   0x00026395      0x199 Core/Src/arcade_controller.o
 .debug_macro   0x0002652e      0x487 Core/Src/arcade_controller.o
 .debug_macro   0x000269b5      0x31a Core/Src/arcade_controller.o
 .debug_macro   0x00026ccf      0x748 Core/Src/arcade_controller.o
 .debug_macro   0x00027417       0xeb Core/Src/arcade_controller.o
 .debug_macro   0x00027502      0xabb Core/Src/arcade_controller.o
 .debug_macro   0x00027fbd      0x184 Core/Src/arcade_controller.o
 .debug_macro   0x00028141      0x693 Core/Src/arcade_controller.o
 .debug_macro   0x000287d4       0xa6 Core/Src/arcade_controller.o
 .debug_macro   0x0002887a      0x3f1 Core/Src/arcade_controller.o
 .debug_macro   0x00028c6b      0x2b6 Core/Src/arcade_controller.o
 .debug_macro   0x00028f21      0x1e2 Core/Src/arcade_controller.o
 .debug_macro   0x00029103      0x15a Core/Src/arcade_controller.o
 .debug_macro   0x0002925d      0xbd0 Core/Src/arcade_controller.o
 .debug_macro   0x00029e2d      0x398 Core/Src/arcade_controller.o
 .debug_macro   0x0002a1c5       0xae Core/Src/arcade_controller.o
 .debug_macro   0x0002a273      0x21d Core/Src/arcade_controller.o
 .debug_macro   0x0002a490      0x165 Core/Src/arcade_controller.o
 .debug_macro   0x0002a5f5      0x5bf Core/Src/arcade_controller.o
 .debug_macro   0x0002abb4      0x314 Core/Src/arcade_controller.o
 .debug_macro   0x0002aec8      0x215 Core/Src/arcade_controller.o
 .debug_macro   0x0002b0dd       0x16 Core/Src/arcade_controller.o
 .debug_macro   0x0002b0f3       0x10 Core/Src/arcade_controller.o
 .debug_macro   0x0002b103       0x10 Core/Src/arcade_controller.o
 .debug_macro   0x0002b113       0x2a Core/Src/arcade_controller.o
 .debug_macro   0x0002b13d       0x61 Core/Src/arcade_controller.o
 .debug_macro   0x0002b19e       0x43 Core/Src/arcade_controller.o
 .debug_macro   0x0002b1e1       0x34 Core/Src/arcade_controller.o
 .debug_macro   0x0002b215       0x16 Core/Src/arcade_controller.o
 .debug_macro   0x0002b22b       0x35 Core/Src/arcade_controller.o
 .debug_macro   0x0002b260       0x16 Core/Src/arcade_controller.o
 .debug_macro   0x0002b276       0x43 Core/Src/arcade_controller.o
 .debug_macro   0x0002b2b9       0x34 Core/Src/arcade_controller.o
 .debug_macro   0x0002b2ed       0x10 Core/Src/arcade_controller.o
 .debug_macro   0x0002b2fd       0x58 Core/Src/arcade_controller.o
 .debug_macro   0x0002b355       0x8e Core/Src/arcade_controller.o
 .debug_macro   0x0002b3e3       0x1c Core/Src/arcade_controller.o
 .debug_macro   0x0002b3ff      0x177 Core/Src/arcade_controller.o
 .debug_macro   0x0002b576      0x369 Core/Src/arcade_controller.o
 .debug_macro   0x0002b8df       0x16 Core/Src/arcade_controller.o
 .debug_macro   0x0002b8f5       0x29 Core/Src/arcade_controller.o
 .debug_macro   0x0002b91e       0x70 Core/Src/arcade_controller.o
 .debug_macro   0x0002b98e      0x3c3 Core/Src/main.o
 .debug_macro   0x0002bd51      0x3ce Core/Src/motor_pwm_interface.o
 .debug_macro   0x0002c11f      0x3c3 Core/Src/stm32l5xx_hal_msp.o
 .debug_macro   0x0002c4e2      0x3cd Core/Src/stm32l5xx_it.o
 .debug_macro   0x0002c8af      0x250 Core/Src/system_stm32l5xx.o
 .debug_macro   0x0002caff      0x3de Core/Src/uart_joy_input.o
 .debug_macro   0x0002cedd      0x280 Drivers/STM32L5xx_HAL_Driver/Src/stm32l5xx_hal.o
 .debug_macro   0x0002d15d      0x26d Drivers/STM32L5xx_HAL_Driver/Src/stm32l5xx_hal_adc.o
 .debug_macro   0x0002d3ca      0x25c Drivers/STM32L5xx_HAL_Driver/Src/stm32l5xx_hal_adc_ex.o
 .debug_macro   0x0002d626      0x250 Drivers/STM32L5xx_HAL_Driver/Src/stm32l5xx_hal_cortex.o
 .debug_macro   0x0002d876      0x250 Drivers/STM32L5xx_HAL_Driver/Src/stm32l5xx_hal_dma.o
 .debug_macro   0x0002dac6      0x256 Drivers/STM32L5xx_HAL_Driver/Src/stm32l5xx_hal_gpio.o
 .debug_macro   0x0002dd1c      0x282 Drivers/STM32L5xx_HAL_Driver/Src/stm32l5xx_hal_icache.o
 .debug_macro   0x0002df9e      0x25c Drivers/STM32L5xx_HAL_Driver/Src/stm32l5xx_hal_pcd.o
 .debug_macro   0x0002e1fa      0x250 Drivers/STM32L5xx_HAL_Driver/Src/stm32l5xx_hal_pcd_ex.o
 .debug_macro   0x0002e44a      0x268 Drivers/STM32L5xx_HAL_Driver/Src/stm32l5xx_hal_pwr.o
 .debug_macro   0x0002e6b2      0x280 Drivers/STM32L5xx_HAL_Driver/Src/stm32l5xx_hal_pwr_ex.o
 .debug_macro   0x0002e932      0x27a Drivers/STM32L5xx_HAL_Driver/Src/stm32l5xx_hal_rcc.o
 .debug_macro   0x0002ebac      0x2b6 Drivers/STM32L5xx_HAL_Driver/Src/stm32l5xx_hal_rcc_ex.o
 .debug_macro   0x0002ee62      0x251 Drivers/STM32L5xx_HAL_Driver/Src/stm32l5xx_hal_rtc.o
 .debug_macro   0x0002f0b3      0x256 Drivers/STM32L5xx_HAL_Driver/Src/stm32l5xx_hal_rtc_ex.o
 .debug_macro   0x0002f309      0x251 Drivers/STM32L5xx_HAL_Driver/Src/stm32l5xx_hal_tim.o
 .debug_macro   0x0002f55a      0x256 Drivers/STM32L5xx_HAL_Driver/Src/stm32l5xx_hal_tim_ex.o
 .debug_macro   0x0002f7b0      0x27b Drivers/STM32L5xx_HAL_Driver/Src/stm32l5xx_hal_uart.o
 .debug_macro   0x0002fa2b      0x25c Drivers/STM32L5xx_HAL_Driver/Src/stm32l5xx_hal_uart_ex.o
 .debug_macro   0x0002fc87      0x292 Drivers/STM32L5xx_HAL_Driver/Src/stm32l5xx_ll_gpio.o
 .debug_macro   0x0002ff19      0x15f Drivers/STM32L5xx_HAL_Driver/Src/stm32l5xx_ll_gpio.o
 .debug_macro   0x00030078      0x250 Drivers/STM32L5xx_HAL_Driver/Src/stm32l5xx_ll_usb.o

.debug_line     0x00000000    0x21abd
 .debug_line    0x00000000      0xa70 Core/Src/arcade_controller.o
 .debug_line    0x00000a70      0xeb9 Core/Src/main.o
 .debug_line    0x00001929      0xba4 Core/Src/motor_pwm_interface.o
 .debug_line    0x000024cd      0xce7 Core/Src/stm32l5xx_hal_msp.o
 .debug_line    0x000031b4      0xb7c Core/Src/stm32l5xx_it.o
 .debug_line    0x00003d30      0x854 Core/Src/system_stm32l5xx.o
 .debug_line    0x00004584      0xae2 Core/Src/uart_joy_input.o
 .debug_line    0x00005066       0x79 Core/Startup/startup_stm32l552zetxq.o
 .debug_line    0x000050df      0xbca Drivers/STM32L5xx_HAL_Driver/Src/stm32l5xx_hal.o
 .debug_line    0x00005ca9     0x1fba Drivers/STM32L5xx_HAL_Driver/Src/stm32l5xx_hal_adc.o
 .debug_line    0x00007c63     0x19fa Drivers/STM32L5xx_HAL_Driver/Src/stm32l5xx_hal_adc_ex.o
 .debug_line    0x0000965d      0xe16 Drivers/STM32L5xx_HAL_Driver/Src/stm32l5xx_hal_cortex.o
 .debug_line    0x0000a473     0x105d Drivers/STM32L5xx_HAL_Driver/Src/stm32l5xx_hal_dma.o
 .debug_line    0x0000b4d0      0xc27 Drivers/STM32L5xx_HAL_Driver/Src/stm32l5xx_hal_gpio.o
 .debug_line    0x0000c0f7      0xa9f Drivers/STM32L5xx_HAL_Driver/Src/stm32l5xx_hal_icache.o
 .debug_line    0x0000cb96     0x1418 Drivers/STM32L5xx_HAL_Driver/Src/stm32l5xx_hal_pcd.o
 .debug_line    0x0000dfae      0x953 Drivers/STM32L5xx_HAL_Driver/Src/stm32l5xx_hal_pcd_ex.o
 .debug_line    0x0000e901      0x9ed Drivers/STM32L5xx_HAL_Driver/Src/stm32l5xx_hal_pwr.o
 .debug_line    0x0000f2ee      0xf78 Drivers/STM32L5xx_HAL_Driver/Src/stm32l5xx_hal_pwr_ex.o
 .debug_line    0x00010266     0x1309 Drivers/STM32L5xx_HAL_Driver/Src/stm32l5xx_hal_rcc.o
 .debug_line    0x0001156f     0x1c58 Drivers/STM32L5xx_HAL_Driver/Src/stm32l5xx_hal_rcc_ex.o
 .debug_line    0x000131c7      0xf9a Drivers/STM32L5xx_HAL_Driver/Src/stm32l5xx_hal_rtc.o
 .debug_line    0x00014161     0x171c Drivers/STM32L5xx_HAL_Driver/Src/stm32l5xx_hal_rtc_ex.o
 .debug_line    0x0001587d     0x3ebb Drivers/STM32L5xx_HAL_Driver/Src/stm32l5xx_hal_tim.o
 .debug_line    0x00019738     0x1d9a Drivers/STM32L5xx_HAL_Driver/Src/stm32l5xx_hal_tim_ex.o
 .debug_line    0x0001b4d2     0x3c5c Drivers/STM32L5xx_HAL_Driver/Src/stm32l5xx_hal_uart.o
 .debug_line    0x0001f12e      0xe08 Drivers/STM32L5xx_HAL_Driver/Src/stm32l5xx_hal_uart_ex.o
 .debug_line    0x0001ff36      0xae4 Drivers/STM32L5xx_HAL_Driver/Src/stm32l5xx_ll_gpio.o
 .debug_line    0x00020a1a     0x10a3 Drivers/STM32L5xx_HAL_Driver/Src/stm32l5xx_ll_usb.o

.debug_str      0x00000000   0x135fe4
 .debug_str     0x00000000   0x12c220 Core/Src/arcade_controller.o
                             0x12df51 (size before relaxing)
 .debug_str     0x0012c220     0x1d34 Core/Src/main.o
                             0x12fe2c (size before relaxing)
 .debug_str     0x0012df54       0xfe Core/Src/motor_pwm_interface.o
                             0x12e667 (size before relaxing)
 .debug_str     0x0012e052      0x430 Core/Src/stm32l5xx_hal_msp.o
                             0x12faff (size before relaxing)
 .debug_str     0x0012e482      0x14d Core/Src/stm32l5xx_it.o
                             0x12e898 (size before relaxing)
 .debug_str     0x0012e5cf      0x17d Core/Src/system_stm32l5xx.o
                             0x11986e (size before relaxing)
 .debug_str     0x0012e74c      0x122 Core/Src/uart_joy_input.o
                             0x12e5c3 (size before relaxing)
 .debug_str     0x0012e86e       0x45 Core/Startup/startup_stm32l552zetxq.o
                                 0x82 (size before relaxing)
 .debug_str     0x0012e8b3      0x5af Drivers/STM32L5xx_HAL_Driver/Src/stm32l5xx_hal.o
                             0x11a3e5 (size before relaxing)
 .debug_str     0x0012ee62      0xa93 Drivers/STM32L5xx_HAL_Driver/Src/stm32l5xx_hal_adc.o
                             0x11a709 (size before relaxing)
 .debug_str     0x0012f8f5      0x665 Drivers/STM32L5xx_HAL_Driver/Src/stm32l5xx_hal_adc_ex.o
                             0x11a6c4 (size before relaxing)
 .debug_str     0x0012ff5a      0x3c5 Drivers/STM32L5xx_HAL_Driver/Src/stm32l5xx_hal_cortex.o
                             0x11a224 (size before relaxing)
 .debug_str     0x0013031f      0x2c6 Drivers/STM32L5xx_HAL_Driver/Src/stm32l5xx_hal_dma.o
                             0x119be0 (size before relaxing)
 .debug_str     0x001305e5      0x190 Drivers/STM32L5xx_HAL_Driver/Src/stm32l5xx_hal_gpio.o
                             0x1197f7 (size before relaxing)
 .debug_str     0x00130775      0x673 Drivers/STM32L5xx_HAL_Driver/Src/stm32l5xx_hal_icache.o
                             0x119c4a (size before relaxing)
 .debug_str     0x00130de8      0x55e Drivers/STM32L5xx_HAL_Driver/Src/stm32l5xx_hal_pcd.o
                             0x119ece (size before relaxing)
 .debug_str     0x00131346      0x186 Drivers/STM32L5xx_HAL_Driver/Src/stm32l5xx_hal_pcd_ex.o
                             0x119b0a (size before relaxing)
 .debug_str     0x001314cc      0x38b Drivers/STM32L5xx_HAL_Driver/Src/stm32l5xx_hal_pwr.o
                             0x119c7c (size before relaxing)
 .debug_str     0x00131857      0x618 Drivers/STM32L5xx_HAL_Driver/Src/stm32l5xx_hal_pwr_ex.o
                             0x119fd3 (size before relaxing)
 .debug_str     0x00131e6f      0x3e3 Drivers/STM32L5xx_HAL_Driver/Src/stm32l5xx_hal_rcc.o
                             0x119e88 (size before relaxing)
 .debug_str     0x00132252      0x799 Drivers/STM32L5xx_HAL_Driver/Src/stm32l5xx_hal_rcc_ex.o
                             0x11a3de (size before relaxing)
 .debug_str     0x001329eb      0x445 Drivers/STM32L5xx_HAL_Driver/Src/stm32l5xx_hal_rtc.o
                             0x119ca6 (size before relaxing)
 .debug_str     0x00132e30      0xae6 Drivers/STM32L5xx_HAL_Driver/Src/stm32l5xx_hal_rtc_ex.o
                             0x11a5fa (size before relaxing)
 .debug_str     0x00133916      0xdab Drivers/STM32L5xx_HAL_Driver/Src/stm32l5xx_hal_tim.o
                             0x11abcc (size before relaxing)
 .debug_str     0x001346c1      0x643 Drivers/STM32L5xx_HAL_Driver/Src/stm32l5xx_hal_tim_ex.o
                             0x11a565 (size before relaxing)
 .debug_str     0x00134d04      0x951 Drivers/STM32L5xx_HAL_Driver/Src/stm32l5xx_hal_uart.o
                             0x11a7ae (size before relaxing)
 .debug_str     0x00135655      0x264 Drivers/STM32L5xx_HAL_Driver/Src/stm32l5xx_hal_uart_ex.o
                             0x119f3c (size before relaxing)
 .debug_str     0x001358b9      0x658 Drivers/STM32L5xx_HAL_Driver/Src/stm32l5xx_ll_gpio.o
                             0x11b2d6 (size before relaxing)
 .debug_str     0x00135f11       0xd3 Drivers/STM32L5xx_HAL_Driver/Src/stm32l5xx_ll_usb.o
                             0x119a0b (size before relaxing)

.comment        0x00000000       0x43
 .comment       0x00000000       0x43 Core/Src/arcade_controller.o
                                 0x44 (size before relaxing)
 .comment       0x00000043       0x44 Core/Src/main.o
 .comment       0x00000043       0x44 Core/Src/motor_pwm_interface.o
 .comment       0x00000043       0x44 Core/Src/stm32l5xx_hal_msp.o
 .comment       0x00000043       0x44 Core/Src/stm32l5xx_it.o
 .comment       0x00000043       0x44 Core/Src/system_stm32l5xx.o
 .comment       0x00000043       0x44 Core/Src/uart_joy_input.o
 .comment       0x00000043       0x44 Drivers/STM32L5xx_HAL_Driver/Src/stm32l5xx_hal.o
 .comment       0x00000043       0x44 Drivers/STM32L5xx_HAL_Driver/Src/stm32l5xx_hal_adc.o
 .comment       0x00000043       0x44 Drivers/STM32L5xx_HAL_Driver/Src/stm32l5xx_hal_adc_ex.o
 .comment       0x00000043       0x44 Drivers/STM32L5xx_HAL_Driver/Src/stm32l5xx_hal_cortex.o
 .comment       0x00000043       0x44 Drivers/STM32L5xx_HAL_Driver/Src/stm32l5xx_hal_dma.o
 .comment       0x00000043       0x44 Drivers/STM32L5xx_HAL_Driver/Src/stm32l5xx_hal_gpio.o
 .comment       0x00000043       0x44 Drivers/STM32L5xx_HAL_Driver/Src/stm32l5xx_hal_icache.o
 .comment       0x00000043       0x44 Drivers/STM32L5xx_HAL_Driver/Src/stm32l5xx_hal_pcd.o
 .comment       0x00000043       0x44 Drivers/STM32L5xx_HAL_Driver/Src/stm32l5xx_hal_pcd_ex.o
 .comment       0x00000043       0x44 Drivers/STM32L5xx_HAL_Driver/Src/stm32l5xx_hal_pwr.o
 .comment       0x00000043       0x44 Drivers/STM32L5xx_HAL_Driver/Src/stm32l5xx_hal_pwr_ex.o
 .comment       0x00000043       0x44 Drivers/STM32L5xx_HAL_Driver/Src/stm32l5xx_hal_rcc.o
 .comment       0x00000043       0x44 Drivers/STM32L5xx_HAL_Driver/Src/stm32l5xx_hal_rcc_ex.o
 .comment       0x00000043       0x44 Drivers/STM32L5xx_HAL_Driver/Src/stm32l5xx_hal_rtc.o
 .comment       0x00000043       0x44 Drivers/STM32L5xx_HAL_Driver/Src/stm32l5xx_hal_rtc_ex.o
 .comment       0x00000043       0x44 Drivers/STM32L5xx_HAL_Driver/Src/stm32l5xx_hal_tim.o
 .comment       0x00000043       0x44 Drivers/STM32L5xx_HAL_Driver/Src/stm32l5xx_hal_tim_ex.o
 .comment       0x00000043       0x44 Drivers/STM32L5xx_HAL_Driver/Src/stm32l5xx_hal_uart.o
 .comment       0x00000043       0x44 Drivers/STM32L5xx_HAL_Driver/Src/stm32l5xx_hal_uart_ex.o
 .comment       0x00000043       0x44 Drivers/STM32L5xx_HAL_Driver/Src/stm32l5xx_ll_gpio.o
 .comment       0x00000043       0x44 Drivers/STM32L5xx_HAL_Driver/Src/stm32l5xx_ll_usb.o

.debug_frame    0x00000000     0x7b84
 .debug_frame   0x00000000       0x34 Core/Src/arcade_controller.o
 .debug_frame   0x00000034      0x224 Core/Src/main.o
 .debug_frame   0x00000258      0x104 Core/Src/motor_pwm_interface.o
 .debug_frame   0x0000035c      0x1d4 Core/Src/stm32l5xx_hal_msp.o
 .debug_frame   0x00000530      0x174 Core/Src/stm32l5xx_it.o
 .debug_frame   0x000006a4       0x58 Core/Src/system_stm32l5xx.o
 .debug_frame   0x000006fc       0x50 Core/Src/uart_joy_input.o
 .debug_frame   0x0000074c      0x4a4 Drivers/STM32L5xx_HAL_Driver/Src/stm32l5xx_hal.o
 .debug_frame   0x00000bf0      0xa2c Drivers/STM32L5xx_HAL_Driver/Src/stm32l5xx_hal_adc.o
 .debug_frame   0x0000161c      0x7cc Drivers/STM32L5xx_HAL_Driver/Src/stm32l5xx_hal_adc_ex.o
 .debug_frame   0x00001de8      0x558 Drivers/STM32L5xx_HAL_Driver/Src/stm32l5xx_hal_cortex.o
 .debug_frame   0x00002340      0x29c Drivers/STM32L5xx_HAL_Driver/Src/stm32l5xx_hal_dma.o
 .debug_frame   0x000025dc      0x174 Drivers/STM32L5xx_HAL_Driver/Src/stm32l5xx_hal_gpio.o
 .debug_frame   0x00002750      0x298 Drivers/STM32L5xx_HAL_Driver/Src/stm32l5xx_hal_icache.o
 .debug_frame   0x000029e8      0x56c Drivers/STM32L5xx_HAL_Driver/Src/stm32l5xx_hal_pcd.o
 .debug_frame   0x00002f54      0x14c Drivers/STM32L5xx_HAL_Driver/Src/stm32l5xx_hal_pcd_ex.o
 .debug_frame   0x000030a0      0x280 Drivers/STM32L5xx_HAL_Driver/Src/stm32l5xx_hal_pwr.o
 .debug_frame   0x00003320      0x6fc Drivers/STM32L5xx_HAL_Driver/Src/stm32l5xx_hal_pwr_ex.o
 .debug_frame   0x00003a1c      0x298 Drivers/STM32L5xx_HAL_Driver/Src/stm32l5xx_hal_rcc.o
 .debug_frame   0x00003cb4      0x48c Drivers/STM32L5xx_HAL_Driver/Src/stm32l5xx_hal_rcc_ex.o
 .debug_frame   0x00004140      0x3f8 Drivers/STM32L5xx_HAL_Driver/Src/stm32l5xx_hal_rtc.o
 .debug_frame   0x00004538      0x9f0 Drivers/STM32L5xx_HAL_Driver/Src/stm32l5xx_hal_rtc_ex.o
 .debug_frame   0x00004f28     0x121c Drivers/STM32L5xx_HAL_Driver/Src/stm32l5xx_hal_tim.o
 .debug_frame   0x00006144      0x6fc Drivers/STM32L5xx_HAL_Driver/Src/stm32l5xx_hal_tim_ex.o
 .debug_frame   0x00006840      0xa94 Drivers/STM32L5xx_HAL_Driver/Src/stm32l5xx_hal_uart.o
 .debug_frame   0x000072d4      0x2c0 Drivers/STM32L5xx_HAL_Driver/Src/stm32l5xx_hal_uart_ex.o
 .debug_frame   0x00007594      0x1c0 Drivers/STM32L5xx_HAL_Driver/Src/stm32l5xx_ll_gpio.o
 .debug_frame   0x00007754      0x380 Drivers/STM32L5xx_HAL_Driver/Src/stm32l5xx_ll_usb.o
 .debug_frame   0x00007ad4       0x20 /opt/st/stm32cubeide_1.15.1/plugins/com.st.stm32cube.ide.mcu.externaltools.gnu-tools-for-stm32.12.3.rel1.linux64_1.0.100.202403111256/tools/bin/../lib/gcc/arm-none-eabi/12.3.1/../../../../arm-none-eabi/lib/thumb/v8-m.main+fp/hard/libc_nano.a(libc_a-memset.o)
 .debug_frame   0x00007af4       0x2c /opt/st/stm32cubeide_1.15.1/plugins/com.st.stm32cube.ide.mcu.externaltools.gnu-tools-for-stm32.12.3.rel1.linux64_1.0.100.202403111256/tools/bin/../lib/gcc/arm-none-eabi/12.3.1/../../../../arm-none-eabi/lib/thumb/v8-m.main+fp/hard/libc_nano.a(libc_a-init.o)
 .debug_frame   0x00007b20       0x2c /opt/st/stm32cubeide_1.15.1/plugins/com.st.stm32cube.ide.mcu.externaltools.gnu-tools-for-stm32.12.3.rel1.linux64_1.0.100.202403111256/tools/bin/../lib/gcc/arm-none-eabi/12.3.1/thumb/v8-m.main+fp/hard/libgcc.a(_aeabi_uldivmod.o)
 .debug_frame   0x00007b4c       0x38 /opt/st/stm32cubeide_1.15.1/plugins/com.st.stm32cube.ide.mcu.externaltools.gnu-tools-for-stm32.12.3.rel1.linux64_1.0.100.202403111256/tools/bin/../lib/gcc/arm-none-eabi/12.3.1/thumb/v8-m.main+fp/hard/libgcc.a(_udivmoddi4.o)

.debug_line_str
                0x00000000       0x66
 .debug_line_str
                0x00000000       0x66 Core/Startup/startup_stm32l552zetxq.o
